08-29 11:28:27.379 I/CWMP (swtr069/src/cwmp_http.c:1549)( 2411): ***
08-29 11:28:27.379 I/CWMP (swtr069/src/cwmp_http.c:1549)( 2411): 
08-29 11:28:27.384 D/a       ( 3056): onReceive:-1: action==android.net.wifi.CONFIGURED_NETWORKS_CHANGE
08-29 11:28:27.387 I/CWMP (swtr069/src/cwmp_http.c:1484)( 2411): cwmp_http_recv 1484 401=[Receive]:
08-29 11:28:27.387 I/CWMP (swtr069/src/cwmp_http.c:1484)( 2411): ***
08-29 11:28:27.387 D/Tms     ( 2411): getParameterFormNative:-1: tms:get pname = acs_username
08-29 11:28:27.388 D/k       ( 2411): b:-1: tms:get acs_username
08-29 11:28:27.391 D/com.huawei.launcher.StatusReciver(30296): sendMsgToStatusbar(): actionn==handleEthStatus
08-29 11:28:27.394 W/Settings( 3001): Setting airplane_mode_on has moved from android.provider.Settings.System to android.provider.Settings.Global, returning read-only value.
08-29 11:28:27.399 D/SWStatusbar( 2503): updateNotification:539: ... updateNotification ...
08-29 11:28:27.399 D/WifiStateMachine( 1984): swsunniwell getstate: DISCONNECTED state: DISCONNECTED
=0x0 kind=[null])
08-29 11:28:27.399 D/SWNetworkBroadcastReceiver( 3056): onReceive:-1: intent='android.net.wifi.WIFI_STATE_CHANGED'
08-29 11:28:27.406 I/k       ( 2411): b:-1: tms:get name=acs_username
08-29 11:28:27.407 I/Tms     ( 2411): getParameterFormNative:-1: tms:get acs_username
08-29 11:28:27.407 D/Tms     ( 2411): getParameterFormNative:-1: tms:get pname = acs_password
08-29 11:28:27.407 D/k       ( 2411): b:-1: tms:get acs_password
08-29 11:28:27.411 D/dalvikvm(30395): GC_CONCURRENT freed 1322K, 23% free 4624K/5980K, paused 6ms+8ms, total 86ms
08-29 11:28:27.411 D/dalvikvm(30395): WAIT_FOR_CONCURRENT_GC blocked 52ms
08-29 11:28:27.411 D/dalvikvm(30395): WAIT_FOR_CONCURRENT_GC blocked 44ms
08-29 11:28:27.[ 5993.795609] inputblock: enable block
411 D/WifiP2pService( 1984): P2pDisabledState{ when=0 what=131203 target=com.android.internal.util.StateMachine$SmHandler }
08-29 11:28:27.413 D/dalvikvm(30395): WAIT_FOR_CONCURRENT_GC blocked 52ms
08-29 11:28:27.413 D/dalvikvm(30395): WAIT_FOR_CONCURRENT_GC blocked 54ms
08-29 11:28:27.414 D/dalvikvm(30395): WAIT_FOR_CONCURRENT_GC blocked 54ms
08-29 11:28:27.416 D/dalvikvm(30395): WAIT_FOR_CONCURRENT_GC blocked 55ms
08-29 11:28:27.416 D/dalvikvm(30395): WAIT_FOR_CONCURRENT_GC blocked 55ms
08-29 11:28:27.417 D/DHCP    ( 1448): ifc_init_returning 0
08-29 11:28:27.417 D/DHCP    ( 1448): ifc_close
08-29 11:28:27.418 D/dalvikvm(30395): WAIT_FOR_CONCURRENT_GC blocked 53ms
08-29 11:28:27.424 D/CommandListener( 1448): Setting iface cfg
08-29 11:28:27.424 D/DHCP    ( 1448): ifc_init_returning 0
08-29 11:28:27.424 D/DHCP    ( 1448): ifc_set_addr(p2p0, xx) = 0
08-29 11:28:27.424 D/CommandListener( 1448): Trying to bring up p2p0
08-29 11:28:27.424 D/DHCP    ( 1448): ifc_up(p2p0) = 0
08-29 11:28:27.424 D/DHCP    ( 1448): ifc_close
08-29 11:28:27.436 D/WifiMonitor( 1984): startMonitoring(p2p0) with mConnected = true
08-29 11:28:27.436 D/WifiP2pService( 1984): P2pEnablingState
08-29 11:28:27.436 D/WifiP2pService( 1984): P2pEnablingState{ when=0 what=147457 target=com.android.internal.util.StateMachine$SmHandler }
08-29 11:28:27.436 D/WifiP2pService( 1984): P2p socket connection successful
08-29 11:28:27.436 D/WifiP2pService( 1984): P2pEnabledState
08-29 11:28:27.437 D/WifiP2pService( 1984): sending p2p connection changed broadcast
08-29 11:28:27.438 D/HiRMService( 2399): mNetReceiver onReceive --android.net.wifi.p2p.CONNECTION_STATE_CHANGE
08-29 11:28:27.467 E/WifiStateMachine( 1984): Unexpected BatchedScanResults :OK
08-29 11:28:27.477 D/com.huawei.launcher.StatusReciver(30296): onReceive(): action = android.net.wifi.WIFI_STATE_CHANGED
08-29 11:28:27.477 D/com.huawei.launcher.StatusReciver(30296): handleStatus(): action==android.net.wifi.WIFI_STATE_CHANGED
08-29 11:28:27.484 D/com.huawei.launcher.StatusReciver(30296): sendMsgToStatusbar(): actionn==handleEthStatus
08-29 11:28:27.490 D/SWStatusbar( 2503): updateNotification:539: ... updateNotification ...
=0x0 kind=[null])
08-29 11:28:27.494 D/SWNetworkBroadcastReceiver( 3056): onReceive:-1: intent='android.net.wifi.WIFI_STATE_CHANGED'
08-29 11:28:27.500 D/WifiP2pService( 1984): DeviceAddress: 02:11:6f:d3:17:33
08-29 11:28:27.506 I/wpa_supplicant(30670): net.wifiKey.encrypt true 
08-29 11:28:27.506 I/wpa_supplicant(30670): net.wifiKey.encrypt true 
08-29 11:28:27.506 I/wpa_supplicant(30670): sw_encrypt write_psk
08-29 11:28:27.508 D/WifiP2pService( 1984): sending p2p persistent groups changed broadcast
08-29 11:28:27.508 D/WifiP2pService( 1984): InactiveState
08-29 11:28:27.508 D/WifiP2pService( 1984): InactiveState{ when=-39ms what=131204 target=com.android.internal.util.StateMachine$SmHandler }
08-29 11:28:27.508 D/WifiP2pService( 1984): P2pEnabledState{ when=-39ms what=131204 target=com.android.internal.util.StateMachine$SmHandler }
08-29 11:28:27.509 D/WifiP2pService( 1984): P2pDisablingState
08-29 11:28:27.510 D/WifiP2pService( 1984): P2pDisablingState{ when=-1ms what=147458 target=com.android.internal.util.StateMachine$SmHandler }
08-29 11:28:27.510 D/WifiP2pService( 1984): p2p socket connection lost
08-29 11:28:27.510 D/WifiP2pService( 1984): P2pDisabledState
08-29 11:28:27.511 D/CommandListener( 1448): Clearing all IP addresses on wlan0
08-29 11:28:27.511 D/DHCP    ( 1448): ifc_init_returning 0
08-29 11:28:27.511 D/DHCP    ( 1448): ifc_close
08-29 11:28:27.515 D/WifiStateMachine( 1984): swsunniwell getstate: DISCONNECTED state: DISCONNECTED
08-29 11:28:27.517 D/WifiStateTracker( 1984): Do not change WIFI_P2P info!!!
08-29 11:28:27.521 I/WifiReceiver(30296): wifi action === android.net.wifi.STATE_CHANGE
08-29 11:28:27.522 D/HiRMService( 2399): mNetReceiver onReceive --android.net.wifi.STATE_CHANGE
08-29 11:28:27.523 D/a       ( 3056): onReceive:-1: action==android.net.wifi.STATE_CHANGE
08-29 11:28:27.523 D/a       (30431): onReceive:-1: upgradech:ui: onreceive: action: android.net.wifi.STATE_CHANGE
08-29 11:28:27.523 D/SWStatusbar( 2503): handleWifiStatus:201: WifiStatus is DISCONNECTED.
08-29 11:28:27.524 D/a       (30431): onReceive:-1: upgradech:ui: onreceive getStringExtra: action: android.net.wifi.STATE_CHANGE
08-29 11:28:27.524 E/a       ( 3056): registerWifiScanResult:-1: registerWifiScanResult failed, case onEvent is null
08-29 11:28:27.524 D/a       ( 3056): onReceive:-1: NETWORK_STATE_CHANGED_ACTION
08-29 11:28:27.525 W/System.err( 2373): java.net.SocketTimeoutException
08-29 11:28:27.525 W/System.err( 2373): 	at libcore.io.IoBridge.maybeThrowAfterRecvfrom(IoBridge.java:551)
08-29 11:28:27.526 W/System.err( 2373): 	at libcore.io.IoBridge.recvfrom(IoBridge.java:509)
08-29 11:28:27.526 W/System.err( 2373): 	at java.net.PlainDatagramSocketImpl.doRecv(PlainDatagramSocketImpl.java:161)
08-29 11:28:27.526 W/System.err( 2373): 	at java.net.PlainDatagramSocketImpl.receive(PlainDatagramSocketImpl.java:169)
08-29 11:28:27.526 W/System.err( 2373): 	at java.net.DatagramSocket.receive(DatagramSocket.java:250)
08-29 11:28:27.526 W/System.err( 2373): 	at net.sunniwell.base.ntp.util.NtpUtils.getDateTime(NtpUtils.java:39)
08-29 11:28:27.526 W/System.err( 2373): 	at net.sunniwell.base.ntp.system.MasterSlaveNtpTaskImpl.doSyncTime(MasterSlaveNtpTaskImpl.java:29)
08-29 11:28:27.526 W/System.err( 2373): 	at net.sunniwell.base.ntp.system.NtpTask.run(NtpTask.java:80)
08-29 11:28:27.526 W/System.err( 2373): 	at java.util.concurrent.ThreadPoolExecutor.runWorker(ThreadPoolExecutor.java:1112)
08-29 11:28:27.527 W/System.err( 2373): 	at java.util.concurrent.ThreadPoolExecutor$Worker.run(ThreadPoolExecutor.java:587)
08-29 11:28:27.527 W/System.err( 2373): 	at java.lang.Thread.run(Thread.java:841)
08-29 11:28:27.527 W/System.err( 2373): Caused by: libcore.io.ErrnoException: recvfrom failed: EAGAIN (Try again)
08-29 11:28:27.527 W/System.err( 2373): 	at libcore.io.Posix.recvfromBytes(Native Method)
08-29 11:28:27.527 W/System.err( 2373): 	at libcore.io.Posix.recvfrom(Posix.java:141)
08-29 11:28:27.527 W/System.err( 2373): 	at libcore.io.BlockGuardOs.recvfrom(BlockGuardOs.java:164)
08-29 11:28:27.527 W/System.err( 2373): 	at libcore.io.IoBridge.recvfrom(IoBridge.java:506)
08-29 11:28:27.528 W/System.err( 2373): 	... 9 more
08-29 11:28:27.529 D/a       (30431): onReceive:-1: upgradech:ui:param is empty
08-29 11:28:27.529 D/a       (30431): onReceive:-1: upgradech: action: wifi changed 
08-29 11:28:27.530 D/a       (30431): onReceive:-1: upgradech:wifi state=DISCONNECTED
08-29 11:28:27.531 D/MasterSlaveNtpTaskImpl( 2373): doSuccess:38: ntp:doSuccess 1503977313000
08-29 11:28:27.531 D/NtpEngine( 2373): onSuccess:126: ntp:onSuccess 1503977313000
08-29 11:28:27.532 D/NtpListenerImpl( 2373): onSuccess:41: ntp:time=Tue Aug 29 11:28:33 GMT+08:00 2017
08-29 11:28:27.532 D/        ( 2373): Setting time of day to sec=1503977313
08-29 11:28:33.000 D/NtpListenerImpl( 2373): onSuccess:43: ntp:setCurrentTimeMillis=true
08-29 11:28:33.000 D/SWNtpNativeReceiver( 2373): onReceive:22: ntp: action=android.net.wifi.STATE_CHANGE
08-29 11:28:33.001 D/SWNtpNativeReceiver( 2373): onReceive:73: upgrade:wifi state=DISCONNECTED
08-29 11:28:33.002 D/HiRMService( 2399): mNetReceiver onReceive --android.net.wifi.WIFI_STATE_CHANGED
08-29 11:28:33.004 D/a       ( 3056): onReceive:-1: action==android.net.wifi.WIFI_STATE_CHANGED
st:370 net.sunniwell.base.ntp.NtpListenerImpl.sendBroadCast:113 net.sunniwell.base.ntp.NtpListenerImpl.onSuccess:45 net.sunniwell.base.ntp.NtpEngine.onSuccess:128 
08-29 11:28:33.007 D/SWNativeReciver( 2411): onReceive:-1: tms: action=android.net.wifi.STATE_CHANGE
08-29 11:28:33.008 D/NtpListenerImpl( 2373): showInfo:117: ntp:notification Successfully synced time from NTP server.
08-29 11:28:33.009 D/SWNativeReciver( 2411): onReceive:-1: upgrade:wifi state=DISCONNECTED
08-29 11:28:33.009 I/WifiReceiver(30296): wifi action === android.net.wifi.WIFI_STATE_CHANGED
08-29 11:28:33.015 D/LAUNCHER(30296): msg.what  = 102  msg.arg1 = 0
08-29 11:28:33.015 I/HOME    (30296): wifiLevel ==  0
08-29 11:28:33.015 D/MasterSlaveNtpTaskImpl( 2373): run:89: ntp:sleep 7200000
08-29 11:28:33.028 I/wpa_supplicant(30670): p2p0: CTRL-EVENT-TERMINATING 
08-29 11:28:33.028 D/EthernetDataTracker( 1984): Interface p2p0 link up
08-29 11:28:33.028 D/G3StateTracker( 1984): 3g interfaceLinkStateChanged p2p0 link up
08-29 11:28:33.029 D/EthernetDataTracker( 1984): Interface p2p0 link down
08-29 11:28:33.029 D/G3StateTracker( 1984): 3g interfaceLinkStateChanged p2p0 link down
08-29 11:28:33.029 I/HoloClock(30296): BroadcastReceiver:onRecevie!!
08-29 11:28:33.034 D/com.huawei.launcher.StatusReciver(30296): onReceive(): action = android.net.wifi.WIFI_STATE_CHANGED
08-29 11:28:33.035 D/com.huawei.launcher.StatusReciver(30296): handleStatus(): action==android.net.wifi.WIFI_STATE_CHANGED
08-29 11:28:33.035 D/dalvikvm(30395): GC_FOR_ALLOC freed 956K, 24% free 4584K/6024K, paused 68ms, total 68ms
08-29 11:28:33.054 I/generic (30395): File /mnt/sdb/sdb1/yinye/background1.wav being read
08-29 11:28:33.057 D/EthernetDataTracker( 1984): Interface wlan0 link up
08-29 11:28:33.057 D/G3StateTracker( 1984): 3g interfaceLinkStateChanged wlan0 link up
08-29 11:28:33.081 D/LAUNCHER(30296): msg.what  = 101  msg.arg1 = 100
08-29 11:28:33.082 D/SWNetworkBroadcastReceiver( 3056): onReceive:-1: intent='android.net.wifi.WIFI_STATE_CHANGED'
08-29 11:28:33.093 I/ActivityManager( 1984): Waited long enough for: ServiceRecord{2ceef330 u0 com.google.android.gsf/.checkin.CheckinService}
08-29 11:28:33.094 D/SWStatusbar( 2503): addNotification:496: ... addNotification ...
08-29 11:28:33.095 D/SWStatusbar( 2503): addNotification:503: notification text = Successfully synced time from NTP server.
=0x0 kind=[null])
08-29 11:28:33.147 D/dalvikvm( 2411): GC_CONCURRENT freed 1431K, 34% free 3070K/4600K, paused 10ms+2ms, total 151ms
08-29 11:28:33.159 E/TelephonyManager( 2645): cts.appProcess.processName:com.google.process.gapps
08-29 11:28:33.209 D/dalvikvm( 2645): GC_CONCURRENT freed 860K, 27% free 3501K/4796K, paused 19ms+15ms, total 76ms
08-29 11:28:33.313 I/k       ( 2411): b:-1: tms:get name=acs_password
08-29 11:28:33.313 I/Tms     ( 2411): getParameterFormNative:-1: tms:get acs_password
08-29 11:28:33.314 D/Tms     ( 2411): getParameterFormNative:-1: tms:get pname = isEncryptMark
08-29 11:28:33.314 D/k       ( 2411): b:-1: tms:get isEncryptMark
08-29 11:28:33.330 I/k       ( 2411): b:-1: tms:get name=isEncryptMark
08-29 11:28:33.330 I/Tms     ( 2411): getParameterFormNative:-1: tms:get isEncryptMark
08-29 11:28:33.330 D/Tms     ( 2411): getParameterFormNative:-1: tms:get pname = isEncryptMark
08-29 11:28:33.330 D/k       ( 2411): b:-1: tms:get isEncryptMark
08-29 11:28:33.335 I/k       ( 2411): b:-1: tms:get name=isEncryptMark
08-29 11:28:33.335 I/Tms     ( 2411): getParameterFormNative:-1: tms:get isEncryptMark
08-29 11:28:33.335 D/Tms     ( 2411): getParameterFormNative:-1: tms:get pname = isEncryptMark
08-29 11:28:33.335 D/k       ( 2411): b:-1: tms:get isEncryptMark
08-29 11:28:33.344 I/k       ( 2411): b:-1: tms:get name=isEncryptMark
08-29 11:28:33.344 I/Tms     ( 2411): getParameterFormNative:-1: tms:get isEncryptMark
08-29 11:28:33.344 D/Tms     ( 2411): getParameterFormNative:-1: tms:get pname = isEncryptMark
08-29 11:28:33.344 D/k       ( 2411): b:-1: tms:get isEncryptMark
08-29 11:28:33.351 I/k       ( 2411): b:-1: tms:get name=isEncryptMark
08-29 11:28:33.351 I/Tms     ( 2411): getParameterFormNative:-1: tms:get isEncryptMark
08-29 11:28:33.351 D/Tms     ( 2411): getParameterFormNative:-1: tms:get pname = acs_password
08-29 11:28:33.351 D/k       ( 2411): b:-1: tms:get acs_password
08-29 11:28:33.361 D/dalvikvm(30395): GC_CONCURRENT freed 1275K, 23% free 4667K/6024K, paused 5ms+10ms, total 98ms
08-29 11:28:33.361 D/dalvikvm(30395): WAIT_FOR_CONCURRENT_GC blocked 50ms
08-29 11:28:33.361 D/dalvikvm(30395): WAIT_FOR_CONCURRENT_GC blocked 49ms
08-29 11:28:33.361 D/dalvikvm(30395): WAIT_FOR_CONCURRENT_GC blocked 42ms
08-29 11:28:33.361 D/dalvikvm(30395): WAIT_FOR_CONCURRENT_GC blocked 33ms
08-29 11:28:33.361 D/dalvikvm(30395): WAIT_FOR_CONCURRENT_GC blocked 47ms
08-29 11:28:33.361 D/dalvikvm(30395): WAIT_FOR_CONCURRENT_GC blocked 53ms
08-29 11:28:33.368 D/dalvikvm(30395): WAIT_FOR_CONCURRENT_GC blocked 26ms
08-29 11:28:33.368 D/dalvikvm(30395): WAIT_FOR_CONCURRENT_GC blocked 47ms
08-29 11:28:33.369 D/dalvikvm(30395): WAIT_FOR_CONCURRENT_GC blocked 60ms
08-29 11:28:33.370 D/dalvikvm(30395): WAIT_FOR_CONCURRENT_GC blocked 49ms
08-29 11:28:33.370 D/dalvikvm(30395): WAIT_FOR_CONCURRENT_GC blocked 38ms
08-29 11:28:33.370 D/dalvikvm(30395): WAIT_FOR_CONCURRENT_GC blocked 50ms
08-29 11:28:33.373 D/dalvikvm(30395): WAIT_FOR_CONCURRENT_GC blocked 43ms
08-29 11:28:33.373 D/dalvikvm(30395): WAIT_FOR_CONCURRENT_GC blocked 43ms
08-29 11:28:33.378 D/dalvikvm(30395): WAIT_FOR_CONCURRENT_GC blocked 67ms
08-29 11:28:33.379 D/dalvikvm(30395): WAIT_FOR_CONCURRENT_GC blocked 68ms
08-29 11:28:33.379 D/dalvikvm(30395): WAIT_FOR_CONCURRENT_GC blocked 59ms
08-29 11:28:33.420 D/dalvikvm(30395): WAIT_FOR_CONCURRENT_GC blocked 90ms
08-29 11:28:33.558 D/dalvikvm(30395): GC_CONCURRENT freed 1399K, 24% free 4646K/6080K, paused 8ms+7ms, total 64ms
08-29 11:28:33.558 D/dalvikvm(30395): WAIT_FOR_CONCURRENT_GC blocked 45ms
08-29 11:28:33.558 D/dalvikvm(30395): WAIT_FOR_CONCURRENT_GC blocked 43ms
08-29 11:28:33.558 D/dalvikvm(30395): WAIT_FOR_CONCURRENT_GC blocked 40ms
08-29 11:28:33.558 D/dalvikvm(30395): WAIT_FOR_CONCURRENT_GC blocked 40ms
08-29 11:28:33.558 D/dalvikvm(30395): WAIT_FOR_CONCURRENT_GC blocked 41ms
08-29 11:28:33.566 D/dalvikvm(30395): WAIT_FOR_CONCURRENT_GC blocked 37ms
08-29 11:28:33.566 D/dalvikvm(30395): WAIT_FOR_CONCURRENT_GC blocked 52ms
08-29 11:28:33.566 D/dalvikvm(30395): WAIT_FOR_CONCURRENT_GC blocked 52ms
08-29 11:28:33.573 D/dalvikvm(30395): WAIT_FOR_CONCURRENT_GC blocked 56ms
08-29 11:28:33.583 D/EthernetDataTracker( 1984): Interface wlan0 link down
08-29 11:28:33.583 D/G3StateTracker( 1984): 3g interfaceLinkStateChanged wlan0 link down
08-29 11:28:33.584 D/Tethering( 1984): InitialState.processMessage what=4
08-29 11:28:33.584 D/EthernetDataTracker( 1984): Interface wlan0 link down
08-29 11:28:33.584 D/G3StateTracker( 1984): 3g interfaceLinkStateChanged wlan0 link down
08-29 11:28:33.585 D/Tethering( 1984): sendTetherStateChangedBroadcast 0, 0, 0
08-29 11:28:33.586 D/NtpTrustedTime( 1984): auto_time is false
08-29 11:28:33.589 I/wpa_supplicant(30670): wlan0: CTRL-EVENT-TERMINATING 
08-29 11:28:33.610 D/NtpTrustedTime( 1984): auto_time is false
08-29 11:28:33.648 D/dalvikvm(30395): GC_FOR_ALLOC freed 415K, 24% free 4630K/6080K, paused 40ms, total 40ms
08-29 11:28:33.695 W/Settings( 3001): Setting airplane_mode_on has moved from android.provider.Settings.System to android.provider.Settings.Global, returning read-only value.
08-29 11:28:33.737 I/k       ( 2411): b:-1: tms:get name=acs_password
08-29 11:28:33.737 I/Tms     ( 2411): getParameterFormNative:-1: tms:get acs_password
08-29 11:28:33.739 I/CWMP (swtr069/src/cwmp_http.c:1549)( 2411): cwmp_http_send 1549 
08-29 11:28:33.739 I/CWMP (swtr069/src/cwmp_http.c:1549)( 2411): [Send]:
08-29 11:28:33.739 I/CWMP (swtr069/src/cwmp_http.c:1549)( 2411): ***
08-29 11:28:33.739 I/CWMP (swtr069/src/cwmp_http.c:1549)( 2411): 
08-29 11:28:33.757 I/CWMP (swtr069/src/cwmp_http.c:1383)( 2411): cwmp_http_recv 1383 [Receive]:
08-29 11:28:33.757 I/CWMP (swtr069/src/cwmp_http.c:1383)( 2411): ****
08-29 11:28:33.757 I/CWMP (swtr069/src/cwmp_http.c:1486)( 2411): cwmp_http_recv 1486 ***
08-29 11:28:33.758 D/CWMP (swtr069/src/swcwmp.c:217)( 2411): sw_cwmp_on_package 217 eventcode------------------>1
08-29 11:28:33.758 D/Tms     ( 2411): getParameterFormNative:-1: tms:get pname = MTRANSFERCOMPLETE
08-29 11:28:33.758 D/k       ( 2411): b:-1: tms:get MTRANSFERCOMPLETE
08-29 11:28:33.765 I/k       ( 2411): b:-1: tms:get name=MTRANSFERCOMPLETE
08-29 11:28:33.765 I/Tms     ( 2411): getParameterFormNative:-1: tms:get MTRANSFERCOMPLETE
08-29 11:28:33.765 I/CWMP (swtr069/src/cwmp_http.c:1549)( 2411): cwmp_http_send 1549 
08-29 11:28:33.765 I/CWMP (swtr069/src/cwmp_http.c:1549)( 2411): [Send]:
08-29 11:28:33.765 I/CWMP (swtr069/src/cwmp_http.c:1549)( 2411): ***
08-29 11:28:33.765 I/CWMP (swtr069/src/cwmp_http.c:1549)( 2411): 
08-29 11:28:33.773 I/CWMP (swtr069/src/cwmp_http.c:1383)( 2411): cwmp_http_recv 1383 [Receive]:
08-29 11:28:33.773 I/CWMP (swtr069/src/cwmp_http.c:1383)( 2411): ****
08-29 11:28:33.773 I/CWMP (swtr069/src/cwmp_http.c:1486)( 2411): cwmp_http_recv 1486 ***
08-29 11:28:33.774 I/swshowmsg( 1456): [sw_check_userdata_proc:135]clearDataOperation:0
08-29 11:28:33.774 I/CWMP (swtr069/src/cwmp_http.c:1549)( 2411): cwmp_http_send 1549 
08-29 11:28:33.774 I/CWMP (swtr069/src/cwmp_http.c:1549)( 2411): [Send]:
08-29 11:28:33.774 I/CWMP (swtr069/src/cwmp_http.c:1549)( 2411): ***
08-29 11:28:33.774 I/CWMP (swtr069/src/cwmp_http.c:1549)( 2411): 
08-29 11:28:33.781 I/CWMP (swtr069/src/cwmp_http.c:1383)( 2411): cwmp_http_recv 1383 [Receive]:
08-29 11:28:33.781 I/CWMP (swtr069/src/cwmp_http.c:1383)( 2411): ****
08-29 11:28:33.781 I/CWMP (swtr069/src/cwmp_http.c:1486)( 2411): cwmp_http_recv 1486 ***
08-29 11:28:33.782 D/CWMP (swtr069/src/cwmp_parameter.c:260)( 2411): cwmp_method_getParameterValues 260  @@@@@@ Device.X_00E0FC.ServiceInfo.UserID
08-29 11:28:33.782 D/CWMP (swtr069/src/cwmp_parameter.c:296)( 2411): cwmp_method_getParameterValues 296 item->name ============= Device.X_00E0FC.ServiceInfo.UserID
08-29 11:28:33.783 D/Tms     ( 2411): getParameterFormNative:-1: tms:get pname = ntvuseraccount
08-29 11:28:33.783 D/k       ( 2411): b:-1: tms:get ntvuseraccount
08-29 11:28:33.792 D/dalvikvm(30395): GC_CONCURRENT freed 1347K, 24% free 4656K/6080K, paused 6ms+8ms, total 57ms
08-29 11:28:33.793 D/dalvikvm(30395): WAIT_FOR_CONCURRENT_GC blocked 39ms
08-29 11:28:33.793 D/dalvikvm(30395): WAIT_FOR_CONCURRENT_GC blocked 25ms
08-29 11:28:33.794 D/dalvikvm(30395): WAIT_FOR_CONCURRENT_GC blocked 39ms
08-29 11:28:33.794 D/dalvikvm(30395): WAIT_FOR_CONCURRENT_GC blocked 40ms
08-29 11:28:33.794 D/dalvikvm(30395): WAIT_FOR_CONCURRENT_GC blocked 38ms
08-29 11:28:33.794 D/dalvikvm(30395): WAIT_FOR_CONCURRENT_GC blocked 40ms
08-29 11:28:33.794 D/dalvikvm(30395): WAIT_FOR_CONCURRENT_GC blocked 38ms
08-29 11:28:33.794 D/dalvikvm(30395): WAIT_FOR_CONCURRENT_GC blocked 39ms
08-29 11:28:33.800 D/dalvikvm(30395): WAIT_FOR_CONCURRENT_GC blocked 46ms
08-29 11:28:33.811 I/k       ( 2411): b:-1: tms:get name=ntvuseraccount
08-29 11:28:33.811 I/Tms     ( 2411): getParameterFormNative:-1: tms:get ntvuseraccount
08-29 11:28:33.811 D/CWMP (swtr069/src/cwmp_parameter.c:260)( 2411): cwmp_method_getParameterValues 260  @@@@@@ Device.X_00E0FC.STBID
08-29 11:28:33.811 D/CWMP (swtr069/src/cwmp_parameter.c:296)( 2411): cwmp_method_getParameterValues 296 item->name ============= Device.X_00E0FC.STBID
08-29 11:28:33.811 D/Tms     ( 2411): getParameterFormNative:-1: tms:get pname = stbid
08-29 11:28:33.811 D/k       ( 2411): b:-1: tms:get stbid
08-29 11:28:33.812 I/k       ( 2411): b:-1: tms:get name=stbid
08-29 11:28:33.812 I/Tms     ( 2411): getParameterFormNative:-1: tms:get stbid
08-29 11:28:33.812 D/CWMP (swtr069/src/cwmp_parameter.c:260)( 2411): cwmp_method_getParameterValues 260  @@@@@@ Device.LAN.AddressingType
08-29 11:28:33.812 D/CWMP (swtr069/src/cwmp_parameter.c:296)( 2411): cwmp_method_getParameterValues 296 item->name ============= Device.LAN.AddressingType
08-29 11:28:33.812 D/Tms     ( 2411): getParameterFormNative:-1: tms:get pname = defaultnetmode
08-29 11:28:33.812 D/k       ( 2411): b:-1: tms:get defaultnetmode
08-29 11:28:33.816 D/j       ( 2411): c:-1: connect is cut,but still can
08-29 11:28:33.817 D/j       ( 2411): a:-1: tms:isEthnetConnect=true
08-29 11:28:33.821 D/j       ( 2411): c:-1: connect is cut,but still can
08-29 11:28:33.822 D/j       ( 2411): a:-1: tms:Ethernet mode is:static
08-29 11:28:33.823 I/k       ( 2411): b:-1: tms:get name=defaultnetmode
08-29 11:28:33.823 I/Tms     ( 2411): getParameterFormNative:-1: tms:get defaultnetmode
08-29 11:28:33.823 D/CWMP (swtr069/src/cwmp_parameter.c:260)( 2411): cwmp_method_getParameterValues 260  @@@@@@ Device.LAN.IPAddress
08-29 11:28:33.823 D/CWMP (swtr069/src/cwmp_parameter.c:296)( 2411): cwmp_method_getParameterValues 296 item->name ============= Device.LAN.IPAddress
08-29 11:28:33.823 D/Tms     ( 2411): getParameterFormNative:-1: tms:get pname = defaultnetmode
08-29 11:28:33.823 D/k       ( 2411): b:-1: tms:get defaultnetmode
08-29 11:28:33.827 D/j       ( 2411): c:-1: connect is cut,but still can
08-29 11:28:33.828 D/j       ( 2411): a:-1: tms:isEthnetConnect=true
08-29 11:28:33.832 D/j       ( 2411): c:-1: connect is cut,but still can
08-29 11:28:33.833 D/j       ( 2411): a:-1: tms:Ethernet mode is:static
08-29 11:28:33.833 I/k       ( 2411): b:-1: tms:get name=defaultnetmode
08-29 11:28:33.834 I/Tms     ( 2411): getParameterFormNative:-1: tms:get defaultnetmode
08-29 11:28:33.834 D/Tms     ( 2411): getParameterFormNative:-1: tms:get pname = lan_ip
08-29 11:28:33.834 D/k       ( 2411): b:-1: tms:get lan_ip
08-29 11:28:33.834 I/k       ( 2411): b:-1: tms:get name=lan_ip
08-29 11:28:33.834 I/Tms     ( 2411): getParameterFormNative:-1: tms:get lan_ip
08-29 11:28:33.834 D/CWMP (swtr069/src/cwmp_parameter.c:260)( 2411): cwmp_method_getParameterValues 260  @@@@@@ Device.X_00E0FC.ServiceInfo.PPPoEID
08-29 11:28:33.834 D/CWMP (swtr069/src/cwmp_parameter.c:296)( 2411): cwmp_method_getParameterValues 296 item->name ============= Device.X_00E0FC.ServiceInfo.PPPoEID
08-29 11:28:33.835 D/Tms     ( 2411): getParameterFormNative:-1: tms:get pname = pppoe_user
08-29 11:28:33.835 D/k       ( 2411): b:-1: tms:get pppoe_user
08-29 11:28:33.835 W/System.err( 2411): java.lang.IllegalArgumentException: USER is not a constant in net.sunniwell.base.tms.e.j
08-29 11:28:33.835 W/System.err( 2411): 	at java.lang.Enum.valueOf(Enum.java:198)
08-29 11:28:33.835 W/System.err( 2411): 	at net.sunniwell.base.tms.e.j.valueOf(Unknown Source)
08-29 11:28:33.835 W/System.err( 2411): 	at net.sunniwell.base.tms.e.h.b(Unknown Source)
08-29 11:28:33.835 W/System.err( 2411): 	at net.sunniwell.base.tms.e.h.b(Unknown Source)
08-29 11:28:33.836 W/System.err( 2411): 	at net.sunniwell.base.tms.e.k.b(Unknown Source)
08-29 11:28:33.836 W/System.err( 2411): 	at net.sunniwell.base.tms.Tms.getParameterFormNative(Unknown Source)
08-29 11:28:33.836 W/System.err( 2411): 	at dalvik.system.NativeStart.run(Native Method)
08-29 11:28:33.836 E/PppoeManager( 2411): getUsername()
08-29 11:28:33.836 I/k       ( 2411): b:-1: tms:get name=pppoe_user
08-29 11:28:33.837 I/Tms     ( 2411): getParameterFormNative:-1: tms:get pppoe_user
08-29 11:28:33.837 D/CWMP (swtr069/src/cwmp_parameter.c:260)( 2411): cwmp_method_getParameterValues 260  @@@@@@ Device.X_00E0FC.ServiceInfo.DHCPID
08-29 11:28:33.837 D/CWMP (swtr069/src/cwmp_parameter.c:296)( 2411): cwmp_method_getParameterValues 296 item->name ============= Device.X_00E0FC.ServiceInfo.DHCPID
08-29 11:28:33.837 D/Tms     ( 2411): getParameterFormNative:-1: tms:get pname = dhcpaccount
08-29 11:28:33.837 D/k       ( 2411): b:-1: tms:get dhcpaccount
08-29 11:28:33.843 D/dalvikvm(30395): GC_FOR_ALLOC freed 117K, 24% free 4627K/6080K, paused 40ms, total 40ms
08-29 11:28:33.843 I/dalvikvm-heap(30395): Grow heap (frag case) to 4.557MB for 16400-byte allocation
08-29 11:28:33.843 I/k       ( 2411): b:-1: tms:get name=dhcpaccount
08-29 11:28:33.844 I/Tms     ( 2411): getParameterFormNative:-1: tms:get dhcpaccount
08-29 11:28:33.844 I/CWMP (swtr069/src/cwmp_http.c:1549)( 2411): cwmp_http_send 1549 
08-29 11:28:33.844 I/CWMP (swtr069/src/cwmp_http.c:1549)( 2411): [Send]:
08-29 11:28:33.844 I/CWMP (swtr069/src/cwmp_http.c:1549)( 2411): ***
08-29 11:28:33.844 I/CWMP (swtr069/src/cwmp_http.c:1549)( 2411): 
08-29 11:28:33.852 I/CWMP (swtr069/src/cwmp_http.c:1383)( 2411): cwmp_http_recv 1383 [Receive]:
08-29 11:28:33.852 I/CWMP (swtr069/src/cwmp_http.c:1383)( 2411): ****
08-29 11:28:33.852 I/CWMP (swtr069/src/cwmp_http.c:1486)( 2411): cwmp_http_recv 1486 ***
08-29 11:28:33.855 D/Tms     ( 2411): getParameterFormNative:-1: tms:get pname = acs_crusername
08-29 11:28:33.855 D/k       ( 2411): b:-1: tms:get acs_crusername
08-29 11:28:33.866 I/k       ( 2411): b:-1: tms:get name=acs_crusername
08-29 11:28:33.866 I/Tms     ( 2411): getParameterFormNative:-1: tms:get acs_crusername
08-29 11:28:33.866 D/Tms     ( 2411): setParameterFormNative:-1: tms:set acs_crusername
08-29 11:28:33.866 I/k       ( 2411): a:-1: tms:set acs_crusername
08-29 11:28:33.871 D/SWAPKSQLiteOpenHelper( 2411): setParameter:-1: primary key 'tms.acs.crusername' no need to update.
08-29 11:28:33.872 D/CWMP (swtr069/src/cwmp_parameter.c:1251)( 2411): cwmp_method_setParameterValues 1251 
08-29 11:28:33.872 D/CWMP (swtr069/src/cwmp_db.c:4068)( 2411): Device_ManagementServer_STUNUsername 4068 paraname = acs_stun_username, writeable = 1, value = ****
08-29 11:28:33.872 D/Tms     ( 2411): getParameterFormNative:-1: tms:get pname = acs_stun_username
08-29 11:28:33.872 D/k       ( 2411): b:-1: tms:get acs_stun_username
08-29 11:28:33.879 D/dalvikvm(30395): GC_FOR_ALLOC freed 3K, 24% free 4640K/6100K, paused 36ms, total 36ms
08-29 11:28:33.880 D/dalvikvm(30395): WAIT_FOR_CONCURRENT_GC blocked 112ms
08-29 11:28:33.925 W/Netd    ( 1448): No subsystem found in netlink event
08-29 11:28:33.925 I/AOService( 1460): hdmi_observer  remove@/devices/platform/hiusb-ehci.0/usb1/1-2/net/uap0/queues/rx-0
08-29 11:28:33.925 D/NetlinkEvent( 1448): Unexpected netlink message. type=0x11
08-29 11:28:33.941 I/AOService( 1460): hdmi_observer  remove@/devices/platform/hiusb-ehci.0/usb1/1-2/net/uap0/queues/tx-0
08-29 11:28:33.952 I/AOService( 1460): hdmi_observer  remove@/devices/platform/hiusb-ehci.0/usb1/1-2/net/uap0
08-29 11:28:33.953 I/k       ( 2411): b:-1: tms:get name=acs_stun_username
08-29 11:28:33.953 I/Tms     ( 2411): getParameterFormNative:-1: tms:get acs_stun_username
08-29 11:28:33.953 D/Tms     ( 2411): setParameterFormNative:-1: tms:set acs_stun_username
08-29 11:28:33.953 I/k       ( 2411): a:-1: tms:set acs_stun_username
08-29 11:28:33.955 W/StreamClient(30395): HTTP request took a long time (6775ms): (StreamRequestMessage) GET http://192.168.1.1:1900/l3f.xml
08-29 11:28:33.956 D/dalvikvm( 2411): GC_CONCURRENT freed 774K, 34% free 3061K/4600K, paused 3ms+43ms, total 94ms
08-29 11:28:33.959 D/SWAPKSQLiteOpenHelper( 2411): setParameter:-1: primary key 'tms.acs.stun_username' no need to update.
08-29 11:28:33.959 D/CWMP (swtr069/src/cwmp_parameter.c:1251)( 2411): cwmp_method_setParameterValues 1251 
08-29 11:28:33.960 D/Tms     ( 2411): getParameterFormNative:-1: tms:get pname = acs_stun_enable
08-29 11:28:33.960 D/k       ( 2411): b:-1: tms:get acs_stun_enable
08-29 11:28:33.967 I/k       ( 2411): b:-1: tms:get name=acs_stun_enable
08-29 11:28:33.967 I/Tms     ( 2411): getParameterFormNative:-1: tms:get acs_stun_enable
08-29 11:28:33.968 D/Tms     ( 2411): getParameterFormNative:-1: tms:get pname = acs_stun_enable
08-29 11:28:33.968 D/k       ( 2411): b:-1: tms:get acs_stun_enable
08-29 11:28:33.975 I/k       ( 2411): b:-1: tms:get name=acs_stun_enable
08-29 11:28:33.975 I/Tms     ( 2411): getParameterFormNative:-1: tms:get acs_stun_enable
08-29 11:28:33.976 D/Tms     ( 2411): setParameterFormNative:-1: tms:set acs_stu[ 5996.259694] PM: suspend entry 2017-08-29 03:28:54.893500960 UTC
n_enable
08-29 [ 5996.266805] PM: Syncing filesystems ... 11:28:33.976 I/k       ( 2411): a:-1: tms:set acs_stun_enable
08-29 11:28:33.977 W/Netd    ( 1448): No subsystem found in netlink event
08-29 11:28:33.977 I/AOService( 1460): hdmi_observer  remove@/devices/platform/hiusb-ehci.0/usb1/1-2/net/p2p0/queues/rx-0
08-29 11:28:33.977 I/AOService( 1460): hdmi_observer  remove@/devices/platform/hiusb-ehci.0/usb1/1-2/net/p2p0/queues/tx-0
08-29 11:28:33.977 D/NetlinkEvent( 1448): Unexpected netlink message. type=0x11
08-29 11:28:33.978 I/AOService( 1460): hdmi_observer  remove@/devices/platform/hiusb-ehci.0/usb1/1-2/net/p2p0
08-29 11:28:33.978 D/SWAPKSQLiteOpenHelper( 2411): setParameter:-1: primary key 'tms.acs_stun_enable' no need to update.
08-29 11:28:33.978 D/CWMP (swtr069/src/cwmp_parameter.c:1251)( 2411): cwmp_method_setParameterValues 1251 
08-29 11:28:33.978 D/Tms     ( 2411): getParameterFormNative:-1: tms:get pname = acs_stun_done.
serveraddress
08-29 11:28:33.978 D/k       ( 2411): b:-1: tms:get acs_stun_serveraddress
08-29 11:28:33.990 I/k       ( 2411): b:-1: tms:get name=acs_stun_serveraddress
08-29 11:28:33.990 I/Tms     ( 2411): getParameterFormNative:-1: tms:get acs_stun_serveraddress
08-29 11:28:33.991 D/Tms     ( 2411): setParameterFormNative:-1: tms:set acs_stun_serveraddress
08-29 11:28:33.991 I/k       ( 241[ 5996.383757] Freezing user space processes ... 1): a:-1: tms:set acs_stun_serve[ 5996.389343] [738781423 ERROR-HI_IR]:IR_STD_Read[664]:wait data err.
raddress
08-29 11:28:33.995 D/SWAPKSQLiteOpenHelper( 24(elapsed 0.012 seconds) 11): setParametedone.r:-1: primary ke
y 'tms.acs_stun_[ 5996.408553] Freezing remaining freezable tasks ... serveraddress' no need to update(elapsed 0.001 seconds) .
08-29 11:28:3done.3.996 D/CWMP (sw
tr069/src/cwmp_parameter.c:1251)( 2411): cwmp_method_setParameterValues 1251 
08-29 11:28:33.996 D/Tms     ( 2411): getParameterFormNative:-1: tms:get pname = acs_stun_serverport
08-29 11:28:33.996 D/k       ( 2411): b:-1: tms:get acs_stun_serverport
08-29 11:28:33.997 I/AOService( 1460): hdmi_observer  remove@/devices/platform/hiusb-ehci.0/usb1/1-2/net/wlan0/queues/rx-0
08-29 11:28:33.997 W/Netd    ( 1448): No subsystem found in netlink event
08-29 11:28:33.997 D/NetlinkEvent( 1448): Unexpected netlink message. type=0x11
08-29 11:28:33.998 I/AOService( 1460): hdmi_observer  remove@/devices/platform/hiusb-ehci.0/usb1/1-2/net/wlan0/queues/tx-0
08-29 11:28:33.998 I/AOService( 1460): hdmi_observer  remove@/devices/platform/hiusb-ehci.0/usb1/1-2/net/wlan0
08-29 11:28:34.001 D/dalvikvm(30395): GC_FOR_ALLOC freed 1011K, 25% free 4598K/6100K, paused 46ms, total 46ms
08-29 11:28:34.024 I/k       ( 2411): b:-1: tms:get name=acs_stun_serverport
08-29 11:28:34.024 I/Tms     ( 2411): getParameterFormNative:-1: tms:get acs_stun_serverport
08-29 11:28:34.024 D/Tms     ( 2411): setParameterFormNative:-1: tms:set acs_stun_serverport
08-29 11:28:34.025 I/AOService( 1460): hdmi_observer  remove@/devices/platform/hiusb-ehci.0/usb1/1-2/ieee80211/phy0/rfkill12
08-29 11:28:34.027 I/k       ( 2411): a:-1: tms:set acs_stun_serverport
08-29 11:28:34.034 D/SWAPKSQLiteOpenHelper( 2411): setParameter:-1: primary key 'tms.acs_stun_serverport' no need to update.
08-29 11:28:34.039 D/CWMP (swtr069/src/cwmp_parameter.c:1251)( 2411): cwmp_method_setParameterValues 1251 
08-29 11:28:34.039 D/CWMP (swtr069/src/cwmp_db.c:3789)( 2411): Device_ManagementServer_ConnectionRequestPassword 3789 paraname = acs_crpassword, writeable = 1
08-29 11:28:34.039 D/Tms     ( 2411): getParameterFormNative:-1: tms:get pname = isEncryptMark
08-29 11:28:34.039 D/k       ( 2411): b:-1: tms:get isEncryptMark
08-29 11:28:34.056 I/k       ( 2411): b:-1: tms:get name=isEncryptMark
08-29 11:28:34.056 I/Tms     ( 2411): getParameterFormNative:-1: tms:get isEncryptMark
08-29 11:28:34.056 D/Tms     ( 2411): getParameterFormNative:-1: tms:get pname = isEncryptMark
08-29 11:28:34.056 D/k       ( 2411): b:-1: tms:get isEncryptMark
08-29 11:28:34.057 I/AOService( 1460): hdmi_observer  remove@/devices/platform/hiusb-ehci.0/usb1/1-2/ieee80211/phy0
08-29 11:28:34.079 I/k       ( 2411): b:-1: tms:get name=isEncryptMark
08-29 11:28:34.079 I/Tms[ 5996.991009] PM suspend OK
[ 5996.993687] SIL9293 Suspend OK
[ 5996.996773] Vi suspend OK
[ 5996.999422] VENC suspend OK
[ 5997.002244] AENC suspend OK
[ 5997.005062] KEYLED suspend OK
[ 5997.008057] JPGE suspend OK
[ 5997.010884] PNG suspend OK
[ 5997.013717] VDEC suspend OK
[ 5997.016563] ADEC suspend OK
[ 5997.019389] AFLT suspend OK
[ 5997.052669] AO suspend OK
[ 5997.055332] AI suspend OK
[ 5997.057979] ADSP suspend OK
[ 5997.060800] SYNC suspend OK
[ 5997.063643] ADVCA suspend OK
[ 5997.066547] OTP suspend OK
[ 5997.069322] CIPHER suspend OK
[ 5997.072329] DEMUX suspend OK
[ 5997.075238] I2C suspend OK
[ 5997.077979] TDE suspend OK
[ 5997.131658] VO suspend OK
[ 5997.265642] HDMI suspend OK
[ 5997.408648] DISP suspend OK
[ 5997.411473] IR suspend OK
[ 5997.414105] GPIO suspend OK

[END] 2017/8/29 11:29:16
