08-29 11:28:23.714 I/HOME    (30296): wifiLevel ==  0
08-29 11:28:23.715 I/k       ( 2411): b:-1: tms:get name=lan_dns
08-29 11:28:23.716 I/StreamServer(30395): Setting executor service on servlet container adapter
08-29 11:28:23.716 I/Tms     ( 2411): getParameterFormNative:-1: tms:get lan_dns
08-29 11:28:23.717 D/Tms     ( 2411): getParameterFormNative:-1: tms:get pname = defaultnetmode
08-29 11:28:23.717 D/k       ( 2411): b:-1: tms:get defaultnetmode
08-29 11:28:23.718 I/StreamServer(30395): Adding connector: 192.168.1.105/192.168.1.105:45190
08-29 11:28:23.720 I/wpa_supplicant(30396): nl80211: wpa_driver_nl80211_event_receive->nl_recvmsgs failed: -11
08-29 11:28:23.721 D/WifiHW  ( 1984): wifi command = SET_NETWORK wep_key "********"
08-29 11:28:23.721 D/j       ( 2411): c:-1: connect is cut,but still can
08-29 11:28:23.721 D/WifiHW  ( 1984): wifi command = SET_NETWORK wep_key "********"
08-29 11:28:23.722 D/WifiHW  ( 1984): wifi command = SET_NETWORK wep_key "********"
08-29 11:28:23.724 D/WifiHW  ( 1984): wifi command = SET_NETWORK wep_key "********"
08-29 11:28:23.725 D/j       ( 2411): a:-1: tms:isEthnetConnect=true
08-29 11:28:23.726 I/ActivityManager( 1984): Waited long enough for: ServiceRecord{2cc30b18 u0 com.android.providers.downloads/.DownloadService}
08-29 11:28:23.729 D/j       ( 2411): c:-1: connect is cut,but still can
08-29 11:28:23.731 D/j       ( 2411): a:-1: tms:Ethernet mode is:static
08-29 11:28:23.731 I/k       ( 2411): b:-1: tms:get name=defaultnetmode
08-29 11:28:23.731 I/Tms     ( 2411): getParameterFormNative:-1: tms:get defaultnetmode
08-29 11:28:23.731 D/Tms     ( 2411): getParameterFormNative:-1: tms:get pname = lan_mask
08-29 11:28:23.731 D/k       ( 2411): b:-1: tms:get lan_mask
08-29 11:28:23.732 I/k       ( 2411): b:-1: tms:get name=lan_mask
08-29 11:28:23.732 I/Tms     ( 2411): getParameterFormNative:-1: tms:get lan_mask
08-29 11:28:23.734 D/Tms     ( 2411): getParameterFormNative:-1: tms:get pname = defaultnetmode
08-29 11:28:23.734 D/k       ( 2411): b:-1: tms:get defaultnetmode
08-29 11:28:23.738 D/j       ( 2411): c:-1: connect is cut,but still can
08-29 11:28:23.739 D/j       ( 2411): a:-1: tms:isEthnetConnect=true
nn.CONNECTIVITY_CHANGE
08-29 11:28:23.744 D/j       ( 2411): c:-1: connect is cut,but still can
08-29 11:28:23.745 D/j       ( 2411): a:-1: tms:Ethernet mode is:static
08-29 11:28:23.745 I/k       ( 2411): b:-1: tms:get name=defaultnetmode
08-29 11:28:23.746 I/Tms     ( 2411): getParameterFormNative:-1: tms:get defaultnetmode
08-29 11:28:23.746 D/Tms     ( 2411): getParameterFormNative:-1: tms:get pname = lan_ip
08-29 11:28:23.749 D/k       ( 2411): b:-1: tms:get lan_ip
08-29 11:28:23.749 I/k       ( 2411): b:-1: tms:get name=lan_ip
08-29 11:28:23.749 I/Tms     ( 2411): getParameterFormNative:-1: tms:get lan_ip
08-29 11:28:23.750 D/Tms     ( 2411): getParameterFormNative:-1: tms:get pname = acs_url
08-29 11:28:23.755 D/k       ( 2411): b:-1: tms:get acs_url
08-29 11:28:23.762 D/a       ( 3056): onReceive:-1: action==android.net.wifi.CONFIGURED_NETWORKS_CHANGE
08-29 11:28:23.764 I/ActivityManager( 1984): Waited long enough for: ServiceRecord{2cba3a50 u0 com.google.android.gsf/.checkin.CheckinService}
08-29 11:28:23.785 E/TelephonyManager( 2645): cts.appProcess.processName:com.google.process.gapps
08-29 11:28:23.791 W/Settings( 3001): Setting airplane_mode_on has moved from android.provider.Settings.System to android.provider.Settings.Global, returning read-only value.
08-29 11:28:23.791 D/SWTaskManager(30395): createThread:265: create thread '/mnt/sdb/sdb1_22' current size '23' threadPool size 23 dead thread size 0
08-29 11:28:23.792 D/SWTaskManager(30395): run:139: run thread '/mnt/sdb/sdb1_22' 233
08-29 11:28:23.792 I/k       ( 2411): b:-1: tms:get name=acs_url
08-29 11:28:23.792 I/Tms     ( 2411): getParameterFormNative:-1: tms:get acs_url
08-29 11:28:23.792 D/Tms     ( 2411): getParameterFormNative:-1: tms:get pname = defaultnetmode
08-29 11:28:23.792 D/k       ( 2411): b:-1: tms:get defaultnetmode
08-29 11:28:23.798 D/SWTaskManager(30395): createThread:265: create thread '/mnt/sdb/sdb1_23' current size '24' threadPool size 24 dead thread size 0
08-29 11:28:23.798 D/j       ( 2411): c:-1: connect is cut,but still can
08-29 11:28:23.798 D/j       ( 2411): a:-1: tms:isEthnetConnect=true
08-29 11:28:23.798 D/SWTaskManager(30395): run:139: run thread '/mnt/sdb/sdb1_23' 234
08-29 11:28:23.798 D/j       ( 2411): c:-1: connect is cut,but still can
08-29 11:28:23.805 D/j       ( 2411): a:-1: tms:Ethernet mode is:static
08-29 11:28:23.805 I/k       ( 2411): b:-1: tms:get name=defaultnetmode
08-29 11:28:23.805 I/Tms     ( 2411): getParameterFormNative:-1: tms:get defaultnetmode
08-29 11:28:23.805 D/Tms     ( 2411): getParameterFormNative:-1: tms:get pname = lan_ip
08-29 11:28:23.805 D/k       ( 2411): b:-1: tms:get lan_ip
08-29 11:28:23.806 I/k       ( 2411): b:-1: tms:get name=lan_ip
08-29 11:28:23.806 I/Tms     ( 2411): getParameterFormNative:-1: tms:get lan_ip
08-29 11:28:23.807 D/WifiStateMachine( 1984): swsunniwell getstate: DISCONNECTED state: DISCONNECTED
08-29 11:28:23.810 D/SWTaskManager(30395): createThread:265: create thread '/mnt/sdb/sdb1_24' current size '25' threadPool size 25 dead thread size 0
08-29 11:28:23.819 D/Tms     ( 2411): getParameterFormNative:-1: tms:get pname = acs_stun_NATDetected
08-29 11:28:23.819 D/k       ( 2411): b:-1: tms:get acs_stun_NATDetected
08-29 11:28:23.821 D/SWTaskManager(30395): run:139: run thread '/mnt/sdb/sdb1_25' 236
08-29 11:28:23.821 D/SWTaskManager(30395): run:139: run thread '/mnt/sdb/sdb1_24' 235
08-29 11:28:23.822 D/SWTaskManager(30395): createThread:265: create thread '/mnt/sdb/sdb1_25' current size '26' threadPool size 26 dead thread size 0
08-29 11:28:23.822 D/WifiP2pService( 1984): P2pDisabledState{ when=0 what=131203 target=com.android.internal.util.StateMachine$SmHandler }
08-29 11:28:23.823 D/DHCP    ( 1448): ifc_init_returning 0
08-29 11:28:23.823 D/DHCP    ( 1448): ifc_close
08-29 11:28:23.824 D/SWTaskManager(30395): createThread:265: create thread '/mnt/sdb/sdb1_26' current size '27' threadPool size 27 dead thread size 0
nn.CONNECTIVITY_CHANGE
08-29 11:28:23.826 D/SWTaskManager(30395): run:139: run thread '/mnt/sdb/sdb1_26' 237
08-29 11:28:23.827 D/CommandListener( 1448): Setting iface cfg
08-29 11:28:23.827 D/DHCP    ( 1448): ifc_init_returning 0
08-29 11:28:23.827 D/DHCP    ( 1448): ifc_set_addr(p2p0, xx) = 0
08-29 11:28:23.827 D/CommandListener( 1448): Trying to bring up p2p0
08-29 11:28:23.827 D/DHCP    ( 1448): ifc_up(p2p0) = 0
08-29 11:28:23.827 D/DHCP    ( 1448): ifc_close
08-29 11:28:23.829 D/WifiMonitor( 1984): startMonitoring(p2p0) with mConnected = true
08-29 11:28:23.829 D/WifiP2pService( 1984): P2pEnablingState
08-29 11:28:23.830 I/k       ( 2411): b:-1: tms:get name=acs_stun_NATDetected
08-29 11:28:23.830 I/Tms     ( 2411): getParameterFormNative:-1: tms:get acs_stun_NATDetected
08-29 11:28:23.830 D/WifiP2pService( 1984): P2pEnablingState{ when=0 what=147457 target=com.android.internal.util.StateMachine$SmHandler }
08-29 11:28:23.830 D/WifiP2pService( 1984): P2p socket connection successful
08-29 11:28:23.830 D/WifiP2pService( 1984): P2pEnabledState
08-29 11:28:23.830 D/WifiP2pService( 1984): sending p2p connection changed broadcast
08-29 11:28:23.831 D/Tms     ( 2411): getParameterFormNative:-1: tms:get pname = tr069_protocol
08-29 11:28:23.831 D/k       ( 2411): b:-1: tms:get tr069_protocol
08-29 11:28:23.832 D/SWTaskManager(30395): createThread:265: create thread '/mnt/sdb/sdb1_27' current size '28' threadPool size 28 dead thread size 0
08-29 11:28:23.832 D/HiRMService( 2399): mNetReceiver onReceive --android.net.wifi.p2p.CONNECTION_STATE_CHANGE
08-29 11:28:23.836 D/SWTaskManager(30395): run:139: run thread '/mnt/sdb/sdb1_27' 238
08-29 11:28:23.845 D/WifiP2pService( 1984): DeviceAddress: 02:11:6f:d3:17:33
08-29 11:28:23.848 E/WifiStateMachine( 1984): Unexpected BatchedScanResults :OK
08-29 11:28:23.849 D/SWTaskManager(30395): createThread:265: create thread '/mnt/sdb/sdb1_28' current size '29' threadPool size 29 dead thread size 0
08-29 11:28:23.850 D/SWTaskManager(30395): run:139: run thread '/mnt/sdb/sdb1_28' 239
08-29 11:28:23.851 D/SWTaskManager(30395): createThread:265: create thread '/mnt/sdb/sdb1_29' current size '30' threadPool size 30 dead thread size 0
08-29 11:28:23.852 D/SWTaskManager(30395): run:139: run thread '/mnt/sdb/sdb1_29' 240
08-29 11:28:23.856 I/wpa_supplicant(30396): net.wifiKey.encrypt true 
08-29 11:28:23.856 I/wpa_supplicant(30396): net.wifiKey.encrypt true 
08-29 11:28:23.856 I/wpa_supplicant(30396): sw_encrypt write_psk
08-29 11:28:23.857 D/WifiP2pService( 1984): sending p2p persistent groups changed broadcast
08-29 11:28:23.858 D/SWTaskManager(30395): createThread:265: create thread '/mnt/sdb/sdb1_30' current size '31' threadPool size 31 dead thread size 0
08-29 11:28:23.858 I/ActivityManager( 1984): Waited long enough for: ServiceRecord{2cce3590 u0 com.google.android.gsf/.checkin.CheckinService}
08-29 11:28:23.862 D/WifiP2pService( 1984): InactiveState
08-29 11:28:23.862 D/WifiP2pService( 1984): InactiveState{ when=-12ms what=131204 target=com.android.internal.util.StateMachine$SmHandler }
08-29 11:28:23.862 D/WifiP2pService( 1984): P2pEnabledState{ when=-12ms what=131204 target=com.android.internal.util.StateMachine$SmHandler }
08-29 11:28:23.864 D/WifiP2pService( 1984): P2pDisablingState
08-29 11:28:23.864 D/WifiP2pService( 1984): P2pDisablingState{ when=-2ms what=147458 target=com.android.internal.util.StateMachine$SmHandler }
08-29 11:28:23.865 D/WifiP2pService( 1984): p2p socket connection lost
08-29 11:28:23.867 D/CommandListener( 1448): Clearing all IP addresses on wlan0
08-29 11:28:23.867 D/DHCP    ( 1448): ifc_init_returning 0
08-29 11:28:23.867 D/DHCP    ( 1448): ifc_close
08-29 11:28:23.868 D/SWTaskManager(30395): run:139: run thread '/mnt/sdb/sdb1_30' 241
08-29 11:28:23.870 D/WifiP2pService( 1984): P2pDisabledState
08-29 11:28:23.872 D/WifiStateMachine( 1984): swsunniwell getstate: DISCONNECTED state: DISCONNECTED
08-29 11:28:23.872 D/com.huawei.launcher.StatusReciver(30296): onReceive(): action = android.net.wifi.WIFI_STATE_CHANGED
08-29 11:28:23.873 D/com.huawei.launcher.StatusReciver(30296): handleStatus(): action==android.net.wifi.WIFI_STATE_CHANGED
08-29 11:28:23.876 D/HiRMService( 2399): mNetReceiver onReceive --android.net.wifi.STATE_CHANGE
08-29 11:28:23.876 D/SWStatusbar( 2503): handleWifiStatus:201: WifiStatus is DISCONNECTED.
08-29 11:28:23.876 D/WifiStateTracker( 1984): Do not change WIFI_P2P info!!!
08-29 11:28:23.877 D/a       (30431): onReceive:-1: upgradech:ui: onreceive: action: android.net.wifi.STATE_CHANGE
08-29 11:28:23.877 D/a       ( 3056): onReceive:-1: action==android.net.wifi.STATE_CHANGE
08-29 11:28:23.878 D/a       (30431): onReceive:-1: upgradech:ui: onreceive getStringExtra: action: android.net.wifi.STATE_CHANGE
08-29 11:28:23.879 E/a       ( 3056): registerWifiScanResult:-1: registerWifiScanResult failed, case onEvent is null
08-29 11:28:23.879 D/a       ( 3056): onReceive:-1: NETWORK_STATE_CHANGED_ACTION
08-29 11:28:23.882 D/a       ( 3056): onReceive:-1: action==android.net.wifi.WIFI_STATE_CHANGED
08-29 11:28:23.882 D/HiRMService( 2399): mNetReceiver onReceive --android.net.wifi.WIFI_STATE_CHANGED
08-29 11:28:23.883 D/com.huawei.launcher.StatusReciver(30296): sendMsgToStatusbar(): actionn==handleEthStatus
08-29 11:28:23.885 D/dalvikvm( 2680): GC_EXPLICIT freed 187K, 13% free 3009K/3436K, paused 2ms+12ms, total 52ms
08-29 11:28:23.887 D/a       (30431): onReceive:-1: upgradech:ui:param is empty
08-29 11:28:23.888 D/a       (30431): onReceive:-1: upgradech: action: wifi changed 
08-29 11:28:23.889 D/a       (30431): onReceive:-1: upgradech:wifi state=DISCONNECTED
08-29 11:28:23.890 E/TelephonyManager( 2645): cts.appProcess.processName:com.google.process.gapps
08-29 11:28:23.902 I/WifiReceiver(30296): wifi action === android.net.wifi.STATE_CHANGE
08-29 11:28:23.903 D/EthernetDataTracker( 1984): Interface p2p0 link up
08-29 11:28:23.904 D/G3StateTracker( 1984): 3g interfaceLinkStateChanged p2p0 link up
08-29 11:28:23.904 I/wpa_supplicant(30396): p2p0: CTRL-EVENT-TERMINATING 
08-29 11:28:23.906 I/WifiReceiver(30296): wifi action === android.net.wifi.WIFI_STATE_CHANGED
08-29 11:28:23.908 D/SWNetworkBroadcastReceiver( 3056): onReceive:-1: intent='android.net.wifi.WIFI_STATE_CHANGED'
08-29 11:28:23.908 D/LAUNCHER(30296): msg.what  = 102  msg.arg1 = 0
08-29 11:28:23.908 I/HOME    (30296): wifiLevel ==  0
08-29 11:28:23.909 D/EthernetDataTracker( 1984): Interface p2p0 link down
08-29 11:28:23.909 D/G3StateTracker( 1984): 3g interfaceLinkStateChanged p2p0 link down
08-29 11:28:23.916 I/k       ( 2411): b:-1: tms:get name=tr069_protocol
08-29 11:28:23.916 I/Tms     ( 2411): getParameterFormNative:-1: tms:get tr069_protocol
08-29 11:28:23.916 D/Tms     ( 2411): getParameterFormNative:-1: tms:get pname = isEncryptMark
08-29 11:28:23.916 D/k       ( 2411): b:-1: tms:get isEncryptMark
08-29 11:28:23.923 D/dalvikvm(30395): GC_CONCURRENT freed 668K, 18% free 3324K/4016K, paused 5ms+26ms, total 97ms
08-29 11:28:23.926 D/SWStatusbar( 2503): updateNotification:539: ... updateNotification ...
=0x0 kind=[null])
08-29 11:28:23.929 D/LAUNCHER(30296): msg.what  = 101  msg.arg1 = 100
08-29 11:28:23.932 I/k       ( 2411): b:-1: tms:get name=isEncryptMark
08-29 11:28:23.932 I/Tms     ( 2411): getParameterFormNative:-1: tms:get isEncryptMark
08-29 11:28:23.933 D/Tms     ( 2411): getParameterFormNative:-1: tms:get pname = acs_commandkey
08-29 11:28:23.933 D/k       ( 2411): b:-1: tms:get acs_commandkey
08-29 11:28:23.944 D/EthernetDataTracker( 1984): Interface wlan0 link up
08-29 11:28:23.944 I/k       ( 2411): b:-1: tms:get name=acs_commandkey
08-29 11:28:23.944 D/G3StateTracker( 1984): 3g interfaceLinkStateChanged wlan0 link up
08-29 11:28:23.944 I/Tms     ( 2411): getParameterFormNative:-1: tms:get acs_commandkey
08-29 11:28:23.944 D/Tms     ( 2411): setParameterFormNative:-1: tms:set acs_commandkey
08-29 11:28:23.944 I/k       ( 2411): a:-1: tms:set acs_commandkey
08-29 11:28:23.949 D/SWNtpNativeReceiver( 2373): onReceive:22: ntp: action=android.net.wifi.STATE_CHANGE
08-29 11:28:23.950 D/SWAPKSQLiteOpenHelper( 2411): setParameter:-1: primary key 'tms.acs.commandkey' no need to update.
08-29 11:28:23.950 D/SWNtpNativeReceiver( 2373): onReceive:73: upgrade:wifi state=DISCONNECTED
08-29 11:28:23.952 I/CWMP (swtr069/src/cwmp_http.c:1549)( 2411): cwmp_http_send 1549 
08-29 11:28:23.952 I/CWMP (swtr069/src/cwmp_http.c:1549)( 2411): [Send]:
08-29 11:28:23.952 I/CWMP (swtr069/src/cwmp_http.c:1549)( 2411): ***
08-29 11:28:23.952 I/CWMP (swtr069/src/cwmp_http.c:1549)( 2411): 
08-29 11:28:23.954 D/SWNativeReciver( 2411): onReceive:-1: tms: action=android.net.wifi.STATE_CHANGE
08-29 11:28:23.955 D/SWNativeReciver( 2411): onReceive:-1: upgrade:wifi state=DISCONNECTED
08-29 11:28:23.958 D/com.huawei.launcher.StatusReciver(30296): onReceive(): action = android.net.wifi.WIFI_STATE_CHANGED
08-29 11:28:23.958 D/com.huawei.launcher.StatusReciver(30296): handleStatus(): action==android.net.wifi.WIFI_STATE_CHANGED
08-29 11:28:23.959 I/CWMP (swtr069/src/cwmp_http.c:1484)( 2411): cwmp_http_recv 1484 401=[Receive]:
08-29 11:28:23.959 I/CWMP (swtr069/src/cwmp_http.c:1484)( 2411): ***
08-29 11:28:23.961 D/Tms     ( 2411): getParameterFormNative:-1: tms:get pname = acs_username
08-29 11:28:23.962 D/k       ( 2411): b:-1: tms:get acs_username
08-29 11:28:23.962 D/SWNetworkBroadcastReceiver( 3056): onReceive:-1: intent='android.net.wifi.WIFI_STATE_CHANGED'
08-29 11:28:23.979 I/k       ( 2411): b:-1: tms:get name=acs_username
08-29 11:28:23.979 I/Tms     ( 2411): getParameterFormNative:-1: tms:get acs_username
08-29 11:28:23.979 D/Tms     ( 2411): getParameterFormNative:-1: tms:get pname = acs_password
08-29 11:28:23.979 D/k       ( 2411): b:-1: tms:get acs_password
08-29 11:28:23.990 D/SWTaskManager(30395): createThread:265: create thread '/mnt/sdb/sdb1_31' current size '32' threadPool size 32 dead thread size 0
08-29 11:28:23.991 D/SWTaskManager(30395): run:139: run thread '/mnt/sdb/sdb1_31' 242
08-29 11:28:24.020 D/GCM     ( 2645): Connected
08-29 11:28:24.030 D/LAUNCHER(30296): msg.what  = 104  msg.arg1 = 1
08-29 11:28:24.080 D/GCM     ( 2645): Message class hks
08-29 11:28:24.083 D/a       (30431): a:-1: upgradech: reportUpgradeState : 0
08-29 11:28:24.083 D/SWTaskManager(30395): createThread:265: create thread '/mnt/sdb/sdb1_32' current size '33' threadPool size 33 dead thread size 0
08-29 11:28:24.083 D/SWBootCompletedUpgradeService(30431): run:-1: upgradech:ui: handler task delayde is  started
08-29 11:28:24.083 D/SWUpgradeManager(30431): addCallback:-1: upgradech: SWupgradeManger addcallback
08-29 11:28:24.083 D/SWUpgradeIBinderImpl(30431): addCallback:-1: upgradech: SWupgradeIbinder addcallback
08-29 11:28:24.083 D/SWTaskManager(30395): run:139: run thread '/mnt/sdb/sdb1_32' 243
08-29 11:28:24.083 D/SWUpgradeApplication(30431): addCallback:-1: upgradech: swupgradeapplication addcallback: server
08-29 11:28:24.083 D/SWUpgradeIBinderImpl(30431): start:-1: upgradech: upgradetype: serversource:ethChangedforceUpgrade:trueisForeground:true
08-29 11:28:24.083 I/JettyServletContainer(30395): Registering UPnP servlet under context path: /upnp
08-29 11:28:24.083 D/e       (30431): a:-1: upgradech: servers is null 
st:370 net.sunniwell.upgrade.b.a.a:-1 net.sunniwell.upgrade.ui.service.k.run:-1 android.os.Handler.handleCallback:733 
08-29 11:28:24.092 D/dalvikvm( 2411): GC_CONCURRENT freed 752K, 34% free 3072K/4600K, paused 3ms+11ms, total 42ms
08-29 11:28:24.092 D/SWCustomReceiver( 2411): onReceive:-1: receive upgrade state: 0
08-29 11:28:24.092 D/Tms     ( 2411): notifyEventToTms:-1: tms: notifyEventToTms,what=8192,event=0
08-29 11:28:24.102 I/DatagramIO(30395): Creating bound socket (for datagram input/output) on: 192.168.1.105/192.168.1.105
08-29 11:28:24.103 I/JettyServletContainer(30395): Starting Jetty server... 
08-29 11:28:24.113 I/SWStreamClientImpl(30395): Starting Jetty HttpClient...
08-29 11:28:24.113 D/e       (30431): a:-1: upgradech: set forceupgrade: true
08-29 11:28:24.113 D/e       (30431): a:-1: upgradech: set isForeground: true
08-29 11:28:24.121 D/SWUpgradeTaskManager(30431): addtask:-1: upgradech: task is add to the map and started immediately.
08-29 11:28:24.122 D/SWUpgradeTaskManager(30431): handleMessage:-1: upgradech:  swupgradeTaskmanger  new task added
08-29 11:28:24.122 D/SWUpgradeTaskManager(30431): getNextTask:-1: upgradech: getNextTask 
08-29 11:28:24.122 D/SWUpgradeTaskManager(30431): getNextTask:-1: upgradech: mTaskMap is not null  + map.size() :1
08-29 11:28:24.122 D/SWUpgradeTaskManager(30431): getNextTask:-1: upgradech: get task form mTaskMap  type:server
08-29 11:28:24.122 D/SWUpgradeTaskManager(30431): handleNextTask:-1: upgradech: current Upgrade type:server
08-29 11:28:24.122 D/SWUpgradeTaskManager(30431): handleNextTask:-1: upgradech: current Upgrade package type;:zip
08-29 11:28:24.122 D/SWUpgradeTaskManager(30431): handleNextTask:-1: upgradech: current Upgrade source: ;:ethChanged
08-29 11:28:24.122 D/SWUpgradeTaskManager(30431): handleNextTask:-1: upgradech: prop changed
08-29 11:28:24.122 D/SWUpgradeTaskManager(30431): startIniFileParse:-1: upgradech: startIniFileParse  time = 0
08-29 11:28:24.122 D/a       (30431): a:-1: upgradech: serverAddress is endwith ini  or jsp http://10.10.10.17:33600/UPGRADE/jsp/upgrade.jsp
08-29 11:28:24.122 D/a       (30431): a:-1: upgradech : setQueryParam start
08-29 11:28:24.122 D/a    [ 5986.059879] init: sys_prop: permission denied uid:1014  name:net.default.status
   (30431): a:-1: upgrad[ 5986.069674] init: sys_prop: permission denied uid:1014  name:net.default.auth
ech: setQueryParam done
08-29 11:28:24.122 D/a       (30431): a:-1: upgrade: upgradeServerUrl
08-29 11:28:24.122 D/SWAndroidRouter(30395): enable:112: leving writeLock...
08-29 11:28:24.131 I/SWUpnpServiceImpl(30395): <<< UPnP service started successfully
08-29 11:28:24.135 I/SWAndroidRouter(30395): displayIntentInfo:376: Connectivity change detected...
08-29 11:28:24.135 I/SWAndroidRouter(30395): displayIntentInfo:377: EXTRA_NO_CONNECTIVITY: true
08-29 11:28:24.136 I/SWAndroidRouter(30395): displayIntentInfo:378: EXTRA_REASON: null
08-29 11:28:24.136 I/SWAndroidRouter(30395): displayIntentInfo:379: EXTRA_IS_FAILOVER: false
08-29 11:28:24.138 I/SWAndroidRouter(30395): onReceive:325: No actual network change... ignoring event!
08-29 11:28:24.140 I/SWAndroidRouter(30395): displayIntentInfo:376: Connectivity change detected...
08-29 11:28:24.141 I/SWAndroidRouter(30395): displayIntentInfo:377: EXTRA_NO_CONNECTIVITY: true
08-29 11:28:24.141 I/SWAndroidRouter(30395): displayIntentInfo:378: EXTRA_REASON: null
08-29 11:28:24.142 I/SWAndroidRouter(30395): displayIntentInfo:379: EXTRA_IS_FAILOVER: false
08-29 11:28:24.143 W/dalvikvm(30395): dvmFindClassByName rejecting 'org/eclipse/jetty/http/mime_en'
08-29 11:28:24.143 W/dalvikvm(30395): dvmFindClassByName rejecting 'org/eclipse/jetty/http/mime'
08-29 11:28:24.146 I/SWAndroidRouter(30395): onReceive:325: No actual network change... ignoring event!
08-29 11:28:24.147 I/SWAndroidRouter(30395): displayIntentInfo:376: Connectivity change detected...
08-29 11:28:24.147 I/SWAndroidRouter(30395): displayIntentInfo:377: EXTRA_NO_CONNECTIVITY: false
08-29 11:28:24.148 I/SWAndroidRouter(30395): displayIntentInfo:378: EXTRA_REASON: null
08-29 11:28:24.148 I/SWAndroidRouter(30395): displayIntentInfo:379: EXTRA_IS_FAILOVER: false
08-29 11:28:24.152 I/SWAndroidRouter(30395): onReceive:325: No actual network change... ignoring event!
08-29 11:28:24.156 I/SWAndroidRouter(30395): displayIntentInfo:376: Connectivity change detected...
08-29 11:28:24.157 I/SWAndroidRouter(30395): displayIntentInfo:377: EXTRA_NO_CONNECTIVITY: false
08-29 11:28:24.157 I/SWAndroidRouter(30395): displayIntentInfo:378: EXTRA_REASON: null
08-29 11:28:24.157 I/SWAndroidRouter(30395): displayIntentInfo:379: EXTRA_IS_FAILOVER: false
08-29 11:28:24.163 I/SWAndroidRouter(30395): onReceive:325: No actual network change... ignoring event!
08-29 11:28:24.164 I/SWAndroidRouter(30395): displayIntentInfo:376: Connectivity change detected...
08-29 11:28:24.164 I/SWAndroidRouter(30395): displayIntentInfo:377: EXTRA_NO_CONNECTIVITY: false
08-29 11:28:24.165 I/SWAndroidRouter(30395): displayIntentInfo:378: EXTRA_REASON: null
08-29 11:28:24.165 I/SWAndroidRouter(30395): displayIntentInfo:379: EXTRA_IS_FAILOVER: false
eHWVersion=IPTV+STB+V100R003C30LIRM11&HardwareVersion=EC6108V9-01,timeOutRetryCount==1
08-29 11:28:24.168 D/a       (30431): run:-1: upgradech: request ini file start current count 0
08-29 11:28:24.170 D/a       (30431): run:-1: upgradech:mServerAddress==2000
08-29 11:28:24.170 W/System  (30431): Ignoring header Cookies because its value was null.
08-29 11:28:24.177 I/SWAndroidRouter(30395): onReceive:325: No actual network change... ignoring event!
08-29 11:28:24.178 I/SWAndroidRouter(30395): displayIntentInfo:376: Connectivity change detected...
08-29 11:28:24.182 I/SWAndroidRouter(30395): displayIntentInfo:377: EXTRA_NO_CONNECTIVITY: false
08-29 11:28:24.182 I/SWAndroidRouter(30395): displayIntentInfo:378: EXTRA_REASON: null
08-29 11:28:24.183 I/SWAndroidRouter(30395): displayIntentInfo:379: EXTRA_IS_FAILOVER: false
08-29 11:28:24.187 I/SWAndroidRouter(30395): onReceive:325: No actual network change... ignoring event!
08-29 11:28:24.188 D/SWDLNAMediaControl(30395): onServiceConnected:203: service connected
08-29 11:28:24.192 D/SWDLNAMediaServer$2(30395): onServiceConnected:155: service connected
08-29 11:28:24.193 D/SWDLNAMediaRenderer$1(30395): onServiceConnected:123: service connected
08-29 11:28:24.204 D/SWActionEvent(30395): registerEventReceiver:-1: registerEvent net.sunniwell.mediacenter.device.SWDLNAMediaServer$1@2cac1b00
08-29 11:28:24.216 D/dalvikvm(30395): GC_CONCURRENT freed 739K, 19% free 3494K/4264K, paused 3ms+5ms, total 38ms
08-29 11:28:24.218 D/SWTaskManager(30395): createThread:265: create thread '/mnt/sdb/sdb1_33' current size '34' threadPool size 34 dead thread size 0
08-29 11:28:24.222 D/SWTaskManager(30395): run:139: run thread '/mnt/sdb/sdb1_33' 249
08-29 11:28:24.241 E/SWDLNAMediaRenderer(30395): getProtocols:210: cannot parse 'http-get:*:
08-29 11:28:24.242 E/SWDLNAMediaServer(30395): getProtocols:274: cannot parse http-get:*:
08-29 11:28:24.242 E/SWDLNAMediaServer(30395): getProtocols:274: cannot parse video/x-la-asf:*
08-29 11:28:24.243 E/SWDLNAMediaRenderer(30395): getProtocols:210: cannot parse 'video/x-la-asf:*
08-29 11:28:24.248 D/SWDLNAMediaControl(30395): mSearch:354: mSearch    mSearch[ 5986.523791] init: sys_prop: permission denied uid:1014  name:net.default.status
 start
08-29 11:28:24.2[ 5986.532782] init: sys_prop: permission denied uid:1014  name:net.default.auth
53 D/ConnectivityService( 1984): handleInetConditionHoldEnd: net=9, condition=100, published condition=100
08-29 11:28:24.264 D/SWDLNAMediaControl(30395): onReceive:79: Router    onReceive isAvailable 'true'[ 5986.558448] 80211> CFG80211_OpsDisconnect ==> ReasonCode: 3, iftype: 2

08-29 11:28:24[ 5986.566013] CFG80211DRV_OpsLeave - Bssid=30:fc:68:bf:f7:89
.264 D/SWDLNAMed[ 5986.572867] AUTH - Send DE-AUTH request (Reason=3) to [30:fc:68:bf:f7:89] at channel [3],  Ap_Ch[1]
iaControl(30395)[ 5986.583308] !!! LINK DOWN !!!
: onReceive:81: [ 5986.587592] LinkDown: Bssid=[30:fc:68:bf:f7:89]
Router    onRece[ 5986.593524] RTMP_TimerListRelease: release timer obj f15705d0!
ive isConnected [ 5986.600707] RTMP_TimerListRelease: release timer obj f1571a0c!
'true'
08-29 11[ 5986.607895] RTMP_TimerListRelease: release timer obj f1571a3c!
:28:24.265 D/SWDLNAMediaControl(30395): onReceive:84: mCurrentNetworkType: 0
08-29 11:28:24.267 D/SWDLNAMediaControl(30395): onReceive:91: mIsFilterNetWork:false
08-29 11:28:[ 5986.629103] COEXLinkDown, BSSID:30:fc:68:bf:f7:89]
24.268 D/SWDLNAMediaCont[ 5986.635906] cfg80211: Calling CRDA to update world regulatory domain
rol(30395): handleMessage:284: Router    try to remove all device...
08-29 11:28:24.268 D/SWDLNAMediaControl(30395): handleMessage:287: Router    remove finish
08-29 11:28:24.270 I/k       ( 2411): b:-1: tms:get name=acs_password
08-29 11:28:24.270 I/Tms     ( 2411): getParameterFormNative:-1: tms:get acs_password
08-29 11:28:24.271 D/Tms     ( 2411): getParameterFormNative:-1: tms:get pname = isEncryptMark
08-29 11:28:24.271 D/k       ( 2411): b:-1: tms:get isEncryptMark
08-29 11:28:24.274 D/SWDLNAMediaControl(30395): onReceive:143: mCurrentNetworkType: 9
08-29 11:28:24.281 I/k       ( 2411): b:-1: tms:get name=isEncryptMark
08-29 11:28:24.281 I/Tms     ( 2411): getParameterFormNative:-1: tms:get isEncryptMark
08-29 11:28:24.281 D/Tms     ( 2411): getParameterFormNative:-1: tms:get pname = isEncryptMark
08-29 11:28:24.281 D/k       ( 2411): b:-1: tms:get isEncryptMark
08-29 11:28:24.293 W/dalvikvm(30395): dvmFindClassByName rejecting 'org/eclipse/jetty/http/encoding_en'
08-29 11:28:24.293 W/dalvikvm(30395): dvmFindClassByName rejecting 'org/eclipse/jetty/http/encoding'
08-29 11:28:24.303 I/k       ( 2411): b:-1: tms:get name=isEncryptMark
08-29 11:28:24.304 I/Tms     ( 2411): getParameterFormNative:-1: tms:get isEncryptMark
08-29 11:28:24.304 D/Tms     ( 2411): getParameterFormNative:-1: tms:get pname = isEncryptMark
08-29 11:28:24.304 D/k       ( 2411): b:-1: tms:get isEncryptMark
08-29 11:28:24.306 I/swshowmsg( 1456): [sw_check_userdata_proc:135]clearDataOperation:0
08-29 11:28:24.308 I/k       ( 2411): b:-1: tms:get name=isEncryptMark
08-29 11:28:24.308 I/Tms     ( 2411): getParameterFormNative:-1: tms:get isEncryptMark
08-29 11:28:24.308 D/Tms     ( 2411): getParameterFormNative:-1: tms:get pname = isEncryptMark
08-29 11:28:24.308 D/k       ( 2411): b:-1: tms:get isEncryptMark
08-29 11:28:24.315 I/k       ( 2411): b:-1: tms:get name=isEncryptMark
08-29 11:28:24.315 I/Tms     ( 2411): getParameterFormNative:-1: tms:get isEncryptMark
08-29 11:28:24.323 D/Tms     ( 2411): getParameterFormNative:-1: tms:get pname = acs_password
08-29 11:28:24.323 D/k       ( 2411): b:-1: tms:get acs_password
08-29 11:28:24.367 I/wpa_supplicant(30396): wlan0: CTRL-EVENT-TERMINATING 
08-29 11:28:24.368 D/EthernetDataTracker( 1984): Interface wlan0 link down
08-29 11:28:24.368 D/G3StateTracker( 1984): 3g interfaceLinkStateChanged wlan0 link down
08-29 11:28:24.368 D/Tethering( 1984): InitialState.processMessage what=4
08-29 11:28:24.369 D/EthernetDataTracker( 1984): Interface wlan0 link down
08-29 11:28:24.369 D/G3StateTracker( 1984): 3g interfaceLinkStateChanged wlan0 link down
08-29 11:28:24.370 D/Tethering( 1984): sendTetherStateChangedBroadcast 0, 0, 0
08-29 11:28:24.370 D/NtpTrustedTime( 1984): auto_time is false
08-29 11:28:24.383 D/dalvikvm(30395): GC_CONCURRENT freed 718K, 17% free 3764K/4516K, paused 4ms+13ms, total 50ms
08-29 11:28:24.384 D/dalvikvm(30395): WAIT_FOR_CONCURRENT_GC blocked 21ms
08-29 11:28:24.384 D/dalvikvm(30395): WAIT_FOR_CONCURRENT_GC blocked 6ms
08-29 11:28:24.384 D/dalvikvm(30395): WAIT_FOR_CONCURRENT_GC blocked 6ms
08-29 11:28:24.385 D/dalvikvm(30395): WAIT_FOR_CONCURRENT_GC blocked 7ms
08-29 11:28:24.385 D/dalvikvm(30395): WAIT_FOR_CONCURRENT_GC blocked 7ms
08-29 11:28:24.392 D/NtpTrustedTime( 1984): auto_time is false
08-29 11:28:24.395 D/SWTaskManager(30395): createThread:265: create thread '/mnt/sdb/sdb1_34' current size '35' threadPool size 35 dead thread size 0
08-29 11:28:24.401 D/SWTaskManager(30395): run:139: run thread '/mnt/sdb/sdb1_34' 259
08-29 11:28:24.471 W/Settings( 3001): Setting airplane_mode_on has moved from android.provider.Settings.System to android.provider.Settings.Global, returning read-only value.
08-29 11:28:24.511 D/dalvikvm(30395): GC_CONCURRENT freed 983K, 21% free 3860K/4876K, paused 3ms+4ms, total 34ms
08-29 11:28:24.511 D/dalvikvm(30395): WAIT_FOR_CONCURRENT_GC blocked 5ms
08-29 11:28:24.511 D/dalvikvm(30395): WAIT_FOR_CONCURRENT_GC blocked 19ms
08-29 11:28:24.511 D/dalvikvm(30395): WAIT_FOR_CONCURRENT_GC blocked 19ms
08-29 11:28:24.548 D/SWTaskManager(30395): run:139: run thread '/mnt/sdb/sdb1_35' 260
08-29 11:28:24.548 D/SWTaskManager(30395): createThread:265: create thread '/mnt/sdb/sdb1_35' current size '36' threadPool size 36 dead thread size 0
08-29 11:28:24.553 I/k       ( 2411): b:-1: tms:get name=acs_password
08-29 11:28:24.553 I/Tms     ( 2411): getParameterFormNative:-1: tms:get acs_password
08-29 11:28:24.555 I/CWMP (swtr069/src/cwmp_http.c:1549)( 2411): cwmp_http_send 1549 
08-29 11:28:24.555 I/CWMP (swtr069/src/cwmp_http.c:1549)( 2411): [Send]:
08-29 11:28:24.555 I/CWMP (swtr069/src/cwmp_http.c:1549)( 2411): ***
08-29 11:28:24.555 I/CWMP (swtr069/src/cwmp_http.c:1549)( 2411): 
08-29 11:28:24.564 I/CWMP (swtr069/src/cwmp_http.c:1383)( 2411): cwmp_http_recv 1383 [Receive]:
08-29 11:28:24.564 I/CWMP (swtr069/src/cwmp_http.c:1383)( 2411): ****
08-29 11:28:24.564 I/CWMP (swtr069/src/cwmp_http.c:1486)( 2411): cwmp_http_recv 1486 ***
08-29 11:28:24.565 D/CWMP (swtr069/src/swcwmp.c:217)( 2411): sw_cwmp_on_package 217 eventcode------------------>4
08-29 11:28:24.565 I/CWMP (swtr069/src/cwmp_http.c:1549)( 2411): cwmp_http_send 1549 
08-29 11:28:24.565 I/CWMP (swtr069/src/cwmp_http.c:1549)( 2411): [Send]:
08-29 11:28:24.565 I/CWMP (swtr069/src/cwmp_http.c:1549)( 2411): ***
08-29 11:28:24.565 I/CWMP (swtr069/src/cwmp_http.c:1549)( 2411): 
08-29 11:28:24.571 I/CWMP (swtr069/src/cwmp_http.c:1342)( 2411): cwmp_http_recv 1342 [Receive]:content size is NULL
08-29 11:28:24.571 I/CWMP (swtr069/src/cwmp_http.c:1342)( 2411): *
08-29 11:28:24.572 D/Tms     ( 2411): getParameterFormNative:-1: tms:get pname = cpe_firstusedate
08-29 11:28:24.572 D/k       ( 2411): b:-1: tms:get cpe_firstusedate
08-29 11:28:24.575 I/org.jaudiotagger.audio(30395): Reading file:path/mnt/sdb/sdb1/yinye/@#��%%~!@##$.mp3:abs:/mnt/sdb/sdb1/yinye/@#��%%~!@##$.mp3
08-29 11:28:24.579 I/k       ( 2411): b:-1: tms:get name=cpe_firstusedate
08-29 11:28:24.579 I/Tms     ( 2411): getParameterFormNative:-1: tms:get cpe_firstusedate
08-29 11:28:24.579 D/CWMP (swtr069/src/cwmp_http.c:478)( 2411): cwmp_http_message_pop 478 pop Ok ===============
08-29 11:28:24.579 D/CWMP (swtr069/src/cwmp_http.c:532)( 2411): cwmp_http_message_queue_proc 532 event = 15, param = 0
:494 net.sunniwell.base.tms.auditlog.SWAuditLogService.a:-1 net.sunniwell.base.tms.Tms.recordLogFormNative:-1 dalvik.system.NativeStart.run:-2 
08-29 11:28:24.676 D/PowerManagerService( 1984): stopedbysleep flags cleared
08-29 11:28:24.695 D/NetlinkEvent( 1448): Unexpected netlink message. type=0x11
08-29 11:28:24.731 D/NetlinkEvent( 1448): Unexpected netlink message. type=0x11
08-29 11:28:24.753 D/NetlinkEvent( 1448): Unexpected netlink message. type=0x11
08-29 11:28:24.841 D/Tms     ( 2411): getParameterFormNative:-1: tms:get pname = apk_list3
08-29 11:28:24.841 D/k       ( 2411): b:-1: tms:get apk_list3
08-29 11:28:24.841 I/AOService( 1460): hdmi_observer  remove@/class/ieee80211
providers.settings:4.4.2-10001025;
08-29 11:28:24.841 I/k       ( 2411): b:-1: tms:get name=apk_list3
08-29 11:28:24.842 I/Tms     ( 2411): getParameterFormNative:-1: tms:get apk_list3
08-29 11:28:24.842 D/Tms     ( 2411): getParameterFormNative:-1: tms:get pname = apk_list4
08-29 11:28:24.842 D/k       ( 2411): b:-1: tms:get apk_list4
roid.providers.downloads:4.4.2-10001025;com.android.musicfx:1.4;
08-29 11:28:24.843 I/k       ( 2411): b:-1: tms:get name=apk_list4
08-29 11:28:24.843 I/Tms     ( 2411): getParameterFormNative:-1: tms:get apk_list4
08-29 11:28:24.843 D/Tms     ( 2411): getParameterFormNative:-1: tms:get pname = StartPic_Result
08-29 11:28:24.843 D/k       ( 2411): b:-1: tms:get StartPic_Result
08-29 11:28:24.850 I/k       ( 2411): b:-1: tms:get name=StartPic_Result
08-29 11:28:24.850 I/Tms     ( 2411): getParameterFormNative:-1: tms:get StartPic_Result
08-29 11:28:24.851 D/Tms     ( 2411): getParameterFormNative:-1: tms:get pname = mac
08-29 11:28:24.851 D/k       ( 2411): b:-1: tms:get mac
08-29 11:28:24.852 I/k       ( 2411): b:-1: tms:get name=mac
08-29 11:28:24.852 I/Tms     ( 2411): getParameterFormNative:-1: tms:get mac
08-29 11:28:24.853 D/Tms     ( 2411): getParameterFormNative:-1: tms:get pname = defaultnetmode
08-29 11:28:24.853 D/k       ( 2411): b:-1: tms:get defaultnetmode
08-29 11:28:24.855 I/AOService( 1460): hdmi_observer  remove@/module/cfg80211
08-29 11:28:24.857 D/j       ( 2411): c:-1: connect is cut,but still can
08-29 11:28:24.858 D/j       ( 2411): a:-1: tms:isEthnetConnect=true
08-29 11:28:24.862 D/j       ( 2411): c:-1: connect is cut,but still can
08-29 11:28:24.863 D/j       ( 2411): a:-1: tms:Ethernet mode is:static
08-29 11:28:24.864 I/k       ( 2411): b:-1: tms:get name=defaultnetmode
08-29 11:28:24.866 D/dalvikvm(30395): GC_CONCURRENT freed 904K, 19% free 4154K/5092K, paused 3ms+6ms, total 64ms
08-29 11:28:24.866 D/dalvikvm(30395): WAIT_FOR_CONCURRENT_GC blocked 24ms
08-29 11:28:24.867 I/id3     (30395): Reading body forTENC:35
08-29 11:28:24.867 D/Tms     ( 2411): getParameterFormNative:-1: tms:get pname = defaultnetmode
08-29 11:28:24.867 I/datatype(30395): Read NumberFixedlength:1
08-29 11:28:24.867 D/k       ( 2411): b:-1: tms:get defaultnetmode
08-29 11:28:24.867 I/datatype(30395): Read SizeTerminatedString:www.jinxinzi.com size:34
08-29 11:28:24.869 D/dalvikvm(30395): WAIT_FOR_CONCURRENT_GC blocked 26ms
08-29 11:28:24.870 D/dalvikvm(30395): WAIT_FOR_CONCURRENT_GC blocked 24ms
08-29 11:28:24.870 I/id3     (30395): Reading body forWXXX:18
08-29 11:28:24.870 I/datatype(30395): Read NumberFixedlength:0
08-29 11:28:24.872 I/datatype(30395): Read NullTerminatedString: size inc terminator:1
08-29 11:28:24.872 I/datatype(30395): Read SizeTerminatedString:www.jinxinzi.com size:16
08-29 11:28:24.873 I/id3     (30395): Reading body forTCOP:67
08-29 11:28:24.873 I/datatype(30395): Read NumberFixedlength:1
08-29 11:28:24.873 I/datatype(30395): Read SizeTerminatedString:����� ���������� ���ѽ����� www.jinxinzi.com size:66
08-29 11:28:24.874 I/id3     (30395): Reading body forTOPE:67
08-29 11:28:24.874 I/datatype(30395): Read NumberFixedlength:1
08-29 11:28:24.875 I/datatype(30395): Read SizeTerminatedString:����� ���������� ���ѽ����� www.jinxinzi.com size:66
08-29 11:28:24.876 I/id3     (30395): Reading body forTCOM:67
08-29 11:28:24.876 I/datatype(30395): Read NumberFixedlength:1
08-29 11:28:24.876 I/datatype(30395): Read SizeTerminatedString:����� ���������� ���ѽ����� www.jinxinzi.com size:66
08-29 11:28:24.877 I/id3     (30395): Reading body forTIT2:13
08-29 11:28:24.877 I/datatype(30395): Read NumberFixedlength:1
08-29 11:28:24.877 I/datatype(30395): Read SizeTerminatedString:�¹������ size:12
08-29 11:28:24.879 D/j       ( 2411): c:-1: connect is cut,but still can
08-29 11:28:24.881 I/id3     (30395): Reading body forTALB:59
08-29 11:28:24.881 I/datatype(30395): Read NumberFixedlength:1
08-29 11:28:24.886 I/datatype(30395): Read SizeTerminatedString:���������� ���ѽ����� www.jinxinzi.com size:58
08-29 11:28:24.887 D/j       ( 2411): a:-1: tms:isEthnetConnect=true
08-29 11:28:24.890 I/id3     (30395): Reading body forTYER:11
08-29 11:28:24.890 I/datatype(30395): Read NumberFixedlength:1
08-29 11:28:24.891 I/datatype(30395): Read SizeTerminatedString:2007 size:10
08-29 11:28:24.893 D/j       ( 2411): c:-1: connect is cut,but still can
08-29 11:28:24.895 D/j       ( 2411): a:-1: tms:Ethernet mode is:static
08-29 11:28:24.895 I/k       ( 2411): b:-1: tms:get name=defaultnetmode
08-29 11:28:24.896 I/Tms     ( 2411): getParameterFormNative:-1: tms:get defaultnetmode
08-29 11:28:24.896 D/Tms     ( 2411): getParameterFormNative:-1: tms:get pname = lan_mask
08-29 11:28:24.896 D/k       ( 2411): b:-1: tms:get lan_mask
08-29 11:28:24.896 I/k       ( 2411): b:-1: tms:get name=lan_mask
08-29 11:28:24.896 I/Tms     ( 2411): getParameterFormNative:-1: tms:get lan_mask
08-29 11:28:24.897 D/Tms     ( 2411): getParameterFormNative:-1: tms:get pname = defaultnetmode
08-29 11:28:24.897 D/k       ( 2411): b:-1: tms:get defaultnetmode
08-29 11:28:24.898 D/dalvikvm( 1984): GC_CONCURRENT freed 1353K, 21% free 6606K/8348K, paused 3ms+10ms, total 85ms
08-29 11:28:24.906 D/dalvikvm( 2411): GC_CONCURRENT freed 1006K, 34% free 3064K/4600K, paused 2ms+3ms, total 42ms
08-29 11:28:24.907 D/j       ( 2411): c:-1: connect is cut,but still can
08-29 11:28:24.909 D/j       ( 2411): a:-1: tms:isEthnetConnect=true
08-29 11:28:24.913 D/j       ( 2411): c:-1: connect is cut,but still can
08-29 11:28:24.914 D/j       ( 2411): a:-1: tms:Ethernet mode is:static
08-29 11:28:24.914 I/k       ( 2411): b:-1: tms:get name=defaultnetmode
08-29 11:28:24.915 I/Tms     ( 2411): getParameterFormNative:-1: tms:get defaultnetmode
08-29 11:28:24.915 D/Tms     ( 2411): getParameterFormNative:-1: tms:get pname = lan_ip
08-29 11:28:24.915 D/k       ( 2411): b:-1: tms:get lan_ip
08-29 11:28:24.915 I/k       ( 2411): b:-1: tms:get name=lan_ip
08-29 11:28:24.915 I/Tms     ( 2411): getParameterFormNative:-1: tms:get lan_ip
08-29 11:28:24.916 D/Tms     ( 2411): getParameterFormNative:-1: tms:get pname = acs_url
08-29 11:28:24.916 D/k       ( 2411): b:-1: tms:get acs_url
08-29 11:28:24.925 I/k       ( 2411): b:-1: tms:get name=acs_url
08-29 11:28:24.925 I/Tms     ( 2411): getParameterFormNative:-1: tms:get acs_url
08-29 11:28:24.925 D/Tms     ( 2411): getParameterFormNative:-1: tms:get pname = defaultnetmode
08-29 11:28:24.925 D/k       ( 2411): b:-1: tms:get defaultnetmode
08-29 11:28:24.928 I/id3     (30395): Reading body forCOMM:64
08-29 11:28:24.928 I/datatype(30395): Read NumberFixedlength:1
08-29 11:28:24.928 I/datatype(30395): Reading from array from offset:1
08-29 11:28:24.929 I/datatype(30395): Read StringFixedLength:chi
08-29 11:28:24.929 I/datatype(30395): Read NullTerminatedString: size inc terminator:2
08-29 11:28:24.929 I/datatype(30395): Read SizeTerminatedString:���������� ���ѽ����� www.jinxinzi.com size:58
08-29 11:28:24.930 D/j       ( 2411): c:-1: connect is cut,but still can
08-29 11:28:24.930 I/id3     (30395): Reading body forTCON:17
08-29 11:28:24.930 I/datatype(30395): Read NumberFixedlength:1
08-29 11:28:24.930 I/datatype(30395): Read SizeTerminatedString:(131)���� size:16
08-29 11:28:24.931 I/id3     (30395): Reading body forTPE1:9
08-29 11:28:24.931 I/datatype(30395): Read NumberFixedlength:1
08-29 11:28:24.932 I/datatype(30395): Read SizeTerminatedString:����� size:8
08-29 11:28:24.932 I/id3     (30395): @#��%%~!@##$.mp3:Loaded Frames,there are:12
08-29 11:28:24.932 I/id3     (30395): Creating tag from a tag of a different version
08-29 11:28:24.932 I/id3     (30395): Copying primitives
08-29 11:28:24.933 I/id3     (30395): Copying Primitives
08-29 11:28:24.935 D/j       ( 2411): a:-1: tms:isEthnetConnect=true
08-29 11:28:24.938 D/j       ( 2411): c:-1: connect is cut,but still can
08-29 11:28:24.939 I/id3     (30395): V3:Orig id is:TYER:New id is:TDRC
08-29 11:28:24.942 D/j       ( 2411): a:-1: tms:Ethernet mode is:static
08-29 11:28:24.942 I/k       ( 2411): b:-1: tms:get name=defaultnetmode
08-29 11:28:24.942 I/Tms     ( 2411): getParameterFormNative:-1: tms:get defaultnetmode
08-29 11:28:24.942 D/Tms     ( 2411): getParameterFormNative:-1: tms:get pname = lan_ip
08-29 11:28:24.942 D/k       ( 2411): b:-1: tms:get lan_ip
08-29 11:28:24.942 I/k       ( 2411): b:-1: tms:get name=lan_ip
08-29 11:28:24.943 I/Tms     ( 2411): getParameterFormNative:-1: tms:get lan_ip
08-29 11:28:24.947 D/Tms     ( 2411): getParameterFormNative:-1: tms:get pname = app_version
08-29 11:28:24.947 D/k       ( 2411): b:-1: tms:get app_version
08-29 11:28:24.947 I/k       ( 2411): b:-1: tms:get name=app_version
08-29 11:28:24.948 I/Tms     ( 2411): getParameterFormNative:-1: tms:get app_version
08-29 11:28:24.948 D/Tms     ( 2411): getParameterFormNative:-1: tms:get pname = hardware_version
08-29 11:28:24.948 D/k       ( 2411): b:-1: tms:get hardware_version
08-29 11:28:24.948 I/k       ( 2411): b:-1: tms:get name=hardware_version
08-29 11:28:24.948 I/Tms     ( 2411): getParameterFormNative:-1: tms:get hardware_version
08-29 11:28:24.949 D/Tms     ( 2411): getParameterFormNative:-1: tms:get pname = hardware_version
08-29 11:28:24.949 D/k       ( 2411): b:-1: tms:get hardware_version
08-29 11:28:24.949 I/k       ( 2411): b:-1: tms:get name=hardware_version
08-29 11:28:24.949 I/Tms     ( 2411): getParameterFormNative:-1: tms:get hardware_version
08-29 11:28:24.950 D/Tms     ( 2411): getParameterFormNative:-1: tms:get pname = hardware_version
08-29 11:28:24.950 D/k       ( 2411): b:-1: tms:get hardware_version
08-29 11:28:24.950 I/k       ( 2411): b:-1: tms:get name=hardware_version
08-29 11:28:24.950 I/Tms     ( 2411): getParameterFormNative:-1: tms:get hardware_version
08-29 11:28:24.951 D/Tms     ( 2411): getParameterFormNative:-1: tms:get pname = acs_stun_NATDetected
08-29 11:28:24.951 D/k       ( 2411): b:-1: tms:get acs_stun_NATDetected
08-29 11:28:24.963 I/k       ( 2411): b:-1: tms:get name=acs_stun_NATDetected
08-29 11:28:24.963 I/Tms     ( 2411): getParameterFormNative:-1: tms:get acs_stun_NATDetected
08-29 11:28:24.964 D/Tms     ( 2411): getParameterFormNative:-1: tms:get pname = acs_UDPConnectionRequestAddress
08-29 11:28:24.964 D/k       ( 2411): b:-1: tms:get acs_UDPConnectionRequestAddress
08-29 11:28:24.971 I/k       ( 2411): b:-1: tms:get name=acs_UDPConnectionRequestAddress
08-29 11:28:24.971 I/Tms     ( 2411): getParameterFormNative:-1: tms:get acs_UDPConnectionRequestAddress
08-29 11:28:24.971 D/Tms     ( 2411): getParameterFormNative:-1: tms:get pname = tr069_protocol
08-29 11:28:24.971 D/k       ( 2411): b:-1: tms:get tr069_protocol
08-29 11:28:24.979 I/k       ( 2411): b:-1: tms:get name=tr069_protocol
08-29 11:28:24.980 I/Tms     ( 2411): getParameterFormNative:-1: tms:get tr069_protocol
08-29 11:28:24.980 D/Tms     ( 2411): getParameterFormNative:-1: tms:get pname = isEncryptMark
08-29 11:28:24.980 D/k       ( 2411): b:-1: tms:get isEncryptMark
08-29 11:28:24.987 I/k       ( 2411): b:-1: tms:get name=isEncryptMark
08-29 11:28:24.987 I/Tms     ( 2411): getParameterFormNative:-1: tms:get isEncryptMark
08-29 11:28:24.987 D/Tms     ( 2411): getParameterFormNative:-1: tms:get pname = acs_commandkey
08-29 11:28:24.987 D/k       ( 2411): b:-1: tms:get acs_commandkey
08-29 11:28:24.995 I/k       ( 2411): b:-1: tms:get name=acs_commandkey
08-29 11:28:24.995 I/Tms     ( 2411): getParameterFormNative:-1: tms:get acs_commandkey
08-29 11:28:24.995 D/Tms     ( 2411): setParameterFormNative:-1: tms:set acs_commandkey
08-29 11:28:24.995 I/k       ( 2411): a:-1: tms:set acs_commandkey
08-29 11:28:25.000 D/SWAPKSQLiteOpenHelper( 2411): setParameter:-1: primary key 'tms.acs.commandkey' no need to update.
08-29 11:28:25.001 I/CWMP (swtr069/src/cwmp_http.c:1549)( 2411): cwmp_http_send 1549 
08-29 11:28:25.001 I/CWMP (swtr069/src/cwmp_http.c:1549)( 2411): [Send]:
08-29 11:28:25.001 I/CWMP (swtr069/src/cwmp_http.c:1549)( 2411): ***
08-29 11:28:25.001 I/CWMP (swtr069/src/cwmp_http.c:1549)( 2411): 
08-29 11:28:25.006 I/CWMP (swtr069/src/cwmp_http.c:1484)( 2411): cwmp_http_recv 1484 401=[Receive]:
08-29 11:28:25.006 I/CWMP (swtr069/src/cwmp_http.c:1484)( 2411): ***
08-29 11:28:25.007 D/Tms     ( 2411): getParameterFormNative:-1: tms:get pname = acs_username
08-29 11:28:25.007 D/k       ( 2411): b:-1: tms:get acs_username
08-29 11:28:25.016 I/k       ( 2411): b:-1: tms:get name=acs_username
08-29 11:28:25.016 I/Tms     ( 2411): getParameterFormNative:-1: tms:get acs_username
08-29 11:28:25.016 D/Tms     ( 2411): getParameterFormNative:-1: tms:get pname = acs_password
08-29 11:28:25.016 D/k       ( 2411): b:-1: tms:get acs_password
08-29 11:28:25.019 I/org.jaudiotagger.audio(30395): Reading file:path/mnt/sdb/sdb1/shipin/��� - ʹ�����_new.ogg:abs:/mnt/sdb/sdb1/shipin/��� - ʹ�����_new.ogg
08-29 11:28:25.077 D/dalvikvm(30395): GC_CONCURRENT freed 1024K, 20% free 4335K/5396K, paused 5ms+6ms, total 49ms
08-29 11:28:25.078 D/dalvikvm(30395): WAIT_FOR_CONCURRENT_GC blocked 14ms
08-29 11:28:25.079 D/dalvikvm(30395): WAIT_FOR_CONCURRENT_GC blocked 14ms
08-29 11:28:25.079 D/dalvikvm(30395): WAIT_FOR_CONCURRENT_GC blocked 14ms
08-29 11:28:25.079 D/dalvikvm(30395): WAIT_FOR_CONCURRENT_GC blocked 16ms
08-29 11:28:25.153 I/org.jaudiotagger.audio(30395): Reading file:path/mnt/sdb/sdb1/yinye/aac-katy perry-e.t..mka:abs:/mnt/sdb/sdb1/yinye/aac-katy perry-e.t..mka
08-29 11:28:25.170 I/SWDLNAMediaRenderer(30395): doConnect:227: registry device success
08-29 11:28:25.235 I/k       ( 2411): b:-1: tms:get name=acs_password
08-29 11:28:25.235 I/Tms     ( 2411): getParameterFormNative:-1: tms:get acs_password
08-29 11:28:25.235 D/Tms     ( 2411): getParameterFormNative:-1: tms:get pname = isEncryptMark
08-29 11:28:25.235 D/k       ( 2411): b:-1: tms:get isEncryptMark
08-29 11:28:25.248 I/k       ( 2411): b:-1: tms:get name=isEncryptMark
08-29 11:28:25.248 I/Tms     ( 2411): getParameterFormNative:-1: tms:get isEncryptMark
08-29 11:28:25.248 D/Tms     ( 2411): getParameterFormNative:-1: tms:get pname = isEncryptMark
08-29 11:28:25.248 D/k       ( 2411): b:-1: tms:get isEncryptMark
08-29 11:28:25.255 I/k       ( 2411): b:-1: tms:get name=isEncryptMark
08-29 11:28:25.255 I/Tms     ( 2411): getParameterFormNative:-1: tms:get isEncryptMark
08-29 11:28:25.255 D/Tms     ( 2411): getParameterFormNative:-1: tms:get pname = isEncryptMark
08-29 11:28:25.255 D/k       ( 2411): b:-1: tms:get isEncryptMark
08-29 11:28:25.255 D/ASWMediaDevice(30395): sendEvent:581: sendEvent net.sunniwell.event.MEDIACENTER_DEVICE
08-29 11:28:25.261 D/SWDLNAMediaServer$1(30395): onReceive:73: recv 'net.sunniwell.event.MEDIACENTER_DEVICE
08-29 11:28:25.265 I/k       ( 2411): b:-1: tms:get name=isEncryptMark
08-29 11:28:25.265 I/Tms     ( 2411): getParameterFormNative:-1: tms:get isEncryptMark
08-29 11:28:25.265 D/Tms     ( 2411): getParameterFormNative:-1: tms:get pname = isEncryptMark
08-29 11:28:25.265 D/k       ( 2411): b:-1: tms:get isEncryptMark
08-29 11:28:25.273 I/k       ( 2411): b:-1: tms:get name=isEncryptMark
08-29 11:28:25.273 I/Tms     ( 2411): getParameterFormNative:-1: tms:get isEncryptMark
08-29 11:28:25.273 D/Tms     ( 2411): getParameterFormNative:-1: tms:get pname = acs_password
08-29 11:28:25.273 D/k       ( 2411): b:-1: tms:get acs_password
rate:320 trackLength:01:22 mpeg frameheader: frame length:320 version:[ 5988.727026] init: sys_prop: permission denied uid:1000  name:isHandlePowerKey
MPEG-1 layer:Layer 1 channelMode:Dual noOfSamples:384 samplingRate:48000 isPadding:false isProtected:fal[ 5988.743342] init: sys_prop: permission denied uid:1000  name:isHandleSettingKey
se isPrivate:true isCopyrighted:false isOriginal:false isVariableBitRatefalse header as binary:11111111 11110011 11000110 01111101
08-29 11:28:25.294 W/org.jaudiotagger.audio(30395):  /mnt/sd[ 5988.767080] init: sys_prop: permission denied uid:1000  name:isHandleHomeKey
b/sdb1/yinye/aac-katy perry-e.t..mka:Checking further because the ID3 Tag ends at 0x0 but the mp3 audio doesnt start until 0xe33b
08-29 11:28:25.306 I/swshowmsg( 1456): [sw_ch[ 5988.789172] init: sys_prop: permission denied uid:1000  name:isHandleSystemKey
eck_userdata_proc:135]clearDataOperation:0
08-29 11:28:25.358 D/WifiHW  ( 1984): uevent path:/sys/bus/usb/devices/./uevent
08-29 11:28:25.358 D/WifiHW  ( 1984): uevent path:/sys/bus/usb/devices/../uevent
08-29 11:28:25.35[ 5988.816099] init: sys_prop: permission denied uid:1000  name:isLockedAllKeys
8 D/WifiHW  ( 1984): uevent path:/sys/bus/usb/devices/1-1/uevent
08-29 11:28:25.358 D/WifiHW  ( 1984): uevent path:/sys/bus/usb/devices/1-2/uevent
08-29 11:28:25.358 D/WifiHW  ( 1984): pid:vid : 0e8d:7632
08-29 11:28:25.358 D/WifiHW  ( 1984): find device id = 21, and mode = 0
08-29 11:28:25.358 D/WifiHW  ( 1984): wifi mode:0 and device_id:21
08-29 11:28:25.367 I/AOService( 1460): hdmi_observer  add@/module/cfg80211
08-29 11:28:25.370 I/WifiReceiver(30296): wifi action === android.net.wifi.WIFI_STATE_CHANGED
