08-29 11:28:25.370 D/HiRMService( 2399): mNetReceiver onReceive --android.net.wifi.WIFI_STATE_CHANGED
08-29 11:28:25.370 D/a       ( 3056): onReceive:-1: action==android.net.wifi.WIFI_STATE_CHANGED
08-29 11:28:25.372 D/com.huawei.launcher.StatusReciver(30296): onReceive(): action = android.net.wifi.WIFI_STATE_CHANGED
08-29 11:28:25.373 D/com.huawei.launcher.StatusReciver(30296): handleStatus(): action==android.net.wifi.WIFI_STATE_CHANGED
08-29 11:28:25.577 I/org.jaudiotagger.audio(30395): /mnt/sdb/sdb1/yinye/aac-katy perry-e.t..mka: Confirmed audio starts at 0xe33b whether searching from start or from end of ID3 tag
08-29 11:28:25.577 I/org.jaudiotagger.audio(30395): No ids3v11 tag found
08-29 11:28:25.577 I/org.jaudiotagger.audio(30395): No id3v1 tag found
08-29 11:28:25.578 I/org.jaudiotagger.audio(30395): Attempting to read id3v2tags
08-29 11:28:25.578 I/id3     (30395): ByteBuffer pos:0:limit58171:cap58171
08-29 11:28:25.578 I/org.jaudiotagger.audio(30395): No id3v24 tag found
08-29 11:28:25.578 I/id3     (30395): ByteBuffer pos:0:limit58171:cap58171
08-29 11:28:25.578 I/org.jaudiotagger.audio(30395): No id3v23 tag found
08-29 11:28:25.578 I/id3     (30395): ByteBuffer pos:0:limit58171:cap58171
08-29 11:28:25.579 I/org.jaudiotagger.audio(30395): No id3v22 tag found
08-29 11:28:25.579 E/SWMetadataScannerAudio(30395): parseMp3:195: cann't decode null
08-29 11:28:25.581 I/k       ( 2411): b:-1: tms:get name=cpe_firstusedate
08-29 11:28:25.581 I/Tms     ( 2411): getParameterFormNative:-1: tms:get cpe_firstusedate
08-29 11:28:25.582 D/CWMP (swtr069/src/cwmp_http.c:478)( 2411): cwmp_http_message_pop 478 pop Ok ===============
08-29 11:28:25.614 I/AOService( 1460): hdmi_observer  add@/devices/platform/hiusb-ehci.0/usb1/1-2/ieee80211/phy0
08-29 11:28:25.622 I/AOService( 1460): hdmi_observer  add@/devices/platform/hiusb-ehci.0/usb1/1-2/ieee80211/phy0/rfkill12
08-29 11:28:25.626 D/ASWMediaDevice(30395): sendEvent:581: sendEvent net.sunniwell.event.MEDIACENTER_DEVICE
08-29 11:28:25.627 I/AOService( 1460): hdmi_observer  add@/devices/platform/hiusb-ehci.0/usb1/1-2/net/wlan0
08-29 11:28:25.628 I/AOService( 1460): hdmi_observer  add@/devices/platform/hiusb-ehci.0/usb1/1-2/net/wlan0/queues/rx-0
08-29 11:28:25.628 I/AOService( 1460): hdmi_observer  add@/devices/platform/hiusb-ehci.0/usb1/1-2/net/wlan0/queues/tx-0
08-29 11:28:25.630 I/AOService( 1460): hdmi_observer  add@/bus/usb/drivers/rt2870
08-29 11:28:25.631 D/SWDLNAMediaServer$1(30395): onReceive:73: recv 'net.sunniwell.event.MEDIACENTER_DEVICE
08-29 11:28:25.632 D/EthernetDataTracker( 1984): checkInterfaceName is false
08-29 11:28:25.632 I/G3StateTracker( 1984): interfaceAdded(wlan0)
08-29 11:28:25.633 D/EthernetDataTracker( 1984): Interface wlan0 link down
08-29 11:28:25.633 D/G3StateTracker( 1984): 3g interfaceLinkStateChanged wlan0 link down
08-29 11:28:25.634 D/Tethering( 1984): sendTetherStateChangedBroadcast 0, 0, 0
08-29 11:28:25.634 D/Tethe[ 5989.126359] binder: undelivered transaction 4957467
ring( 1984): Ini[ 5989.132530] binder: undelivered transaction 4957470
tialState.proces[ 5989.138802] binder: undelivered transaction 4957471
sMessage what=4
08-29 11:28:25.634 D/NtpTrustedTime( 1984): auto_time is false
08-29 11:28:25.635 D/Tethering( 1984): sendTetherStateChangedBroadcast 0, 0, 0
08-29 11:28:25.650 D/DHCP    ( 1448): ifc_init_returning 0
08-29 11:28:25.650 D/DHCP    ( 1448): ifc_close
08-29 11:28:25.654 D/CommandListener( 1448): Setting iface cfg
08-29 11:28:25.654 D/DHCP    ( 1448): ifc_init_returning 0
08-29 11:28:25.654 D/DHCP    ( 1448): ifc_set_addr(wlan0, xx) = 0
08-29 11:28:25.654 D/CommandListener( 1448): Trying to bring down wlan0
08-29 11:28:25.654 D/DHCP    ( 1448): ifc_down(wlan0) = 0
08-29 11:28:25.654 D/DHCP    ( 1448): ifc_close
08-29 11:28:25.656 D/NtpTrustedTime( 1984): auto_time is false
08-29 11:28:25.656 D/NtpTrustedTime( 1984): auto_time is false
08-29 11:28:25.669 D/Tms     ( 2411): getParameterFormNative:-1: tms:get pname = tmsreg
08-29 11:28:25.669 D/k       ( 2411): b:-1: tms:get tmsreg
08-29 11:28:25.677 I/k       ( 2411): b:-1: tms:get name=tmsreg
08-29 11:28:25.677 I/Tms     ( 2411): getParameterFormNative:-1: tms:get tmsreg
08-29 11:28:25.677 D/CWMP (swtr069/src/cwmp_sqm_nat.c:102)( 2411): cwmp_nat_sleep 102 acs_stun_ boot
08-29 11:28:25.678 D/Tms     ( 2411): handleMessage:-1: tms: finish notifyEventToTms,what=4097,event=0,pName=,pValue=
08-29 11:28:25.678 D/Tms     ( 2411): handleMessage:-1: tms: run notifyEventToTms,what=4113,event=0,pName=,pValue=
08-29 11:28:25.678 D/CWMP (swctctms.c:71)( 2411): sw_ctctms_notifyevent 71 -------ctctms_notifyevent type = 1011 event = 0-------
08-29 11:28:25.678 D/CWMP (swctctms.c:74)( 2411): sw_ctctms_notifyevent 74 -------ctctms_notifyevent wpara 0  lpara = 0 name =  value = ****-------
08-29 11:28:25.679 D/Tms     ( 2411): handleMessage:-1: tms: finish notifyEventToTms,what=4113,event=0,pName=,pValue=
08-29 11:28:25.679 D/WifiHW  ( 1984): in wifi_start_supplicant
08-29 11:28:25.680 E/WifiHW  ( 1984): ====>>close sockets and cleanup
08-29 11:28:25.680 D/WifiHW  ( 1984): supplicant_prop_name:init.svc.76x2_supplicant, supplicant_name:76x2_supplicant
08-29 11:28:25.681 D/Tms     ( 2411): handleMessage:-1: tms: run notifyEventToTms,what=8192,event=0,pName=,pValue=
08-29 11:28:25.681 D/CWMP (swctctms.c:71)( 2411): sw_ctctms_notifyevent 71 -------ctctms_notifyevent type = 2000 event = 0-------
08-29 11:28:25.681 D/CWMP (swctctms.c:74)( 2411): sw_ctctms_notifyevent 74 -------ctctms_notifyevent wpara 0  lpara = 0 name =  value = ****-------
08-29 11:28:25.681 D/Tms     ( 2411): handleMessage:-1: tms: finish notifyEventToTms,what=8192,event=0,pName=,pValue=
08-29 11:28:25.684 D/WifiHW  ( 1984): ...... running status.....
08-29 11:28:25.688 D/WifiMonitor( 1984): startMonitoring(wlan0) with mConnected = false
08-29 11:28:25.688 I/WifiReceiver(30296): wifi action === android.net.wifi.WIFI_STATE_CHANGED
08-29 11:28:25.689 D/HiRMService( 2399): mNetReceiver onReceive --android.net.wifi.WIFI_STATE_CHANGED
08-29 11:28:25.689 D/LAUNCHER(30296): msg.what  = 101  msg.arg1 = 100
08-29 11:28:25.690 E/WifiHW  ( 1984): Unable to open connection to supplicant on "@android:wpa_wlan0": No such file or directory
08-29 11:28:25.696 D/NtpTrustedTime( 1984): auto_time is false
08-29 11:28:25.715 I/wpa_supplicant(30670): Successfully initialized wpa_supplicant
08-29 11:28:25.715 I/wpa_supplicant(30670): wpa_config_read_network  pos:ssid 
08-29 11:28:25.715 I/wpa_supplicant(30670): wpa_config_read_network  pos:psk 
08-29 11:28:25.715 I/wpa_supplicant(30670): net.wifiKey.encrypt true 
08-29 11:28:25.782 D/CWMP (swtr069/src/cwmp_http.c:532)( 2411): cwmp_http_message_queue_proc 532 event = 1, param = 0
08-29 11:28:25.782 D/Tms     ( 2411): getParameterFormNative:-1: tms:get pname = acs_url
08-29 11:28:25.782 D/k       ( 2411): b:-1: tms:get acs_url
08-29 11:28:25.791 I/k       ( 2411): b:-1: tms:get name=acs_url
08-29 11:28:25.791 I/Tms     ( 2411): getParameterFormNative:-1: tms:get acs_url
08-29 11:28:25.791 D/CWMP (swtr069/src/cwmp_http.c:663)( 2411): cwmp_http_read_acsurl 663 m_url.port = 37021, m_url.ip = *.*.*.*
08-29 11:28:25.791 D/COMMON (/home/zhanghongyang/middleware_code/base/swapi/src/common/swhttp/swhttpclient.c:131)( 2411): sw_httpclient_connect 0x4a95952c,timeout=5000
08-29 11:28:25.791 I/COMMON (/home/zhanghongyang/middleware_code/base/swapi/src/common/swhttp/swhttpclient.c:1018)( 2411): sw_httpclient_set_err_code sw_httpclient_set_err_code 0
08-29 11:28:25.792 D/CWMP (swtr069/src/cwmp_http.c:1639)( 2411): cwmp_cpe_http_connect 1639 ++++++++++sw_httpclient_connect OK+++++++++++
08-29 11:28:25.792 D/Tms     ( 2411): getParameterFormNative:-1: tms:get pname = acs_commandkey
08-29 11:28:25.792 D/k       ( 2411): b:-1: tms:get acs_commandkey
08-29 11:28:25.799 I/k       ( 2411): b:-1: tms:get name=acs_commandkey
08-29 11:28:25.799 I/Tms     ( 2411): getParameterFormNative:-1: tms:get acs_commandkey
08-29 11:28:25.799 D/CWMP (swtr069/src/cwmp_db.c:1177)( 2411): Device_DeviceInfo_SerialNumber 1177 act_type = 0, readable = 1
08-29 11:28:25.799 D/CWMP (swtr069/src/cwmp_db.c:1180)( 2411): Device_DeviceInfo_SerialNumber 1180 
08-29 11:28:25.799 D/Tms     ( 2411): getParameterFormNative:-1: tms:get pname = stbid
:494 net.sunniwell.base.tms.auditlog.SWAuditLogService.a:-1 net.sunniwell.base.tms.Tms.recordLogFormNative:-1 dalvik.system.NativeStart.run:-2 
08-29 11:28:25.859 W/dalvikvm(30395): VFY: unable to find class referenced in signature (Ljavax/swing/tree/DefaultMutableTreeNode;)
08-29 11:28:25.860 E/dalvikvm(30395): Could not find class 'javax.swing.tree.DefaultMutableTreeNode', referenced from method org.jaudiotagger.audio.mp4.Mp4TagWriter.write
08-29 11:28:25.860 W/dalvikvm(30395): VFY: unable to resolve check-cast 1461 (Ljavax/swing/tree/DefaultMutableTreeNode;) in Lorg/jaudiotagger/audio/mp4/Mp4TagWriter;
08-29 11:28:25.860 D/dalvikvm(30395): VFY: replacing opcode 0x1f at 0x009e
08-29 11:28:25.861 I/k       ( 2411): b:-1: tms:get name=MReboot
08-29 11:28:25.861 I/Tms     ( 2411): getParameterFormNative:-1: tms:get MReboot
08-29 11:28:25.862 D/Tms     ( 2411): getParameterFormNative:-1: tms:get pname = MTRANSFERCOMPLETE
08-29 11:28:25.862 D/k       ( 2411): b:-1: tms:get MTRANSFERCOMPLETE
08-29 11:28:25.862 I/wpa_supplicant(30670): rfkill: Cannot open RFKILL control device
08-29 11:28:25.862 I/org.jaudiotagger.audio(30395): Reading file:path/mnt/sdb/sdb1/yinye/aac����֮��.m4a:abs:/mnt/sdb/sdb1/yinye/aac����֮��.m4a
08-29 11:28:25.863 I/generic (30395): File /mnt/sdb/sdb1/yinye/aac����֮��.m4a being read
08-29 11:28:25.888 D/dalvikvm( 2680): GC_EXPLICIT freed 179K, 13% free 3008K/3436K, paused 2ms+3ms, total 25ms
08-29 11:28:25.896 I/k       ( 2411): b:-1: tms:get name=MTRANSFERCOMPLETE
08-29 11:28:25.896 I/Tms     ( 2411): getParameterFormNative:-1: tms:get MTRANSFERCOMPLETE
08-29 11:28:25.897 D/Tms     ( 2411): getParameterFormNative:-1: tms:get pname = apk_total_num
08-29 11:28:25.897 D/k       ( 2411): b:-1: tms:get apk_total_num
08-29 11:28:25.904 D/dalvikvm(30395): GC_FOR_ALLOC freed 915K, 22% free 4452K/5704K, paused 39ms, total 39ms
08-29 11:28:25.921 I/atom    (30395): Encoding infos content:
08-29 11:28:25.921 I/atom    (30395): 	SAMPLING : 44100
08-29 11:28:25.921 I/atom    (30395): 	PROFILE : LOW_COMPLEXITY
08-29 11:28:25.921 I/atom    (30395): 	CHANNB : -14
08-29 11:28:25.921 I/atom    (30395): 	VBR : true
08-29 11:28:25.921 I/atom    (30395): 	INFOS : 
08-29 11:28:25.921 I/atom    (30395): 	BITRATE : 63
08-29 11:28:25.921 I/atom    (30395): 	KIND : MPEG4_AUDIO
08-29 11:28:25.921 I/atom    (30395): 	BRAND : mp42
08-29 11:28:25.921 I/atom    (30395): 	LENGTH : 235.0
08-29 11:28:25.921 I/atom    (30395): 	TYPE : AAC
08-29 11:28:25.923 W/dalvikvm(30395): VFY: unable to find class referenced in signature (Ljavax/swing/tree/DefaultTreeModel;)
08-29 11:28:25.923 W/dalvikvm(30395): VFY: unable to find class referenced in signature (Ljavax/swing/tree/DefaultTreeModel;)
08-29 11:28:25.923 W/dalvikvm(30395): VFY: unable to find class referenced in signature (Ljavax/swing/tree/DefaultMutableTreeNode;)
fNode
08-29 11:28:25.925 W/dalvikvm(30395): VFY: unable to resolve virtual method 8417: Ljavax/swing/tree/DefaultMutableTreeNode;.getUserObject ()Ljava/lang/Object;
08-29 11:28:25.925 D/dalvikvm(30395): VFY: replacing opcode 0x74 at 0x0000
08-29 11:28:25.932 E/dalvikvm(30395): Could not find class 'javax.swing.tree.DefaultMutableTreeNode', referenced from method org.jaudiotagger.audio.mp4.Mp4AtomTree.buildTree
08-29 11:28:25.932 W/dalvikvm(30395): VFY: unable to resolve new-instance 1461 (Ljavax/swing/tree/DefaultMutableTreeNode;) in Lorg/jaudiotagger/audio/mp4/Mp4AtomTree;
08-29 11:28:25.932 D/dalvikvm(30395): VFY: replacing opcode 0x22 at 0x000a
08-29 11:28:25.932 W/dalvikvm(30395): VFY: unable to find class referenced in signature (Ljavax/swing/tree/DefaultMutableTreeNode;)
08-29 11:28:25.933 I/dalvikvm(30395): Could not find method javax.swing.tree.DefaultMutableTreeNode.getUserObject, referenced from method org.jaudiotagger.audio.mp4.Mp4AtomTree.getBoxHeader
08-29 11:28:25.933 W/dalvikvm(30395): VFY: unable to resolve virtual method 8417: Ljavax/swing/tree/DefaultMutableTreeNode;.getUserObject ()Ljava/lang/Object;
08-29 11:28:25.933 D/dalvikvm(30395): VFY: replacing opcode 0x6e at 0x0004
08-29 11:28:25.933 W/dalvikvm(30395): VFY: unable to find class referenced in signature (Ljavax/swing/tree/DefaultTreeModel;)
08-29 11:28:25.934 W/dalvikvm(30395): VFY: unable to find class referenced in signature (Ljavax/swing/tree/DefaultMutableTreeNode;)
08-29 11:28:25.934 W/dalvikvm(30395): VFY: unable to find class referenced in signature (Ljavax/swing/tree/DefaultMutableTreeNode;)
08-29 11:28:25.935 W/dalvikvm(30395): VFY: unable to find class referenced in signature (Ljavax/swing/tree/DefaultMutableTreeNode;)
08-29 11:28:25.935 W/dalvikvm(30395): VFY: unable to find class referenced in signature (Ljavax/swing/tree/DefaultMutableTreeNode;)
08-29 11:28:25.936 W/dalvikvm(30395): VFY: unable to find class referenced in signature (Ljavax/swing/tree/DefaultMutableTreeNode;)
08-29 11:28:25.936 W/dalvikvm(30395): VFY: unable to find class referenced in signature (Ljavax/swing/tree/DefaultMutableTreeNode;)
08-29 11:28:25.937 W/dalvikvm(30395): VFY: unable to find class referenced in signature (Ljavax/swing/tree/DefaultMutableTreeNode;)
08-29 11:28:25.937 W/dalvikvm(30395): VFY: unable to find class referenced in signature (Ljavax/swing/tree/DefaultMutableTreeNode;)
mTree
08-29 11:28:25.938 W/dalvikvm(30395): VFY: unable to resolve virtual method 8419: Ljavax/swing/tree/DefaultMutableTreeNode;.preorderEnumeration ()Ljava/util/Enumeration;
08-29 11:28:25.938 D/dalvikvm(30395): VFY: replacing opcode 0x6e at 0x0002
08-29 11:28:25.938 D/dalvikvm(30395): DexOpt: unable to opt direct call 0x20db at 0xaf in Lorg/jaudiotagger/audio/mp4/Mp4AtomTree;.buildChildrenOfNode
08-29 11:28:25.939 D/dalvikvm(30395): DexOpt: unable to opt direct call 0x20da at 0x0c in Lorg/jaudiotagger/audio/mp4/Mp4AtomTree;.buildTree
08-29 11:28:25.939 D/dalvikvm(30395): DexOpt: unable to opt direct call 0x20e8 at 0x15 in Lorg/jaudiotagger/audio/mp4/Mp4AtomTree;.buildTree
08-29 11:28:25.939 D/dalvikvm(30395): DexOpt: unable to opt direct call 0x20db at 0x49 in Lorg/jaudiotagger/audio/mp4/Mp4AtomTree;.buildTree
08-29 11:28:25.939 D/dalvikvm(30395): DexOpt: unable to opt direct call 0x20db at 0xc5 in Lorg/jaudiotagger/audio/mp4/Mp4AtomTree;.buildTree
08-29 11:28:25.945 E/SWMetadataScannerAudio(30395): parseM4a:264: cann't decode '/mnt/sdb/sdb1/yinye/aac����֮��.m4a' Unable to determine start of audio in file
08-29 11:28:26.018 D/dalvikvm( 2411): GC_CONCURRENT freed 361K, 23% free 3562K/4600K, paused 3ms+13ms, total 47ms
08-29 11:28:26.063 D/SWUsbUpgradeService(30431): handleMessage:-1: upgradech: wait launcher ended 
08-29 11:28:26.070 D/SWUsbUpgradeService(30431): a:-1: upgradech: current is stc 
08-29 11:28:26.074 D/SWUsbUpgradeService(30431): a:-1: upgracech:ui: result = 0
08-29 11:28:26.074 D/c       ( 2411): b:-1: tms:-------apk_total_num=65
08-29 11:28:26.075 I/k       ( 2411): b:-1: tms:get name=apk_total_num
08-29 11:28:26.075 I/Tms     ( 2411): getParameterFormNative:-1: tms:get apk_total_num
08-29 11:28:26.076 I/k       ( 2411): b:-1: tms:get name=apk_list1
08-29 11:28:26.076 I/Tms     ( 2411): getParameterFormNative:-1: tms:get apk_list1
08-29 11:28:26.076 D/Tms     ( 2411): getParameterFormNative:-1: tms:get pname = apk_list2
08-29 11:28:26.076 D/k       ( 2411): b:-1: tms:get apk_list2
android.externalstorage:4.4.2-10001025;
08-29 11:28:26.077 I/k       ( 2411): b:-1: tms:get name=apk_list2
08-29 11:28:26.077 I/Tms     ( 2411): getParameterFormNative:-1: tms:get apk_list2
08-29 11:28:26.077 D/Tms     ( 2411): getParameterFormNative:-1: tms:get pname = apk_list3
08-29 11:28:26.077 D/k       ( 2411): b:-1: tms:get apk_list3
providers.settings:4.4.2-10001025;
08-29 11:28:26.077 I/k       ( 2411): b:-1: tms:get name=apk_list3
08-29 11:28:26.078 I/Tms     ( 2411): getParameterFormNative:-1: tms:get apk_list3
08-29 11:28:26.078 D/Tms     ( 2411): getParameterFormNative:-1: tms:get pname = apk_list4
08-29 11:28:26.078 D/k       ( 2411): b:-1: tms:get apk_list4
roid.providers.downloads:4.4.2-10001025;com.android.musicfx:1.4;
08-29 11:28:26.078 I/k       ( 2411): b:-1: tms:get name=apk_list4
08-29 11:28:26.078 I/Tms     ( 2411): getParameterFormNative:-1: tms:get apk_list4
08-29 11:28:26.079 D/Tms     ( 2411): getParameterFormNative:-1: tms:get pname = StartPic_Result
08-29 11:28:26.079 D/k       ( 2411): b:-1: tms:get StartPic_Result
08-29 11:28:26.084 I/k       ( 2411): b:-1: tms:get name=StartPic_Result
08-29 11:28:26.084 I/Tms     ( 2411): getParameterFormNative:-1: tms:get StartPic_Result
08-29 11:28:26.085 D/Tms     ( 2411): getParameterFormNative:-1: tms:get pname = mac
08-29 11:28:26.085 D/k       ( 2411): b:-1: tms:get mac
08-29 11:28:26.085 I/k       ( 2411): b:-1: tms:get name=mac
08-29 11:28:26.085 I/Tms     ( 2411): getParameterFormNative:-1: tms:get mac
08-29 11:28:26.086 D/Tms     ( 2411): getParameterFormNative:-1: tms:get pname = defaultnetmode
08-29 11:28:26.086 D/k       ( 2411): b:-1: tms:get defaultnetmode
08-29 11:28:26.087 D/SWUsbUpgradeService(30431): a:-1: upgradech: lock, sys.isHandleSystemKey = 0
08-29 11:28:26.088 D/d       (30431): b:-1: upgradech: SWWindowView show
08-29 11:28:26.103 D/j       ( 2411): c:-1: connect is cut,but still can
08-29 11:28:26.104 D/j       ( 2411): a:-1: tms:isEthnetConnect=true
08-29 11:28:26.107 D/j       ( 2411): c:-1: connect is cut,but still can
08-29 11:28:26.112 D/j       ( 2411): a:-1: tms:Ethernet mode is:static
08-29 11:28:26.112 I/k       ( 2411): b:-1: tms:get name=defaultnetmode
08-29 11:28:26.112 I/Tms     ( 2411): getParameterFormNative:-1: tms:get defaultnetmode
08-29 11:28:26.112 D/Tms     ( 2411): getParameterFormNative:-1: tms:get pname = defaultnetmode
08-29 11:28:26.113 D/k       ( 2411): b:-1: tms:get defaultnetmode
08-29 11:28:26.121 D/j       ( 2411): c:-1: connect is cut,but still can
08-29 11:28:26.123 D/j       ( 2411): a:-1: tms:isEthnetConnect=true
08-29 11:28:26.126 D/j       ( 2411): c:-1: connect is cut,but still can
08-29 11:28:26.127 D/j       ( 2411): a:-1: tms:Ethernet mode is:static
08-29 11:28:26.128 I/k       ( 2411): b:-1: tms:get name=defaultnetmode
08-29 11:28:26.128 I/Tms     ( 2411): getParameterFormNative:-1: tms:get defaultnetmode
08-29 11:28:26.128 D/Tms     ( 2411): getParameterFormNative:-1: tms:get pname = lan_mask
08-29 11:28:26.128 D/k       ( 2411): b:-1: tms:get lan_mask
08-29 11:28:26.138 D/dalvikvm(30431): GC_FOR_ALLOC freed 853K, 20% free 3768K/4680K, paused 47ms, total 47ms
08-29 11:28:26.140 I/dalvikvm-heap(30431): Grow heap (frag case) to 4.343MB for 672016-byte allocation
08-29 11:28:26.172 D/dalvikvm(30431): GC_FOR_ALLOC freed 783K, 32% free 3641K/5340K, paused 29ms, total 29ms
08-29 11:28:26.173 D/ASWMediaDevice(30395): sendEvent:581: sendEvent net.sunniwell.event.MEDIACENTER_DEVICE
08-29 11:28:26.177 D/SWDLNAMediaServer$1(30395): onReceive:73: recv 'net.sunniwell.event.MEDIACENTER_DEVICE
08-29 11:28:26.191 D/a       (30431): run:-1: upgradech:SocketTimeoutException timeOutRetryCount = 1
08-29 11:28:26.191 W/System.err(30431): java.net.SocketTimeoutException: failed to connect to /10.10.10.17 (port 33600) after 2000ms
08-29 11:28:26.192 W/System.err(30431): 	at libcore.io.IoBridge.connectErrno(IoBridge.java:159)
08-29 11:28:26.192 W/System.err(30431): 	at libcore.io.IoBridge.connect(IoBridge.java:112)
08-29 11:28:26.192 W/System.err(30431): 	at java.net.PlainSocketImpl.connect(PlainSocketImpl.java:192)
08-29 11:28:26.193 W/System.err(30431): 	at java.net.PlainSocketImpl.connect(PlainSocketImpl.java:459)
08-29 11:28:26.193 W/System.err(30431): 	at java.net.Socket.connect(Socket.java:843)
08-29 11:28:26.193 W/System.err(30431): 	at com.android.okhttp.internal.Platform.connectSocket(Platform.java:152)
08-29 11:28:26.193 W/System.err(30431): 	at com.android.okhttp.Connection.connect(Connection.java:101)
08-29 11:28:26.193 W/System.err(30431): 	at com.android.okhttp.internal.http.HttpEngine.connect(HttpEngine.java:294)
08-29 11:28:26.193 W/System.err(30431): 	at com.android.okhttp.internal.http.HttpEngine.sendSocketRequest(HttpEngine.java:255)
08-29 11:28:26.193 W/System.err(30431): 	at com.android.okhttp.internal.http.HttpEngine.sendRequest(HttpEngine.java:206)
08-29 11:28:26.193 W/System.err(30431): 	at com.android.okhttp.internal.http.HttpURLConnectionImpl.execute(HttpURLConnectionImpl.java:345)
08-29 11:28:26.194 W/System.err(30431): 	at com.android.okhttp.internal.http.HttpURLConnectionImpl.connect(HttpURLConnectionImpl.java:89)
08-29 11:28:26.194 W/System.err(30431): 	at net.sunniwell.upgrade.e.e.run(Unknown Source)
08-29 11:28:26.194 D/a       (30431): run:-1: upgradech: connect upgrade server, maybe someting error happened.
eHWVersion=IPTV+STB+V100R003C30LIRM11&HardwareVersion=EC6108V9-01,timeOutRetryCount==2
08-29 11:28:26.194 D/a       (30431): run:-1: upgradech: request ini file start current count 0
08-29 11:28:26.195 D/a       (30431): run:-1: upgradech:mServerAddress==4000
08-29 11:28:26.195 W/System  (30431): Ignoring header Cookies because its value was null.
08-29 11:28:26.263 D/Tms     ( 2411): getParameterFormNative:-1: tms:get pname = acs_stun_username
08-29 11:28:26.263 D/k       ( 2411): b:-1: tms:get acs_stun_username
08-29 11:28:26.275 I/k       ( 2411): b:-1: tms:get name=acs_stun_username
08-29 11:28:26.276 I/Tms     ( 2411): getParameterFormNative:-1: tms:get acs_stun_username
08-29 11:28:26.277 D/CWMP (swtr069/src/cwmp_sqm_nat.c:949)( 2411): cwmp_nat_client_proc 949 recvBuf =  
08-29 11:28:26.277 D/Tms     ( 2411): getParameterFormNative:-1: tms:get pname = defaultnetmode
08-29 11:28:26.277 D/k       ( 2411): b:-1: tms:get defaultnetmode
08-29 11:28:26.281 D/j       ( 2411): c:-1: connect is cut,but still can
08-29 11:28:26.282 D/j       ( 2411): a:-1: tms:isEthnetConnect=true
08-29 11:28:26.290 D/j       ( 2411): c:-1: connect is cut,but still can
08-29 11:28:26.292 D/j       ( 2411): a:-1: tms:Ethernet mode is:static
08-29 11:28:26.292 I/k       ( 2411): b:-1: tms:get name=defaultnetmode
08-29 11:28:26.292 I/Tms     ( 2411): getParameterFormNative:-1: tms:get defaultnetmode
08-29 11:28:26.292 D/Tms     ( 2411): getParameterFormNative:-1: tms:get pname = lan_ip
08-29 11:28:26.292 D/k       ( 2411): b:-1: tms:get lan_ip
08-29 11:28:26.297 D/dalvikvm(30431): GC_FOR_ALLOC freed 48K, 32% free 3655K/5340K, paused 24ms, total 24ms
08-29 11:28:26.298 I/dalvikvm-heap(30431): Grow heap (frag case) to 3.862MB for 281896-byte allocation
08-29 11:28:26.306 I/swshowmsg( 1456): [sw_check_userdata_proc:135]clearDataOperation:0
08-29 11:28:26.316 D/dalvikvm(30431): GC_FOR_ALLOC freed <1K, 31% free 3931K/5616K, paused 17ms, total 17ms
08-29 11:28:26.462 E/ViewRootImpl(30431): 201409092 enable acc for view=
08-29 11:28:26.467 D/SWStatusbar( 2503): topAppWindowChanged:64: ... topAppWindowChanged ...
08-29 11:28:26.562 W/InputMethodManagerService( 1984): Starting input on non-focused client com.android.internal.view.IInputMethodClient$Stub$Proxy@2cd8f418 (uid=1000 pid=30296)
08-29 11:28:26.626 W/InputMethodManager(30431): Ignoring onBind: cur seq=734, given seq=733
08-29 11:28:26.629 D/HOME    (30296): onWindowFocusChanged
08-29 11:28:26.959 D/CategoryOperate(30296): ------------->getAllResolveInfo() begin
08-29 11:28:26.995 D/CategoryOperate(30296): ------------->getAllResolveInfo() end
08-29 11:28:27.004 D/CategorySqlHelper(30296): getAllAppData:541: close datebase.
ion=6]]
08-29 11:28:27.005 I/CategoryOperate(30296): currentPackageName-----------------------------$com.huawei.launcher
08-29 11:28:27.005 D/CategoryOperate(30296): ------------->sync system to db begin
08-29 11:28:27.005 D/CategoryOperate(30296): ---------->item 0
08-29 11:28:27.005 D/CategoryOperate(30296): ---------->packageName=net.sunniwell.base.apkinstall, className=net.sunniwell.base.apkinstall.SWScanActivity
08-29 11:28:27.005 I/CategoryOperate(30296): unchoose apk-----------------------------$net.sunniwell.base.apkinstall
08-29 11:28:27.005 D/CategoryOperate(30296): ---------->item 1
08-29 11:28:27.005 D/CategoryOperate(30296): ---------->packageName=com.android.browser, className=com.android.browser.BrowserActivity
08-29 11:28:27.005 D/CategoryOperate(30296): ---------->item 2
08-29 11:28:27.005 D/CategoryOperate(30296): ---------->packageName=com.Pad.tvapp, className=com.Pad.tvapp.MainActivity
08-29 11:28:27.005 D/CategoryOperate(30296): ---------->item 3
08-29 11:28:27.005 D/CategoryOperate(30296): ---------->packageName=com.android.providers.downloads.ui, className=com.android.providers.downloads.ui.DownloadList
08-29 11:28:27.005 I/CategoryOperate(30296): unchoose apk-----------------------------$com.android.providers.downloads.ui
08-29 11:28:27.005 D/CategoryOperate(30296): ---------->item 4
08-29 11:28:27.005 D/CategoryOperate(30296): ---------->packageName=com.discretix.drmassist, className=com.discretix.drmassist.SplashScreen
08-29 11:28:27.005 I/CategoryOperate(30296): unchoose apk-----------------------------$com.discretix.drmassist
08-29 11:28:27.005 D/CategoryOperate(30296): ---------->item 5
08-29 11:28:27.005 D/CategoryOperate(30296): ---------->packageName=com.google.android.googlequicksearchbox, className=com.google.android.googlequicksearchbox.SearchActivity
08-29 11:28:27.006 I/CategoryOperate(30296): unchoose apk-----------------------------$com.google.android.googlequicksearchbox
08-29 11:28:27.006 D/CategoryOperate(30296): ---------->item 6
08-29 11:28:27.006 D/CategoryOperate(30296): ---------->packageName=com.google.android.gms, className=com.google.android.gms.app.settings.GoogleSettingsActivity
08-29 11:28:27.006 I/CategoryOperate(30296): unchoose apk-----------------------------$com.google.android.gms
08-29 11:28:27.006 D/CategoryOperate(30296): ---------->item 7
08-29 11:28:27.006 D/CategoryOperate(30296): ---------->packageName=com.google.android.talk, className=com.google.android.talk.SigningInActivity
08-29 11:28:27.006 I/CategoryOperate(30296): unchoose apk-----------------------------$com.google.android.talk
08-29 11:28:27.006 D/CategoryOperate(30296): ---------->item 8
08-29 11:28:27.006 D/CategoryOperate(30296): ---------->packageName=com.huawei.launcher, className=com.huawei.launcher.Home2
08-29 11:28:27.006 I/CategoryOperate(30296): unchoose apk-----------------------------$com.huawei.launcher
08-29 11:28:27.006 D/CategoryOperate(30296): ---------->item 9
08-29 11:28:27.006 D/CategoryOperate(30296): ---------->packageName=net.sunniwell.iptv, className=net.sunniwell.iptv.activity.SWIPTVActivity
08-29 11:28:27.006 D/CategoryOperate(30296): ---------->item 10
08-29 11:28:27.006 D/CategoryOperate(30296): ---------->packageName=com.hisilicon.miracast, className=com.hisilicon.miracast.activity.WelcomeActivity
08-29 11:28:27.006 D/CategoryOperate(30296): ---------->item 11
08-29 11:28:27.006 D/CategoryOperate(30296): ---------->packageName=net.sunniwell.mediacenter.view, className=net.sunniwell.mediacenter.view.main.MainActivity
08-29 11:28:27.006 D/CategoryOperate(30296): ---------->item 12
08-29 11:28:27.006 D/CategoryOperate(30296): ---------->packageName=com.android.vending, className=com.android.vending.AssetBrowserActivity
08-29 11:28:27.006 I/CategoryOperate(30296): unchoose apk-----------------------------$com.android.vending
08-29 11:28:27.006 D/CategoryOperate(30296): ---------->item 13
08-29 11:28:27.006 D/CategoryOperate(30296): ---------->packageName=net.sunniwell.settings, className=net.sunniwell.settings.SWActivity
08-29 11:28:27.007 D/CategoryOperate(30296): ---------->item 14
08-29 11:28:27.007 D/CategoryOperate(30296): ---------->packageName=com.google.android.googlequicksearchbox, className=com.google.android.googlequicksearchbox.VoiceSearchActivity
08-29 11:28:27.007 I/CategoryOperate(30296): unchoose apk-----------------------------$com.google.android.googlequicksearchbox
08-29 11:28:27.007 D/CategoryOperate(30296): ---------->item 15
08-29 11:28:27.007 D/CategoryOperate(30296): ---------->packageName=com.mtni.myirancell, className=com.comviva.webaxn.ui.WebAxnActivity
08-29 11:28:27.007 D/CategoryOperate(30296): ------------->batchUpdateAppData begin
08-29 11:28:27.007 D/CategoryOperate(30296): ------------->batchUpdateAppData end
08-29 11:28:27.007 D/CategoryOperate(30296): ------------->batchAddAppData begin
08-29 11:28:27.007 D/CategoryOperate(30296): ------------->batchAddAppData end
08-29 11:28:27.007 D/CategoryOperate(30296): ------------->sync system to db end
08-29 11:28:27.007 D/CategoryOperate(30296): ------------->sync db to system begin
08-29 11:28:27.007 D/CategoryOperate(30296): ------------->sync db to system end
08-29 11:28:27.028 D/CategoryOperate(30296): ------------->getAllResolveInfo() begin
08-29 11:28:27.037 D/CategoryOperate(30296): ------------->getAllResolveInfo() end
08-29 11:28:27.046 D/CategorySqlHelper(30296): getAllAppData:541: close datebase.
ion=6]]
08-29 11:28:27.047 I/CategoryOperate(30296): currentPackageName-----------------------------$com.huawei.launcher
08-29 11:28:27.047 D/CategoryOperate(30296): ------------->sync system to db begin
08-29 11:28:27.047 D/CategoryOperate(30296): ---------->item 0
08-29 11:28:27.047 D/CategoryOperate(30296): ---------->packageName=net.sunniwell.base.apkinstall, className=net.sunniwell.base.apkinstall.SWScanActivity
08-29 11:28:27.047 I/CategoryOperate(30296): unchoose apk-----------------------------$net.sunniwell.base.apkinstall
08-29 11:28:27.047 D/CategoryOperate(30296): ---------->item 1
08-29 11:28:27.048 D/CategoryOperate(30296): ---------->packageName=com.android.browser, className=com.android.browser.BrowserActivity
08-29 11:28:27.048 D/CategoryOperate(30296): ---------->item 2
08-29 11:28:27.048 D/CategoryOperate(30296): ---------->packageName=com.Pad.tvapp, className=com.Pad.tvapp.MainActivity
08-29 11:28:27.048 D/CategoryOperate(30296): ---------->item 3
08-29 11:28:27.048 D/CategoryOperate(30296): ---------->packageName=com.android.providers.downloads.ui, className=com.android.providers.downloads.ui.DownloadList
08-29 11:28:27.048 I/CategoryOperate(30296): unchoose apk-----------------------------$com.android.providers.downloads.ui
08-29 11:28:27.048 D/CategoryOperate(30296): ---------->item 4
08-29 11:28:27.048 D/CategoryOperate(30296): ---------->packageName=com.discretix.drmassist, className=com.discretix.drmassist.SplashScreen
08-29 11:28:27.048 I/CategoryOperate(30296): unchoose apk-----------------------------$com.discretix.drmassist
08-29 11:28:27.048 D/CategoryOperate(30296): ---------->item 5
08-29 11:28:27.048 D/CategoryOperate(30296): ---------->packageName=com.google.android.googlequicksearchbox, className=com.google.android.googlequicksearchbox.SearchActivity
08-29 11:28:27.048 I/CategoryOperate(30296): unchoose apk-----------------------------$com.google.android.googlequicksearchbox
08-29 11:28:27.048 D/CategoryOperate(30296): ---------->item 6
08-29 11:28:27.048 D/CategoryOperate(30296): ---------->packageName=com.google.android.gms, className=com.google.android.gms.app.settings.GoogleSettingsActivity
08-29 11:28:27.049 I/CategoryOperate(30296): unchoose apk-----------------------------$com.google.android.gms
08-29 11:28:27.049 D/CategoryOperate(30296): ---------->item 7
08-29 11:28:27.049 D/CategoryOperate(30296): ---------->packageName=com.google.android.talk, className=com.google.android.talk.SigningInActivity
08-29 11:28:27.049 I/CategoryOperate(30296): unchoose apk-----------------------------$com.google.android.talk
08-29 11:28:27.049 D/CategoryOperate(30296): ---------->item 8
08-29 11:28:27.049 D/CategoryOperate(30296): ---------->packageName=com.huawei.launcher, className=com.huawei.launcher.Home2
08-29 11:28:27.049 I/CategoryOperate(30296): unchoose apk-----------------------------$com.huawei.launcher
08-29 11:28:27.049 D/CategoryOperate(30296): ---------->item 9
08-29 11:28:27.049 D/CategoryOperate(30296): ---------->packageName=net.sunniwell.iptv, className=net.sunniwell.iptv.activity.SWIPTVActivity
08-29 11:28:27.049 D/CategoryOperate(30296): ---------->item 10
08-29 11:28:27.049 D/CategoryOperate(30296): ---------->packageName=com.hisilicon.miracast, className=com.hisilicon.miracast.activity.WelcomeActivity
08-29 11:28:27.049 D/CategoryOperate(30296): ---------->item 11
08-29 11:28:27.049 D/CategoryOperate(30296): ---------->packageName=net.sunniwell.mediacenter.view, className=net.sunniwell.mediacenter.view.main.MainActivity
08-29 11:28:27.049 D/CategoryOperate(30296): ---------->item 12
08-29 11:28:27.050 D/CategoryOperate(30296): ---------->packageName=com.android.vending, className=com.android.vending.AssetBrowserActivity
08-29 11:28:27.050 I/CategoryOperate(30296): unchoose apk-----------------------------$com.android.vending
08-29 11:28:27.050 D/CategoryOperate(30296): ---------->item 13
08-29 11:28:27.050 D/CategoryOperate(30296): ---------->packageName=net.sunniwell.settings, className=net.sunniwell.settings.SWActivity
08-29 11:28:27.050 D/CategoryOperate(30296): ---------->item 14
08-29 11:28:27.050 D/CategoryOperate(30296): ---------->packageName=com.google.android.googlequicksearchbox, className=com.google.android.googlequicksearchbox.VoiceSearchActivity
08-29 11:28:27.050 I/CategoryOperate(30296): unchoose apk-----------------------------$com.google.android.googlequicksearchbox
08-29 11:28:27.050 D/CategoryOperate(30296): ---------->item 15
08-29 11:28:27.050 D/CategoryOperate(30296): ---------->packageName=com.mtni.myirancell, className=com.comviva.webaxn.ui.WebAxnActivity
08-29 11:28:27.050 D/CategoryOperate(30296): ------------->batchUpdateAppData begin
08-29 11:28:27.050 D/CategoryOperate(30296): ------------->batchUpdateAppData end
08-29 11:28:27.050 D/CategoryOperate(30296): ------------->batchAddAppData begin
08-29 11:28:27.050 D/CategoryOperate(30296): ------------->batchAddAppData end
08-29 11:28:27.050 D/CategoryOperate(30296): ------------->sync system to db end
08-29 11:28:27.050 D/CategoryOperate(30296): ------------->sync db to system begin
08-29 11:28:27.050 D/CategoryOperate(30296): ------------->sync db to system end
08-29 11:28:27.061 D/CategorySqlHelper(30296): getAllAppData:541: close datebase.
08-29 11:28:27.061 D/AppsGridView(30296): getAllApp cost time : 103
08-29 11:28:27.061 D/AppsGridView(30296): loadIcon size 1: 7
08-29 11:28:27.061 D/AppsGridView(30296): loadIcon size 2: 7
08-29 11:28:27.061 D/loadReplaceIcon(30296): iconName = icon_mediacenter
08-29 11:28:27.061 D/loadReplaceIcon(30296): iconId = 2130837566
08-29 11:28:27.089 I/AOService( 1460): hdmi_observer  add@/devices/platform/hiusb-ehci.0/usb1/1-2/net/p2p0
08-29 11:28:27.090 I/AOService( 1460): hdmi_observer  add@/devices/platform/hiusb-ehci.0/usb1/1-2/net/p2p0/queues/rx-0
08-29 11:28:27.091 D/EthernetDataTracker( 1984): checkInterfaceName is false
08-29 11:28:27.091 I/G3StateTracker( 1984): interfaceAdded(p2p0)
08-29 11:28:27.092 I/AOService( 1460): hdmi_observer  add@/devices/platform/hiusb-ehci.0/usb1/1-2/net/p2p0/queues/tx-0
08-29 11:28:27.094 D/EthernetDataTracker( 1984): Interface p2p0 link down
08-29 11:28:27.094 D/G3StateTracker( 1984): 3g interfaceLinkStateChanged p2p0 link down
08-29 11:28:27.100 D/loadReplaceIcon(30296): iconName = icon_setting
08-29 11:28:27.100 D/loadReplaceIcon(30296): iconId = 2130837568
08-29 11:28:27.100 I/AOService( 1460): hdmi_observer  add@/devices/platform/hiusb-ehci.0/usb1/1-2/net/uap0
08-29 11:28:27.101 I/AOService( 1460): hdmi_observer  add@/devices/platform/hiusb-ehci.0/usb1/1-2/net/uap0/queues/rx-0
08-29 11:28:27.101 I/AOService( 1460): hdmi_observer  add@/devices/platform/hiusb-ehci.0/usb1/1-2/net/uap0/queues/tx-0
08-29 11:28:27.101 D/EthernetDataTracker( 1984): checkInterfaceName is false
08-29 11:28:27.101 I/G3StateTracker( 1984): interfaceAdded(uap0)
08-29 11:28:27.103 D/EthernetDataTracker( 1984): Interface uap0 link down
08-29 11:28:27.103 D/G3StateTracker( 1984): 3g interfaceLinkStateChanged uap0 link down
08-29 11:28:27.114 D/dalvikvm(30395): GC_CONCURRENT freed 1165K, 21% free 4593K/5792K, paused 6ms+10ms, total 60ms
08-29 11:28:27.114 D/dalvikvm(30395): WAIT_FOR_CONCURRENT_GC blocked 16ms
08-29 11:28:27.114 D/dalvikvm(30395): WAIT_FOR_CONCURRENT_GC blocked 25ms
08-29 11:28:27.115 D/dalvikvm(30395): WAIT_FOR_CONCURRENT_GC blocked 27ms
08-29 11:28:27.121 D/dalvikvm(30395): WAIT_FOR_CONCURRENT_GC blocked 32ms
08-29 11:28:27.121 D/dalvikvm(30395): WAIT_FOR_CONCURRENT_GC blocked 32ms
08-29 11:28:27.141 D/dalvikvm(30395): WAIT_FOR_CONCURRENT_GC blocked 52ms
08-29 11:28:27.192 D/AppsGridView(30296): loadIcon cost time 1: 130
08-29 11:28:27.192 D/AppsGridView(30296): loadIcon cost time 2: 0
08-29 11:28:27.193 D/com.huawei.iptv.stb.myapps.view.AnimGridView(30296): initViewWidthData(): focusPosition 1:2
08-29 11:28:27.195 D/com.huawei.iptv.stb.myapps.view.AnimGridView(30296): initViewWidthData(): focusPosition 2:2
08-29 11:28:27.196 D/com.huawei.iptv.stb.myapps.view.AnimGridView(30296): setFocusBounds(): focusPosition =2
08-29 11:28:27.208 D/EthernetDataTracker( 1984): Interface wlan0 link up
08-29 11:28:27.208 D/G3StateTracker( 1984): 3g interfaceLinkStateChanged wlan0 link up
08-29 11:28:27.210 D/Tethering( 1984): sendTetherStateChangedBroadcast 1, 0, 0
08-29 11:28:27.212 D/NtpTrustedTime( 1984): auto_time is false
08-29 11:28:27.216 I/k       ( 2411): b:-1: tms:get name=lan_mask
08-29 11:28:27.216 I/Tms     ( 2411): getParameterFormNative:-1: tms:get lan_mask
08-29 11:28:27.216 D/Tms     ( 2411): getParameterFormNative:-1: tms:get pname = defaultnetmode
08-2[ 5992.519979] CFG_SCAN: close the scan cmd in device close phase
9 11:28:27.217 D/k       ( 2411): b:-1: tms:get defaultnetmode
08-29 11:28:27.218 D/EthernetDataTracker( 1984): Interface wlan0 link up
08-29 11:28:27.219 D/G3StateTracker( 1984): 3g interfaceLinkStateChanged wlan0 link up
08-29 11:28:27.219 I/wpa_supplicant(30670): nl80211: send_and_recv->nl_recvmsgs failed: -67
0[ 5992.553735] IPv6: ADDRCONF(NETDEV_CHANGE): wlan0: link becomes ready
8-29 11:28:27.219 I/wpa_supplicant(30670): nl80211: send_and_recv->nl_recvmsgs failed: -67
08-29 11:28:27.219 I/wpa_supplicant(30670): nl80211: send_and_recv->nl_recvmsgs failed: -67
08-29 11:28:27.219 I/wpa_supplicant(30670): nl80211: send_and_recv->nl_recvmsgs failed: -67
08-29 11:28:27.219[ 5992.585674] andes_suspend_CR_setting: 0ms for waiting UDMA EP4 Tx empty
 I/wpa_supplicant(30670): nl80211: send_and_recv->nl_recvmsgs failed: -67
08-29[ 5992.598720] andes_suspend_CR_setting: 0ms for waiting UDMA EP5 Tx empty
 11:28:27.219 I/wpa_supplicant(30670): nl80211: send_and_recv->nl_recvmsgs failed: -67
08-29 11:28:27.221 D/EthernetDataTracker( 1984): Interface wlan0 link up
08-29 11:28:27.221 D/G3StateTracker( 1984): 3g[ 5992.623922] andes_suspend_CR_setting: 0ms for waiting UDMA EP6 Tx empty
 interfaceLinkStateChanged wlan0 link up
08-29 11:28:27.223 I/k       ( 2411): b:-1: tms:get name=lan_ip
08-29[ 5992.639822] andes_suspend_CR_setting: 0ms for waiting UDMA EP7 Tx empty
 11:28:27.223 I/Tms     ( 2411): getParameterFormNative:-1: tms:get lan_ip
08-29 11:28:27.223 D/Tms     ( 2411): getParameterFo[ 5992.657721] andes_suspend_CR_setting: 0ms for waiting UDMA EP8 Tx empty
rmNative:-1: tms:get pname = acs_UDPConnectionRequestAddress
08-29 11:28:27.224 D/k       ( 2411): b:-1: tms:get acs_UD[ 5992.674599] andes_suspend_CR_setting: 0ms for waiting UDMA EP9 Tx empty
PConnectionRequestAddress
08-29 11:28:27.226 D/j       ( 2411): c:-1: connect is cut,but still can
08-29 11:28:27.227 D/j       ( 2411): a:-1:[ 5992.693684] andes_suspend_CR_setting: 0ms for waiting UDMA Tx empty
 tms:isEthnetConnect=true
08-29 11:28:27.244 D/j       ( 2411): c:-1: connect is cut,but still can
08-29 11:28:27.246 D/j       ( 2411[ 5992.711791] andes_suspend_CR_setting: 0ms for waiting FCE Tx1 empty
): a:-1: tms:Ethernet mode is:static
08-29 11:28:27.246 I/k       ( 2411): b:-1: tms:get name=defaultnetmode
08-29 11:28:27.24[ 5992.729270] andes_suspend_CR_setting: 0ms for waiting FCE Tx2 empty
6 I/Tms     ( 24[ 5992.736875] andes_suspend_CR_setting: Disable MAC Tx
11): getParameterFormNative:-1: tms:get defaultnetmode
08-29 11:28:27.246 D/Tms     ( 2411): getParameterFormNative:-1: tms:get[ 5992.752932] andes_suspend_CR_setting: 0ms for waiting MAC Tx idle
[ 5992.760424] andes_suspend_CR_setting: Disable MAC Rx

08-29 11:28:27.247 D/k       ( 2411): b:-1: tms:get lan_ip
08-29 11:28:27.247 [ 5992.772258] andes_suspend_CR_setting: 0ms for waiting MAC Rx idle
I/k       ( 2411): b:-1: tms:get name=lan_ip
08-29 11:28:27.247 I/Tms     ( 2411): getParameterFormNative:-1: tms:get lan_ip
0[ 5992.789485] andes_suspend_CR_setting: 0ms for waiting PBF Rx empty
8-29 11:28:27.247 D/NtpTrustedTime( 1984): auto_time is false
08-29 11:28:27.248 D/Tms     ( 2411): getParameterFormNative:-1: tms:get pname = acs_url
08-29 1[ 5992.809654] andes_suspend_CR_setting: 0ms for waiting FCE Rx1 queue empty
1:28:27.248 D/k       ( 2411): b:-1: tms:get acs_url
08-29 11:28:27.252 I/k    [ 5992.823691] andes_suspend_CR_setting: 0ms for waiting UDMA EP2 Rx queue empty
   ( 2411): b:-1: tms:get name=acs_UDPConnectionRequestAddress
08-29 11:28:27.252 I/Tms     ( 2411): getParamet[ 5992.840682] andes_suspend_CR_setting: 0ms for waiting UDMA EP3 Rx empty
erFormNative:-1: tms:get acs_UDPConnectionRequestAddress
08-29 11:28:27.252 D/Tms     ( 2411): setParam[ 5992.855761] andes_suspend_CR_setting: 0ms for waiting UDMA EP4 Rx queue empty
eterFormNative:-1: tms:set acs_U[ 5992.865584] andes_suspend_CR_setting: 0ms for waiting UDMA EP5 Rx queue empty
DPConnectionRequestAddress
08-29 11:28:[ 5992.876412] tx_kickout_fail_count = 0
27.253 I/k      [ 5992.881350] tx_timeout_fail_count = 0
 ( 2411): a:-1: [ 5992.886441] rx_receive_fail_count = 0
tms:set acs_UDPC[ 5992.891450] alloc_cmd_msg = 647
onnectionRequest[ 5992.895974] free_cmd_msg = 647
Address
08-29 11:28:27.260 D/SWAPKSQLiteOpenHelper( 2411): setParameter:-1: primary key 'tms.acs.UDPConnectionRequestAddress' no need to update.
08-29 11:28:27.280 I/wpa_supplicant(30670): rfkill: Cannot open RFKILL control device
08-29 11:28:27.293 I/k       ( 2411): b:-1: tms:get name=acs_url
08-29 11:28:27.294 I/Tms     ( 2411): getParameterFormNative:-1: tms:get acs_url
08-29 11:28:27.294 D/Tms     ( 2411): getParameterFormNative:-1: tms:get pname = defaultnetmode
08-29 11:28:27.294 D/k       ( 2411): b:-1: tms:get defaultnetmode
08-29 11:28:27.303 D/j       ( 2411): c:-1: connect is cut,but still can
08-29 11:28:27.304 [ 5992.955009] RTMP_TimerListRelease: release timer obj f152b7fc!
D/j       ( 2411[ 5992.961789] RTMP_TimerListRelease: release timer obj f152b82c!
): a:-1: tms:isE[ 5992.969057] RTMP_TimerListRelease: release timer obj f152b85c!
thnetConnect=tru[ 5992.976234] RTMP_TimerListRelease: release timer obj f152b7cc!
e
08-29 11:28:2[ 5992.983446] RTMP_TimerListRelease: release timer obj f152b73c!
7.307 I/swshowms[ 5992.990750] RTMP_TimerListRelease: release timer obj f152b76c!
g( 1456): [sw_ch[ 5992.997878] RTMP_TimerListRelease: release timer obj f14a755c!
eck_userdata_pro[ 5993.005134] RTMP_TimerListRelease: release timer obj f14964cc!
c:135]clearDataO[ 5993.012319] RTMP_TimerListRelease: release timer obj f1496500!
peration:0
08-2[ 5993.019541] RTMP_TimerListRelease: release timer obj f14a75fc!
9 11:28:27.307 D[ 5993.026839] RTMP_TimerListRelease: release timer obj f14a74fc!
/EthernetDataTra[ 5993.033982] RTMP_TimerListRelease: release timer obj f14a75cc!
cker( 1984): Int[ 5993.041186] RTMP_TimerListRelease: release timer obj f152b79c!
erface p2p0 link[ 5993.048495] RTMP_TimerListRelease: release timer obj f1494778!
 up
08-29 11:28[ 5993.055657] RTMP_TimerListRelease: release timer obj f1494748!
:27.307 D/G3Stat[ 5993.062858] RTMP_TimerListRelease: release timer obj f14947a8!
eTracker( 1984):[ 5993.070110] RTMP_TimerListRelease: release timer obj f1494718!
 3g interfaceLin[ 5993.077278] RTMP_TimerListRelease: release timer obj f164e0f8!
kStateChanged p2[ 5993.084500] RTMP_TimerListRelease: release timer obj f164e128!
p0 link up
08-2[ 5993.091798] RTMP_TimerListRelease: release timer obj f164e158!
9 11:28:27.307 D[ 5993.098924] RTMP_TimerListRelease: release timer obj f163a4ec!
/EthernetDataTra[ 5993.106183] RTMP_TimerListRelease: release timer obj f1642038!
cker( 1984): Interface p2p0 link up
08-29 11:28:27.307 D/G3StateTracker( 1984): 3g interfaceLinkStateChanged p2p0 link up
08-29 11:28:27.308 I/dalvikvm(30395): Jit: resizing JitTable from 4096 to 8192
08-29 11:28:27.310 D/j       ( 2411): c:-1: connect is cut,but still can
08-29 11:28:27.312 I/wpa_supplicant(30670): nl80211: send_and_recv->nl_recvmsgs failed: -67
08-29 11:28:27.312 I/wpa_supplicant(30670): nl80211: send_and_recv->nl_recvmsgs failed: -67
08-29 11:28:27.312 I/wpa_supplicant(30670): nl80211: send_and_recv->nl_recvmsgs failed: -67
08-29 11:28:27.313 I/wpa_supplicant(30670): nl80211: send_and_recv->nl_recvmsgs failed: -67
08-29 11:28:27.313 I/wpa_supplicant(30670): nl80211: send_and_recv->nl_recvmsgs failed: -67
08-29 11:28:27.313 I/wpa_supplicant(30670): nl80211: send_and_recv->nl_recvmsgs failed: -67
08-29 11:28:27.316 D/j       ( 2411): a:-1: tms:Ethernet mode is:static
08-29 11:28:27.316 I/k       ( 2411): b:-1: tms:get name=defaultnetmode
08-29 11:28:27.317 I/Tms     ( 2411): getParameterFormNative:-1: tms:get defaultnetmode
08-29 11:28:27.317 D/Tms     ( 2411): getParameterFormNative:-1: tms:get pname = lan_ip
08-29 11:28:27.317 D/k       ( 2411): b:-1: tms:get lan_ip
08-29 11:28:27.319 I/k       ( 2411): b:-1: tms:get name=lan_ip
08-29 11:28:27.320 I/Tms     ( 2411): getParameterFormNative:-1: tms:get lan_ip
08-29 11:28:27.323 D/Tms     ( 2411): getParameterFormNative:-1: tms:get pname = app_version
08-29 11:28:27.323 D/k       ( 2411): b:-1: tms:get app_version
08-29 11:28:27.324 I/k       ( 2411): b:-1: tms:get name=app_version
08-29 11:28:27.324 I/Tms     ( 2411): getParameterFormNative:-1: tms:get app_version
08-29 11:28:27.324 D/Tms     ( 2411): getParameterFormNative:-1: tms:get pname = hardware_version
08-29 11:28:27.324 D/k       ( 2411): b:-1: tms:get hardware_version
08-29 11:28:27.325 I/k       ( 2411): b:-1: tms:get name=hardware_version
08-29 11:28:27.325 I/Tms     ( 2411): getParameterFormNative:-1: tms:get hardware_version
08-29 11:28:27.325 D/Tms     ( 2411): getParameterFormNative:-1: tms:get pname = hardware_version
08-29 11:28:27.325 D/k       ( 2411): b:-1: tms:get hardware_version
08-29 11:28:27.325 I/k       ( 2411): b:-1: tms:get name=hardware_version
08-29 11:28:27.325 I/Tms     ( 2411): getParameterFormNative:-1: tms:get hardware_version
08-29 11:28:27.326 D/Tms     ( 2411): getParameterFormNative:-1: tms:get pname = hardware_version
08-29 11:28:27.326 D/k       ( 2411): b:-1: tms:get hardware_version
08-29 11:28:27.326 I/k       ( 2411): b:-1: tms:get name=hardware_version
08-29 11:28:27.326 I/Tms     ( 2411): getParameterFormNative:-1: tms:get hardware_version
08-29 11:28:27.327 D/Tms     ( 2411): getParameterFormNative:-1: tms:get pname = tr069_protocol
08-29 11:28:27.327 D/k       ( 2411): b:-1: tms:get tr069_protocol
08-29 11:28:27.335 I/k       ( 2411): b:-1: tms:get name=tr069_protocol
08-29 11:28:27.336 I/Tms     ( 2411): getParameterFormNative:-1: tms:get tr069_protocol
08-29 11:28:27.336 D/Tms     ( 2411): getParameterFormNative:-1: tms:get pname = isEncryptMark
08-29 11:28:27.336 D/k       ( 2411): b:-1: tms:get isEncryptMark
08-29 11:28:27.344 I/k       ( 2411): b:-1: tms:get name=isEncryptMark
08-29 11:28:27.344 I/Tms     ( 2411): getParameterFormNative:-1: tms:get isEncryptMark
08-29 11:28:27.344 D/Tms     ( 2411): getParameterFormNative:-1: tms:get pname = acs_commandkey
08-29 11:28:27.344 D/k       ( 2411): b:-1: tms:get acs_commandkey
08-[ 5993.416294] usbcore: deregistering interface driver rt2870
29 11:28:27.354 [ 5993.422924] rtusb_disconnect: unregister usbnet usb-hiusb-ehci-2
I/WifiReceiver(30296): wifi action === android.net.wifi.WIFI_STATE_CHANGED
08-29 11:28:27.356 D/LAUNCHER(30296): msg.what  = 102  msg.arg1 = 0
08-29 11:28:27.356 I/HOME    (30296): wifiLevel ==  0
08-29 11:28:27.356 D/HiRMService( 2399): mNetReceiver onReceive --android.net.wifi.WIFI_STATE_CHANGED
0[ 5993.455331] vfree net device ops <- f00a1000
8-29 11:28:27.357 D/a       ( 3056): onReceive:-1: action==android.net.wifi.WIFI_STATE_CHANGED
08-29 11:28:27.357 D/a       ( 3056): onReceive:-1: action==android.net.wifi.WIFI_STATE_CHANGED
08-29 11:28:27.361 I/k       ( 2411): b:-1: tms:get name=acs_commandkey
08-29 11:28:27.361 I/Tms     ( 2411): getParameterFormNative:-1: tms:get acs_commandkey
08-29 11:28:27.361 D/Tms     ( 2411): setParameterFormNative:-1: tms:set acs_commandkey
08-29 11:28:27.361 I[ 5993.499838] vfree net device ops <- f009f000
/k       ( 2411): a:-1: tms:set acs_commandkey
08-29 11:28:27.364 I/wpa_supplicant(30670): nl80211: wpa_driver_nl80211_event_receive->nl_recvmsgs failed: -11
08-29 11:28:27.365 D/WifiConfigStore( 1984): Loading config and enabling all networks
08-29 11:28:27.369 D/WifiHW  ( 1984): wifi command = SET_NETWORK wep_key "********"
08-29 11:28:27.369 D/WifiHW  ( 1984): wifi command = SET_NETWORK wep_key "********"
08-29 11:28:27.[ 5993.541544] vfree net device ops <- f0002000
369 D/WifiHW  ( 1984): wifi command = SET_NETWORK wep_key "********"
08-29 11:28:27.370 D/WifiHW  ( 1984): wifi command = SET_NETWORK w[ 5993.557699] 80211> unregister/free wireless device
ep_key "********"
08-29 11:28:27.377 D/SWAPKSQLiteOpenHelper( 2411): setParameter:-1: primary key 'tms.acs.commandkey' no need to update.
=0xffffffff
.net.wifi.WIFI_STATE_CHA[ 5993.594351]  RTUSB disconnect successfully
NGED
08-29 11:28:27.379 D/com.huawei.launcher.StatusReciver(30296): handleStatus(): action==android.net.wifi.WIFI_STATE_CHANGED
08-29 11:28:27.379 I/CWMP (swtr069/src/cwmp_http.c:1549)( 2411): cwmp_http_send 1549 
08-29 11:28:27.379 I/CWMP (swtr069/src/cwmp_http.c:1549)( 2411): [Send]:
