
:494 android.content.ContextWrapper.startService:494 net.sunniwell.upgrade.receiver.SWAuthoritiedAUpgradeReceiver.onReceive:-1 android.app.ActivityThread.handleReceiver:2419 
08-29 11:28:21.422 I/ActivityManager( 1984): Waited long enough for: ServiceRecord{2ce6d9a8 u0 net.sunniwell.upgrade/.ui.service.bootcompleted.SWStartService}
08-29 11:28:21.439 D/SWUpgradeTaskManager(30431): handleNextTask:-1: upgradech: curren bootcompleted
:494 net.sunniwell.upgrade.action.impl.SWUpgradeTaskManager.handleNextTask:-1 net.sunniwell.upgrade.action.impl.SWUpgradeTaskManager.handleMessage:-1 android.os.Handler.dispatchMessage:102 
08-29 11:28:21.445 I/ActivityManager( 1984): Waited long enough for: ServiceRecord{2ce0c0e8 u0 net.sunniwell.upgrade/.ui.service.SWUsbUpgradeService}
ld explicitly specify a context class loader. For example: Thread.setContextClassLoader(getClass().getClassLoader());
08-29 11:28:21.447 D/SWUpgradeTaskManager(30431): resetParam:-1: upgradech: current taskmap.size()=1
08-29 11:28:21.447 D/SWUpgradeTaskManager(30431): resetParam:-1: upgradech: current taskmap.size()=0
08-29 11:28:21.447 D/SWUpgradeTaskManager(30431): resetParam:-1: upgradech: resetparam
08-29 11:28:21.448 D/a       (30431): onReceive:-1: upgradech:ui:param is empty
08-29 11:28:21.448 D/a       (30431): onReceive:-1: upgradech:ui: eth changed
08-29 11:28:21.448 D/SWUpgradeTaskManager(30431): resetParam:-1: upgradech: prop changed
08-29 11:28:21.448 D/ASWMediaDevice(30395): <init>:72: create deviceId 'ldmc://6' count=6
08-29 11:28:21.449 D/a       (30431): onReceive:-1: upgradech:ui: state=10
08-29 11:28:21.450 D/SWUpgradeApplication(30431): resetParam:-1: upgracech: there is no callback here to remove
08-29 11:28:21.450 D/SWUpgradeTaskManager(30431): getNextTask:-1: upgradech: getNextTask 
08-29 11:28:21.450 D/SWUpgradeTaskManager(30431): handleNextTask:-1: upgradech: prop changed
08-29 11:28:21.451 D/a       (30431): b:-1: upgradech: mod:manual
08-29 11:28:21.452 D/SWUpgradeTaskManager(30431): handleNextTask:-1: upgradech:sorry ,there is no task in the uriList
08-29 11:28:21.452 D/a       (30431): b:-1: upgradech: type : 1
08-29 11:28:21.455 D/SWAndroidRouter(30395): <init>:73: create SWAndroidRouter
08-29 11:28:21.455 D/SWAndroidRouter(30395): enable:98: entry writeLock...
08-29 11:28:21.456 D/a       (30431): a:-1: upgradech:ethernetEnabled=true
08-29 11:28:21.457 I/EthernetService( 1984): get EthernetState: 1
08-29 11:28:21.457 D/a       (30431): a:-1: upgradech:EthernetState=1
08-29 11:28:21.458 D/NetUtils( 1984): the ethernet interface eth0 is Running
08-29 11:28:21.459 D/a       (30431): a:-1: upgradech:LinkStatus=true
08-29 11:28:21.459 D/NetUtils( 1984): the ethernet interface eth0 is Running
08-29 11:28:21.460 D/a       (30431): a:-1: upgradech:EthernetMode=manual
08-29 11:28:21.460 D/SWDLNAMediaControl(30395): <init>:151: SWMediaLog:   mProjectName = 8V9_IRAN
08-29 11:28:21.461 D/a       (30431): a:-1: upgradech: eth is connected 
08-29 11:28:21.466 I/SWMediaCenterManager(30395): openDLNA:316: create SWDLNAMediaControl success
08-29 11:28:21.467 D/ASWMediaDevice(30395): sendEvent:581: sendEvent net.sunniwell.event.MEDIACENTER_DEVICE
08-29 11:28:21.470 D/ASWMediaDevice(30395): sendEvent:581: sendEvent net.sunniwell.event.MEDIACENTER_DEVICE
08-29 11:28:21.472 I/SWDLNAMediaControl(30395): run:506: heartbeat start    list.size:0
08-29 11:28:21.474 D/SWDLNAMediaControl(30395): onStart:235: onStart
ssage:292 
08-29 11:28:21.476 D/SWDLNAMediaControl(30395): onStart:239: onStart
08-29 11:28:21.481 D/SWAPKSQLiteOpenHelper(30445): onOpen:-1: check 'iptv' state true
08-29 11:28:21.485 D/SWAPKSQLiteOpenHelper(30445): setParameter:-1: primary key 'iptv.browser.version' no need to update.
08-29 11:28:21.487 D/SWAPKSQLiteOpenHelper(30445): setParameter:-1: primary key 'iptv.ijava_para_path' no need to update.
08-29 11:28:21.491 D/SWIPTVApplication(30445): onCreate:-1: iptv on create.
08-29 11:28:21.493 D/dalvikvm(30445): DexOpt: couldn't find field Landroid/content/pm/PackageInfo;.splitNames
08-29 11:28:21.493 W/dalvikvm(30445): VFY: unable to resolve instance field 21
08-29 11:28:21.494 D/dalvikvm(30445): VFY: replacing opcode 0x54 at 0x0011
08-29 11:28:21.496 D/dalvikvm(30445): DexOpt: couldn't find field Landroid/content/pm/PackageInfo;.splitNames
08-29 11:28:21.496 I/dalvikvm(30445): DexOpt: unable to optimize instance field ref 0x0015 at 0x16 in Lorg/chromium/base/library_loader/LibraryLoader;.getLibraryApkPath
08-29 11:28:21.496 D/dalvikvm(30445): DexOpt: couldn't find field Landroid/content/pm/PackageInfo;.splitNames
08-29 11:28:21.496 I/dalvikvm(30445): DexOpt: unable to optimize instance field ref 0x0015 at 0x1b in Lorg/chromium/base/library_loader/LibraryLoader;.getLibraryApkPath
08-29 11:28:21.496 D/dalvikvm(30445): DexOpt: couldn't find field Landroid/content/pm/ApplicationInfo;.splitSourceDirs
08-29 11:28:21.496 I/dalvikvm(30445): DexOpt: unable to optimize instance field ref 0x0010 at 0x25 in Lorg/chromium/base/library_loader/LibraryLoader;.getLibraryApkPath
08-29 11:28:21.505 D/WifiService( 1984): setWifiEnabled: true pid=1984, uid=1000
08-29 11:28:21.511 D/Stbmonitor(30415): getSingleInstance:-1: stbmonitor: SWAPPManager is null
08-29 11:28:21.511 D/STBMONITOR (Stbmonitor_jni.c:36)(30415): native_setup 
08-29 11:28:21.511 D/StbMonitrorService(30415): b:-1: -----------registScreenOffReciver---------
08-29 11:28:21.513 D/StbMonitrorService(30415): onStart:-1: stbmonitor:-------onStart------------Isenable_monitor=true
08-29 11:28:21.513 D/StbMonitrorService(30415): onStart:-1: stbmonitor:-------onStart-----start initSTBMonitor--------Isenable_monitor=true
08-29 11:28:21.513 D/STBMONITOR (swmonitor.c:49)(30415): sw_monitor_init 
08-29 11:28:21.513 D/STBMONITOR (swmonitor.c:49)(30415): Jul  7 2017__19:46:01
08-29 11:28:21.514 D/OS (system/base/swos/swthrd.c:236)(30415): sw_thrd_open Thread-<tStbmonitorServer : 0 : 49910f08> opened
08-29 11:28:21.514 D/OS (system/base/swos/swthrd.c:646)(30415): sema_thread_handler Thread-<0x49910f08, pid:30415, tid:30478, name:tStbmonitorServer> handler
08-29 11:28:21.514 D/OS (system/base/swos/swthrd.c:236)(30415): sw_thrd_open Thread-<tCheckConnect : 1 : 499111b8> opened
08-29 11:28:21.514 D/OS (system/base/swos/swthrd.c:646)(30415): sema_thread_handler Thread-<0x499111b8, pid:30415, tid:30479, name:tCheckConnect> handler
08-29 11:28:21.514 D/StbMonitrorService(30415): onStart:-1: stbmonitor:-------onStart-----start initSTBMonitor Ok--------Isenable_monitor=true
08-29 11:28:21.559 D/a       (30431): onReceive:-1: upgradech:ui: CONNECT_SUCCESSED
:494 net.sunniwell.upgrade.receiver.a.onReceive:-1 android.app.LoadedApk$ReceiverDispatcher$Args.run:768 android.os.Handler.handleCallback:733 
08-29 11:28:21.565 I/ActivityManager( 1984): Waited long enough for: ServiceRecord{2cdf7768 u0 net.sunniwell.upgrade/.ui.service.SWBootCompletedUpgradeService}
08-29 11:28:21.566 D/a       (30431): onReceive:-1: upgradech:ui: onreceive: action: android.net.wifi.STATE_CHANGE
08-29 11:28:21.566 D/a       (30431): onReceive:-1: upgradech:ui: onreceive getStringExtra: action: android.net.wifi.STATE_CHANGE
08-29 11:28:21.572 D/a       (30431): onReceive:-1: upgradech:ui:param is empty
08-29 11:28:21.572 D/a       (30431): onReceive:-1: upgradech: action: wifi changed 
08-29 11:28:21.574 D/a       (30431): onReceive:-1: upgradech:wifi state=DISCONNECTED
08-29 11:28:21.576 D/SWUsbUpgradeService(30431): onStartCommand:-1: upgradech:ui:  media mounted path.
08-29 11:28:21.576 D/SWUsbUpgradeService(30431): onStartCommand:-1: upgradech:ui: parentFile  exists
08-29 11:28:21.579 D/SWUsbUpgradeService(30431): onStartCommand:-1: upgradech:ui: files.size()=:5
08-29 11:28:21.580 D/SWSQLiteOpenHelper(30395): checkTables:247: recreate base tables base
08-29 11:28:21.582 D/SWUsbUpgradeService(30431): a:-1: upgradech: receiver : STBinfo: HUAWEIEC6108V9-01 currentVersion: 81711700117
08-29 11:28:21.585 E/ViewRootImpl(30415): 201409092 enable acc for view=
08-29 11:28:21.615 D/dalvikvm(30431): GC_CONCURRENT freed 625K, 19% free 2917K/3572K, paused 2ms+4ms, total 56ms
08-29 11:28:21.639 D/dalvikvm(30296): GC_FOR_ALLOC freed 61K, 2% free 14105K/14344K, paused 25ms, total 26ms
08-29 11:28:21.662 D/BitCache(30296): @@@@@@===createReflectedImage
08-29 11:28:21.683 D/WifiController( 1984): WifiController msg { when=-21ms what=155656 target=com.android.internal.util.StateMachine$SmHandler } deferred for 15ms
08-29 11:28:21.698 D/dalvikvm(30296): GC_FOR_ALLOC freed 2803K, 18% free 14105K/17148K, paused 32ms, total 33ms
08-29 11:28:21.700 D/SWNetworkHandler(30266): run:110: sleep 500ms.
08-29 11:28:21.701 D/ThreadPool(30266): run:65: Thread(ThreadPool #1) exit
08-29 11:28:21.707 D/b       (30431): a:-1: usbupgrade:version=81711700116 Device=HUAWEIEC6108V9-01
08-29 11:28:21.707 D/SWUsbUpgradeService(30431): a:-1: usbupgrade:version(81711700031) is not patch
08-29 11:28:21.710 D/WifiController( 1984): DEFERRED_TOGGLE handled
08-29 11:28:21.710 D/WifiStateMachine( 1984): sunniwell setSupplicantRunning enable:true
08-29 11:28:21.724 D/dalvikvm(30395): GC_CONCURRENT freed 610K, 18% free 3089K/3728K, paused 5ms+3ms, total 32ms
08-29 11:28:21.736 D/b       (30431): a:-1: usbupgrade:version=81711700117 Device=HUAWEIEC6108V9-01
08-29 11:28:21.736 D/SWUsbUpgradeService(30431): a:-1: usbupgrade:version(81711700117) is same
08-29 11:28:21.832 D/dalvikvm(30431): GC_CONCURRENT freed 294K, 9% free 3408K/3744K, paused 2ms+3ms, total 25ms
08-29 11:28:21.832 D/dalvikvm(30431): WAIT_FOR_CONCURRENT_GC blocked 8ms
08-29 11:28:21.839 D/dalvikvm(30296): GC_FOR_ALLOC freed <1K, 2% free 16907K/17148K, paused 18ms, total 18ms
08-29 11:28:21.844 D/b       (30431): a:-1: usbupgrade:version=81711700110 Device=HUAWEIEC6108V9-01
08-29 11:28:21.855 D/BitCache(30296): @@@@@@===createReflectedImage
08-29 11:28:21.930 D/b       (30431): a:-1: usbupgrade:version=81711700116 Device=HUAWEIEC6108V9-01
08-29 11:28:21.938 D/SWStorageMediaControl(30395): addPath:123: add path success.
08-29 11:28:21.938 D/ASWMediaDevice(30395): sendEvent:581: sendEvent net.sunniwell.event.MEDIACENTER_DEVICE
08-29 11:28:21.938 D/StorageDeviceManager(30395): getStoragePartitionInfo:108: device name is 'emulated',we getStoragePartitionInfos this disk...
08-29 11:28:21.942 D/SWTaskManager(30395): <init>:40: create task manager '/mnt/sdb/sdb1'
08-29 11:28:21.943 D/ASWMediaDevice(30395): sendEvent:581: sendEvent net.sunniwell.event.MEDIACENTER_DEVICE
08-29 11:28:21.945 D/dalvikvm(30296): GC_FOR_ALLOC freed 2802K, 15% free 18151K/21200K, paused 19ms, total 19ms
08-29 11:28:21.947 D/SWTaskManager(30395): createThread:265: create thread '/mnt/sdb/sdb1_0' current size '1' threadPool size 1 dead thread size 0
08-29 11:28:21.948 D/SWTaskManager(30395): run:139: run thread '/mnt/sdb/sdb1_0' 210
08-29 11:28:21.973 D/CategoryOperate(30296): ------------->getAllResolveInfo() begin
08-29 11:28:21.978 D/Home2   (30296): startDebug:385: isAutoStart==false
08-29 11:28:21.985 D/HOME    (30296): --- onStart
08-29 11:28:21.985 D/HOME    (30296): flage:-1
08-29 11:28:22.002 D/HOME    (30296): launcher focus:false
08-29 11:28:22.002 D/HOME    (30296): myapp focus:false
08-29 11:28:22.002 D/HOME    (30296): --- onResume
08-29 11:28:22.004 D/com.huawei.launcher.Home2(30296): startBar(): startBar------------------------------------
:494 com.huawei.launcher.Home2.startBar:688 com.huawei.launcher.Home2.onResume:569 android.app.Instrumentation.callActivityOnResume:1192 
startService:494 com.huawei.launcher.Home2.startBar:688 com.huawei.launcher.Home2.onResume:569 
st:365 android.app.ActivityThread.performResumeActivity:2785 android.app.ActivityThread.handleResumeActivity:2823 android.app.ActivityThread.handleLaunchActivity:2250 
08-29 11:28:22.010 D/dalvikvm(30431): GC_CONCURRENT freed 456K, 12% free 3888K/4400K, paused 3ms+8ms, total 33ms
08-29 11:28:22.011 D/dalvikvm(30431): WAIT_FOR_CONCURRENT_GC blocked 15ms
08-29 11:28:22.014 E/ViewRootImpl(30296): 201409092 enable acc for view=com.huawei.launcher/com.huawei.launcher.Home2
08-29 11:28:22.018 D/com.huawei.launcher.StatusReciver(30296): onReceive(): action = android.net.wifi.WIFI_STATE_CHANGED
08-29 11:28:22.019 D/com.huawei.launcher.StatusReciver(30296): handleStatus(): action==android.net.wifi.WIFI_STATE_CHANGED
08-29 11:28:22.020 I/WifiReceiver(30296): wifi action === android.net.wifi.WIFI_STATE_CHANGED
08-29 11:28:22.022 I/WifiReceiver(30296): wifi action === android.net.wifi.RSSI_CHANGED
08-29 11:28:22.022 D/SWNetworkBroadcastReceiver( 3056): onReceive:-1: intent='android.net.wifi.WIFI_STATE_CHANGED'
08-29 11:28:22.023 I/WifiReceiver(30296): wifi action === android.net.ethernet.ETHERNET_STATE_CHANGE
08-29 11:28:22.023 D/com.huawei.launcher.StatusReciver(30296): handleEthStatus(): action==handleEthStatus
08-29 11:28:22.024 D/com.huawei.launcher.StatusReciver(30296): handleEthStatus(): action==netState:10
08-29 11:28:22.024 D/com.huawei.launcher.StatusReciver(30296): handleEthStatus(): action==EthernetManager.EVENT_CONNECT_SUCCESSED
08-29 11:28:22.025 D/com.huawei.launcher.StatusReciver(30296): sendMsgToStatusbar(): actionn==handleEthStatus
08-29 11:28:22.030 I/WifiReceiver(30296): message===10    pppoeState===-1
08-29 11:28:22.030 I/WifiReceiver(30296): wifi action === android.net.wifi.STATE_CHANGE
08-29 11:28:22.035 I/HoloClock(30296): onAttachedToWindow
08-29 11:28:22.059 D/b       (30431): a:-1: usbupgrade:version=81711700117 Device=HUAWEIEC6108V9-01
08-29 11:28:22.059 D/SWUsbUpgradeService(30431): a:-1: usbupgrade:version(81711700117) is same
08-29 11:28:22.060 D/SWUsbUpgradeService(30431): a:-1: upgradech:  start usb upgrade widow, show the select window
08-29 11:28:22.061 D/SWUsbUpgradeService(30431): a:-1: upgradech: isLauncherReady: 1
08-29 11:28:22.061 D/SWUsbUpgradeService(30431): onStart:-1: upgradech:ui: usbservice onstart
08-29 11:28:22.061 D/SWUsbUpgradeService(30431): onStart:-1: upgradech: regist mMediaReceiver
08-29 11:28:22.062 D/SWUsbUpgradeService(30431): onStart:-1: upgradech; new  mediaReceiver
08-29 11:28:22.063 D/SWUsbUpgradeService(30431): onStart:-1: upgradech: screen receiver is nou null 
:494 net.sunniwell.upgrade.ui.service.SWBootCompletedUpgradeService.onCreate:-1 android.app.ActivityThread.handleCreateService:2572 android.app.ActivityThread.access$1800:135 
08-29 11:28:22.067 D/CategoryOperate(30296): ------------->getAllResolveInfo() end
08-29 11:28:22.068 I/ActivityManager( 1984): Waited long enough for: ServiceRecord{2cde4108 u0 net.sunniwell.upgrade/.ui.service.SWUpgradeIntervalCheckService}
08-29 11:28:22.069 D/SWBootCompletedUpgradeService(30431): onStartCommand:-1: upgradech:ui:  bootupgradeservice onstartcommend
08-29 11:28:22.070 D/SWBootCompletedUpgradeService(30431): onStartCommand:-1: upgradech:srouce : ethChanged
08-29 11:28:22.077 D/b       (30431): b:-1: upgradech: reportFinishUpgrade
08-29 11:28:22.082 D/d       (30431): run:-1: Thread(name=ThreadPool#1,tid=204) run
08-29 11:28:22.089 D/CategorySqlHelper(30296): getAllAppData:541: close datebase.
ion=6]]
08-29 11:28:22.089 I/CategoryOperate(30296): currentPackageName-----------------------------$com.huawei.launcher
08-29 11:28:22.089 D/CategoryOper[ 5981.087564] get_chl_grp:illegal channel (169)
ate(30296): ----[ 5981.092894] get_chl_grp:illegal channel (169)
--------->sync s[ 5981.098643] get_low_mid_hi_index:illegal channel(169)
ystem to db begi[ 5981.105163] get_chl_grp:illegal channel (169)
n
08-29 11:28:2[ 5981.110885] get_chl_grp:illegal channel (169)
2.089 D/Category[ 5981.116570] get_low_mid_hi_index:illegal channel(169)
Operate(30296): ---------->item 0
08-29 11:28:22.090 D/CategoryOperate(30296): ---------->packageName=net.sunniwell.base.apkinstall, className=net.sunniwell.base.apkinstall.SWScanActivity
08-29 11:28:22.090 I/CategoryOperate(30296): unchoose apk-----------------------------$net.sunniwell.base.apkinstall
08-29 11:28:22.090 D/CategoryOperate(30296): ---------->item 1
08-29 11:28:22.090 D/CategoryOperate(30296): ---------->packageName=com.android.browser, className=com.android.browser.BrowserActivity
08-29 11:28:22.090 D/CategoryOperate(30296): ---------->item 2
08-29 11:28:22.090 D/CategoryOperate(30296): ---------->packageName=com.Pad.tvapp, className=com.Pad.tvapp.MainActivity
08-29 11:28:22.090 D/CategoryOperate(30296): ---------->item 3
08-29 11:28:22.090 D/CategoryOperate(30296): ---------->packageName=com.android.providers.downloads.ui, className=com.android.providers.downloads.ui.DownloadList
08-29 11:28:22.090 I/CategoryOperate(30296): unchoose apk-----------------------------$com.android.providers.downloads.ui
08-29 11:28:22.090 D/Category[ 5981.214948] get_chl_grp:illegal channel (173)
Operate(30296): [ 5981.220398] get_chl_grp:illegal channel (173)
---------->item [ 5981.226213] get_low_mid_hi_index:illegal channel(173)
4
08-29 11:28:2[ 5981.232692] get_chl_grp:illegal channel (173)
2.090 D/Category[ 5981.238329] get_chl_grp:illegal channel (173)
Operate(30296): [ 5981.244095] get_low_mid_hi_index:illegal channel(173)
---------->packageName=com.discretix.drmassist, className=com.discretix.drmassist.SplashScreen
08-29 11:28:22.090 I/CategoryOperate(30296): unchoose apk-----------------------------$com.discretix.drmassist
08-29 11:28:22.090 D/CategoryOperate(30296): ---------->item 5
08-29 11:28:22.090 D/CategoryOperate(30296): ---------->packageName=com.google.android.googlequicksearchbox, className=com.google.android.googlequicksearchbox.SearchActivity
08-29 11:28:22.090 I/CategoryOperate(30296): unchoose apk-----------------------------$com.google.android.googlequicksearchbox
08-29 11:28:22.090 D/CategoryOperate(30296): ---------->item 6
08-29 11:28:22.091 D/CategoryOperate(30296): ---------->packageName=com.google.android.gms, className=com.google.android.gms.app.settings.GoogleSettingsActivity
08-29 11:28:22.091 I/CategoryOperate(30296): unchoose apk-----------------------------$com.google.android.gms
08-29 11:28:22.091 D/CategoryOperate(30296): ---------->item 7
08-29 11:28:22.091 D/CategoryOperate(30296): ---------->packageName=com.google.android.talk, className=com.google.android.talk.SigningInActivity
08-29 11:28:22.091 I/CategoryOperate(30296): unchoose apk-----------------------------$com.google.android.talk
08-29 11:28:22.091 D/CategoryOperate(30296): ---------->item 8
08-29 11:28:22.092 D/CategoryOperate(30296): ---------->packageName=com.huawei[ 5981.368470] 80211> Connect bssid 30:fc:68:bf:f7:89
.launcher, className=com.huawei.launcher.Home2
08-29 11:28:22.092 I/CategoryOperate(30296): unchoose apk---------------[ 5981.384162] SYNC - MlmeJoinReqAction(BSS #0)
--------------$com.huawei.launcher
08-29 11:28:22.092 D/CategoryOperate(30296): ---------->item 9
08-29 11:28:22.092 D/CategoryOperate(30296): ---------->packageName=net.sunniwell.iptv, className=net.sunniwell.iptv.activity.SWIPTVActivity
08-29 11:28:22.092 D/CategoryOperate(30296): ---------->item 10
08-29 11:28:22.092 D/Category[ 5981.417610] SYNC - Switch to ch 1, Wait BEACON from 30:fc:68:bf:f7:89
Operate(30296): ---------->packageName=com.hisilicon.miracast, className=com.hisilicon.miracast.activity.WelcomeActivity
08-29 11:28:22.093 D/CategoryOperate(30296): ---------->item 11
08-29 11:28:22.093 D/CategoryOperate(30296): ---------->packageName=net.sunniwell.mediacenter.view, className=net.sunniwell.mediacenter.view.main.MainActivity
08-29 11:28:22.093 D/CategoryOperate(30296): ---------->item 12
08-29 11:28:22.093 D/CategoryOperate(30296): ---------->packageName=com.android.vending, cla[ 5981.467517] PeerBeaconAtJoinAction():receive desired BEACON,Channel=1
ssName=com.andro[ 5981.475234] PeerBeaconAtJoinAction():AP HT-CtrlChannel=1, CentralChannel=>3
id.vending.Asset[ 5981.483551] PeerBeaconAtJoinAction(): Set CentralChannel=3
[ 5981.490495] AdjustChannelRelatedValue(): Input BW=1, rf_channel=3, vht_bw=1, Channel=1, vht_cent_ch=3!

08-29 11:28:22.093 I/CategoryOperate(30296): unchoose apk-----------------------------$com.android.vending
08-29 11:28:22.093 D/CategoryOperate(30296): ---------->item 13
08-29 11:28:22.093 D/CategoryOperate(30296): ---------->packageName=net.sunniwell.settings, className=net.sunniwell.settings.SWActivity
08-29 11:28:22.093 D/CategoryOperate(3029[ 5981.530812] mt76x2_reinit_agc_gain:original agc_vga0 = 0x5c, agc_vga1 = 0x5c
6): ---------->i[ 5981.538731] mt76x2_reinit_agc_gain:updated agc_vga0 = 0x5c, agc_vga1 = 0x5c
tem 14
08-29 11:28:22.093 D/CategoryOperate(302[ 5981.550070] mt76x2_reinit_hi_lna_gain:original hi_lna0 = 0x27, hi_lna1 = 0x27
96): ---------->[ 5981.558421] mt76x2_reinit_hi_lna_gain:updated hi_lna0 = 0x27, hi_lna1 = 0x27
packageName=com.google.android.googlequicksearchbox, className=com.google.android.googlequicksearchbox.VoiceSearchActivity
08-29 11:28:[ 5981.577531] original vga value(chain0) = 5c
22.093 I/Categor[ 5981.583080] original vga value(chain1) = 5c
yOperate(30296): unchoos[ 5981.589251] mt76x2_calibration(channel = 3)
e apk-----------------------------$com.g[ 5981.597303] mt76x2_calibration_data_ad2chip: calibration_data_inited == 0
oogle.android.googlequicksearchbox
08-29 11:28:22.093 D/CategoryOperate(30296): ---------->item 15
08-29 11:28:22.093 D/CategoryOperate(30296): ---------->packageName=com.mtni.myirancell, cl[ 5981.620239] AUTH - Send AUTH request seq#1 (Alg=0)...
assName=com.comviva.webaxn.ui.WebAxnActivity
08-29 11:28:22.093 D/CategoryOperate(30296): ------------->batchUpdateAppData begin
08-29 11:28:22.093 D/CategoryOperate(30296): ------------->batchUpdateAppData end
08-29 11:28:22.093 D/CategoryOperate(30296[ 5981.647733] AUTH - Receive AUTH_RSP seq#2 to me (Alg=0, Status=0)
): -------------[ 5981.655119] CNTL - AUTH OK
>batchAddAppData begin
08-29 11:28:22.093 D/CategoryOperate(30296): -----------[ 5981.664722] MlmeAssocReqAction ASSOC - Send ASSOC request...
-->batchAddAppData end
08-29 11:28:22.093 D/CategoryOperate(30296): ------------->sync system t[ 5981.679225] PeerAssocRspAction():ASSOC - receive ASSOC_RSP to me (status=0)
o db end
08-29 [ 5981.687305] PeerAssocRspAction():MacTable [255].AMsduSize = 0. ClientStatusFlags = 0x30
11:28:22.093 D/C[ 5981.696738] !!!Infra LINK UP !!!
ategoryOperate(3[ 5981.701187] !!! LINK UP !!! (BssType=1, AID=2, ssid=TP-LINK_F789, Channel=1, CentralChannel = 3)
0296): ------------->sync db to system begin
08-29 11:28:22.093 D/CategoryOperate(30296): ------------->sync db to system end
08-29 11:28:22.102 D/SWAPKSQLiteOpenHelper(30431): onOpen:-1: check 'upgrade' st[ 5981.728448] EstablishFrameBundle, OwnMac:00:11:6f:d3:17:33
ate true
08-29 [ 5981.734961] COEX: CTS2Self Trigger#:0
11:28:22.104 D/OpenGLRenderer(30296): Enabling debug mode 0
08-29 11:28[ 5981.745301] COEX: PS1 Trigger#:1
:22.107 D/onLayout(30296): mLeftPoint.x:[ 5981.751683] COEX: CFE Trigger#:3
0;mLeftPoint.y:34
08-29 11:28:22.107 D/onLayout(30296): mCenterPoint.x:[ 5981.761300] COEX: PS0 Trigger#:4
220;mCenterPoint.y:0
08-29 11:28:22.107 D/onLayout(30296): mRightPoint.[ 5981.770932] CoexLinkUpHandler, type:1, BW:1, ch:1, ctrl_ch:3, link stat:2
x:596;mRightPoin[ 5981.778703] CoexLinkUpHandler, BSSID:30:fc:68:bf:f7:89, Hash:1
t.y:34
08-29 11:28:22.109 D/CategorySqlHelper(30296): getAllAppData:541: close datebase.
08-29 11:28:22.110 D/LauncherView(30296): onLayout---
08-29 11:28:22.110 W/SurfaceView(30296): screen right or bottom value is invalid
08-29 11:28:22.110 D/BitCache(30296): @@@@@@===getBitmapInCache
08-29 11:28:22.111 D/AppsGridView(30296): getAllApp cost time : 147
08-29 11:28:22.111 D/AppsGridView(30296): loadIcon size 1: 7
08-29 11:28:22.111 D/AppsGridView(30296): loadIcon size 2: 5
08-29 11:28:22.112 D/b       (30431): run:-1: upgradech: newVersion=0 oldVersion=0
08-29 11:28:22.112 D/loadReplaceIcon(30296): iconName = icon_browser
08-29 11:28:22.112 D/loadReplaceIcon(30296): iconId = 2130837564
08-29 11:28:22.112 D/b       (30431): run:-1: upgradech:   The NewVersion is null...
08-29 11:28:22.126 D/SWUpgradeIntervalCheckService(30431): onCreate:-1: upgradech:ui: checkinterval : 18000000
08-29 11:28:22.151 D/BitCache(30296): @@@@@@===getBitmapInCache
08-29 11:28:22.159 D/loadReplaceIcon(30296): iconName = icon_mediacenter
08-29 11:28:22.159 D/loadReplaceIcon(30296): iconId = 2130837566
08-29 11:28:22.159 D/com.huawei.iptv.stb.myapps.view.LauncherView(30296): onFocusChanged(): onFocusChanged isFocus:true,preFocRect:null
08-29 11:28:22.170 D/LauncherView(30296): surfaceCreated
08-29 11:28:22.171 D/LauncherView(30296): new DrawThread
08-29 11:28:22.172 D/com.huawei.iptv.stb.myapps.view.LauncherView$DrawThread(30296): handleMessage(): DrawThread DRAW_MSG isFocused:true
08-29 11:28:22.172 D/LauncherView(30296): draw1 start
08-29 11:28:22.173 D/com.huawei.iptv.stb.myapps.view.LauncherView$1(30296): run(): refresh()
08-29 11:28:22.174 D/com.huawei.iptv.stb.myapps.view.LauncherView$1(30296): run(): refresh()
08-29 11:28:22.184 D/BitCache(30296): @@@@@@===getBitmapInCache
08-29 11:28:22.189 D/LAUNCHER(30296): msg.what  = 101  msg.arg1 = 100
08-29 11:28:22.197 D/LAUNCHER(30296): msg.what  = 101  msg.arg1 = 100
08-29 11:28:22.209 D/SWTaskManager(30395): run:139: run thread '/mnt/sdb/sdb1_1' 211
08-29 11:28:22.209 D/SWTaskManager(30395): createThread:265: create thread '/mnt/sdb/sdb1_1' current size '2' threadPool size 2 dead thread size 0
08-29 11:28:22.211 W/SWBasedataScanner(30395): doRun:57: ignore path
08-29 11:28:22.213 D/SWTaskManager(30395): createThread:265: create thread '/mnt/sdb/sdb1_2' current size '3' threadPool size 3 dead thread size 0
08-29 11:28:22.214 D/SWTaskManager(30395): run:139: run thread '/mnt/sdb/sdb1_2' 212
08-29 11:28:22.218 D/SWTaskManager(30395): createThread:265: create thread '/mnt/sdb/sdb1_3' current size '4' threadPool size 4 dead thread size 0
08-29 11:28:22.218 D/SWTaskManager(30395): run:139: run thread '/mnt/sdb/sdb1_3' 213
08-29 11:28:22.222 D/SWTaskManager(30395): createThread:265: create thread '/mnt/sdb/sdb1_4' current size '5' threadPool size 5 dead thread size 0
08-29 11:28:22.222 D/SWTaskManager(30395): run:139: run thread '/mnt/sdb/sdb1_4' 214
08-29 11:28:22.223 D/SWTaskManager(30395): run:139: run thread '/mnt/sdb/sdb1_5' 215
08-29 11:28:22.223 D/SWTaskManager(30395): createThread:265: create thread '/mnt/sdb/sdb1_5' current size '6' threadPool size 6 dead thread size 0
08-29 11:28:22.224 D/SWTaskManager(30395): run:139: run thread '/mnt/sdb/sdb1_6' 216
08-29 11:28:22.224 D/SWTaskManager(30395): createThread:265: create thread '/mnt/sdb/sdb1_6' current size '7' threadPool size 7 dead thread size 0
08-29 11:28:22.224 D/SWTaskManager(30395): run:139: run thread '/mnt/sdb/sdb1_7' 217
08-29 11:28:22.224 D/SWTaskManager(30395): createThread:265: create thread '/mnt/sdb/sdb1_7' current size '8' threadPool size 8 dead thread size 0
08-29 11:28:22.226 D/SWTaskManager(30395): createThread:265: create thread '/mnt/sdb/sdb1_8' current size '9' threadPool size 9 dead thread size 0
08-29 11:28:22.228 D/dalvikvm(30296): GC_FOR_ALLOC freed 1860K, 13% free 18623K/21200K, paused 24ms, total 24ms
08-29 11:28:22.229 D/SWTaskManager(30395): run:139: run thread '/mnt/sdb/sdb1_8' 218
08-29 11:28:22.229 D/SWTaskManager(30395): createThread:265: create thread '/mnt/sdb/sdb1_9' current size '10' threadPool size 10 dead thread size 0
08-29 11:28:22.232 D/SWTaskManager(30395): run:139: run thread '/mnt/sdb/sdb1_9' 219
08-29 11:28:22.235 D/SWTaskManager(30395): createThread:265: create thread '/mnt/sdb/sdb1_10' current s[ 5982.161741] 80211> CFG80211_OpsRekeyData
ize '11' threadPool size 11 dead thread size 0
08-29 11:28:22.238 D/SWTaskManager(30395): run:139: run thread '/mnt/sdb/sdb1_10' 220
08-29 11:28:22.238 I/dalvikvm-heap(30296): Grow heap (frag case) to 21.725MB for 3686416-byte allocation
08-29 11:28:22.239 D/SWTaskManager(30395): createThread:265: create thread '/mnt/sdb/sdb1_11' current size '12' threadPool size 12 dead thread size 0
08-29 11:28:22.239 D/SWTaskManager(30395): createThread:265: create thread '/mnt/sdb/sdb1_12' current size '13' threadPool size 13 dead thread size 0
08-29 11:28:22.241 D/SWTaskManager(30395): run:139: run thread '/mnt/sdb/sdb1_12' 222
08-29 11:28:22.241 D/SWTaskManager(30395): run:139: run thread '/mnt/sdb/sdb1_13' 223
08-29 11:28:22.241 D/SWTaskManager(30395): createThread:265: create thread '/mnt/sdb/sdb1_13' current size '14' threadPool size 14 dead thread size 0
08-29 11:28:22.242 D/SWTaskManager(30395): run:139: run thread '/mnt/sdb/sdb1_14' 224
08-29 11:28:22.242 D/SWTaskManager(30395): createThread:265: create thread '/mnt/sdb/sdb1_14' current size '15' threadPool size 15 dead thread size 0
08-29 11:28:22.246 D/SWTaskManager(30395): run:139: run thread '/mnt/sdb/sdb1_15' 225
08-29 11:28:22.246 D/SWTaskManager(30395): createThread:265: create thread '/mnt/sdb/sdb1_15' current size '16' threadPool size 16 dead thread size 0
08-29 11:28:22.247 D/SWTaskManager(30395): run:139: run thread '/mnt/sdb/sdb1_16' 226
08-29 11:28:22.247 D/SWTaskManager(30395): createThread:265: create thread '/mnt/sdb/sdb1_16' current size '17' threadPool size 17 dead thread size 0
08-29 11:28:22.248 D/SWTaskManager(30395): run:139: run thread '/mnt/sdb/sdb1_17' 227
08-29 11:28:22.248 D/SWTaskManager(30395): createThread:265: create thread '/mnt/sdb/sdb1_17' current size '18' threadPool size 18 dead thread size 0
08-29 11:28:22.250 D/SWTaskManager(30395): createThread:265: create thread '/mnt/sdb/sdb1_18' current size '19' threadPool size 19 dead thread size 0
08-29 11:28:22.251 D/SWTaskManager(30395): run:139: run thread '/mnt/sdb/sdb1_18' 228
08-29 11:28:22.252 D/SWTaskManager(30395): createThread:265: create thread '/mnt/sdb/sdb1_19' current size '20' threadPool size 20 dead thread size 0
08-29 11:28:22.253 D/SWTaskManager(30395): run:139: run thread '/mnt/sdb/sdb1_19' 229
08-29 11:28:22.253 D/SWTaskManager(30395): createThread:265: create thread '/mnt/sdb/sdb1_20' current size '21' threadPool size 21 dead thread size 0
08-29 11:28:22.254 D/SWTaskManager(30395): run:139: run thread '/mnt/sdb/sdb1_20' 230
08-29 11:28:22.257 D/SWTaskManager(30395): run:139: run thread '/mnt/sdb/sdb1_11' 221
08-29 11:28:22.268 D/dalvikvm(30296): GC_FOR_ALLOC freed <1K, 11% free 22223K/24804K, paused 29ms, total 29ms
08-29 11:28:22.273 D/LAUNCHER(30296): msg.what  = 101  msg.arg1 = 100
08-29 11:28:22.283 D/loadReplaceIcon(30296): iconName = icon_setting
08-29 11:28:22.284 D/loadReplaceIcon(30296): iconId = 2130837568
08-29 11:28:22.306 I/swshowmsg( 1456): [sw_check_userdata_proc:135]clearDataOperation:0
08-29 11:28:22.324 D/Tethering( 1984): MasterInitialState.processMessage what=3
08-29 11:28:22.335 D/CaptivePortalTracker( 1984): NoActiveNetworkSt[ 5982.441275] init: sys_prop: permission denied uid:1014  name:net.default.status
ate{ when=-11ms what=1 o[ 5982.450390] init: sys_prop: permission denied uid:1014  name:net.default.auth
: false target=com.android.internal.util.StateMachine$SmHandler }
08-29 11:28:22.335 D/CaptivePortalTracker( 1984): NoActiveNetworkState not a wifi connectivity change, ignore
08-29 11:28:22.354 D/loadReplaceIcon(30296): iconName = icon_iptv
08-29 11:28:22.354 D/loadReplaceIcon(30296): iconId = 2130837565
08-29 11:28:22.393 D/ASWMediaDevice(30395): sendEvent:581: sendEvent net.sunniwell.event.MEDIACENTER_DEVICE
08-29 11:28:22.421 D/AppsGridView(30296): loadIcon cost time 1: 309
08-29 11:28:22.424 D/BitCache(30296): @@@@@@===getBitmapInCache
08-29 11:28:22.425 D/BitCache(30296): @@@@@@===getBitmapInCache
08-29 11:28:22.444 D/BitCache(30296): @@@@@@===getBitmapInCache
08-29 11:28:22.467 D/ASWMediaDevice(30395): sendEvent:581: sendEvent net.sunniwell.event.MEDIACENTER_DEVICE
08-29 11:28:22.503 D/NtpEngine( 2373): start:145: ntp:start
08-29 11:28:22.524 D/MasterSlaveNtpTaskImpl( 2373): start:133: ntp:start
08-29 11:28:22.524 D/MasterSlaveNtpTaskImpl( 2373): run:72: ntp:ntpThread started
08-29 11:28:22.557 D/LauncherView(30296): draw1 end
08-29 11:28:22.557 D/com.huawei.iptv.stb.myapps.view.LauncherView$DrawThread(30296): handleMessage(): DrawThread DRAW_MSG isFocused:true
08-29 11:28:22.557 D/LauncherView(30296): draw1 start
08-29 11:28:22.631 D/HOME    (30296): onWindowFocusChanged
08-29 11:28:22.631 D/com.huawei.iptv.stb.myapps.view.LauncherView$1(30296): run(): refresh()
08-29 11:28:22.638 I/ActivityManager( 1984): Displayed com.huawei.launcher/.Home2: +1s690ms
08-29 11:28:22.660 D/LauncherView(30296): onLayout---
08-29 11:28:22.660 W/SurfaceView(30296): screen right or bottom value is invalid
d.os.Handler.dispatchMessage:102 
rvice$CheckHandler.handleMessage:341 
08-29 11:28:22.665 W/System.err( 2425): android.content.ActivityNotFoundException: No Activity found to handle Intent { act=net.sunniwell.action.SW_PRODUCT flg=0x10000000 (has extras) }
08-29 11:28:22.665 W/System.err( 2425): 	at android.app.Instrumentation.checkStartActivityResult(Instrumentation.java:1632)
08-29 11:28:22.665 I/ActivityManager( 1984): START u0 {act=net.sunniwell.action.SW_PRODUCT flg=0x10000000 (has extras)} from pid 2425
08-29 11:28:22.666 W/System.err( 2425): 	at android.app.Instrumentation.execStartActivity(Instrumentation.java:1424)
08-29 11:28:22.666 W/System.err( 2425): 	at android.app.ContextImpl.startActivity(ContextImpl.java:1138)
08-29 11:28:22.666 W/System.err( 2425): 	at android.app.ContextImpl.startActivity(ContextImpl.java:1120)
08-29 11:28:22.666 W/System.err( 2425): 	at android.content.ContextWrapper.startActivity(ContextWrapper.java:311)
08-29 11:28:22.667 W/System.err( 2425): 	at net.sunniwell.service.stb.producttest.ProductTestService$CheckHandler.startProductApp(ProductTestService.java:407)
08-29 11:28:22.667 W/System.err( 2425): 	at net.sunniwell.service.stb.producttest.ProductTestService$CheckHandler.handleMessage(ProductTestService.java:341)
08-29 11:28:22.667 W/System.err( 2425): 	at android.os.Handler.dispatchMessage(Handler.java:102)
08-29 11:28:22.668 W/System.err( 2425): 	at android.os.Looper.loop(Looper.java:136)
08-29 11:28:22.668 W/System.err( 2425): 	at android.os.HandlerThread.run(HandlerThread.java:61)
08-29 11:28:22.723 D/Tethering( 1984): MasterInitialState.processMessage what=3
ing: false, failover: false, isAvailable: true, isConnectedToProvisioningNetwork: false target=com.android.internal.util.StateMachine$SmHandler }
08-29 11:28:22.724 D/CaptivePortalTracker( 1984): NoActiveNetworkState not a wifi connectivity change, ignore
08-29 11:28:22.727 D/LauncherView(30296): draw1 end
08-29 11:28:22.727 D/com.huawei.iptv.stb.myapps.view.LauncherView$DrawThread(30296): handleMessage(): DrawThread DRAW_MSG isFocused:true
08-29 11:28:22.727 D/LauncherView(30296): draw1 start
Notification:450 android.net.EthernetDataTracker.access$1400:59 android.net.EthernetDataTracker$1.run:337 java.lang.Thread.run:841 
08-29 11:28:22.834 W/InputMethodManager(30296): Ignoring onBind: cur seq=731, given seq=729
08-29 11:28:22.920 D/AppsGridView(30296): loadIcon cost time 2: 499
08-29 11:28:22.921 D/com.huawei.iptv.stb.myapps.view.AnimGridView(30296): initViewWidthData(): focusPosition 1:2
08-29 11:28:22.939 D/ASWMediaDevice(30395): sendEvent:581: sendEvent net.sunniwell.event.MEDIACENTER_DEVICE
08-29 11:28:22.941 D/Tms     ( 2411): getParameterFormNative:-1: tms:get pname = acs_stun_NATDetected
08-29 11:28:22.941 D/k       ( 2411): b:-1: tms:get acs_stun_NATDetected
08-29 11:28:22.954 I/k       ( 2411): b:-1: tms:get name=acs_stun_NATDetected
08-29 11:28:22.954 I/Tms     ( 2411): getParameterFormNative:-1: tms:get acs_stun_NATDetected
08-29 11:28:22.954 D/Tms     ( 2411): setParameterFormNative:-1: tms:set acs_stun_NATDetected
08-29 11:28:22.954 I/k       ( 2411): a:-1: tms:set acs_stun_NATDetected
08-29 11:28:22.960 D/SWAPKSQLiteOpenHelper( 2411): setParameter:-1: primary key 'tms.acs_stun_NATDetected' no need to update.
08-29 11:28:22.960 D/CWMP (swtr069/src/cwmp_sqm_nat.c:1224)( 2411): handle_udp_data 1224 acs_stun_NATDetected
08-29[ 5983.013882] Rcv Wcid(1) AddBAReq
 11:28:22.960 F/[ 5983.018006] Start Seq = 00000002
SWLIBC:3250( 2411): 16 memcpy buffer error 0x4aabbb24 256 0x4a9169c4 -4 0
08-29 11:28:22.974 D/LauncherView(30296): draw1 end
08-29 11:28:22.986 D/com.huawei.iptv.stb.myapps.view.AnimGridView(30296): initViewWidthData(): focusPosition 2:2
08-29 11:28:22.987 D/com.huawei.iptv.stb.myapps.view.AnimGridView(30296): setFocusBounds(): focusPosition =2
08-29 11:28:22.992 D/BitCache(30296): @@@@@@===getBitmapInCache
08-29 11:28:23.010 D/dalvikvm(30296): GC_FOR_ALLOC freed 1127K, 6% free 23558K/24992K, paused 19ms, total 19ms
08-29 11:28:23.038 I/dalvikvm-heap(30296): Grow heap (frag case) to 30.939MB for 8294416-byte allocation
08-29 11:28:23.064 D/dalvikvm(30296): GC_FOR_ALLOC freed 39K, 5% free 31619K/33096K, paused 26ms, total 26ms
08-29 11:28:23.091 D/dalvikvm(30296): GC_CONCURRENT freed 6K, 5% free 31612K/33096K, paused 4ms+4ms, total 27ms
08-29 11:28:23.148 D/SWTaskManager(30395): createThread:265: create thread '/mnt/sdb/sdb1_21' current size '22' threadPool size 22 dead thread size 0
08-29 11:28:23.148 D/SWTaskManager(30395): run:139: run thread '/mnt/sdb/sdb1_21' 231
08-29 11:28:23.255 D/dalvikvm(30395): GC_CONCURRENT freed 690K, 19% free 3135K/3852K, paused 3ms+4ms, total 29ms
08-29 11:28:23.306 I/swshowmsg( 1456): [sw_check_userdata_proc:135]clearDataOperation:0
08-29 11:28:23.473 I/AOService( 1460): hdmi_observer  add@/devices/platform/hiusb-ehci.0/usb1/1-2/net/p2p0
08-29 11:28:23.473 I/AOService( 1460): hdmi_observer  add@/devices/platform/hiusb-ehci.0/usb1/1-2/net/p2p0/queues/rx-0
08-29 11:28:23.474 I/AOService( 1460): hdmi_observer  add@/devices/platform/hiusb-ehci.0/usb1/1-2/net/p2p0/queues/tx-0
08-29 11:28:23.475 D/EthernetDataTracker( 1984): checkInterfaceName is false
08-29 11:28:23.475 I/G3StateTracker( 1984): interfaceAdded(p2p0)
08-29 11:28:23.475 D/EthernetDataTracker( 1984): Interface p2p0 link down
08-29 11:28:23.475 D/G3StateTracker( 1984): 3g interfaceLinkStateChanged p2p0 link down
08-29 11:28:23.482 I/AOService( 1460): hdmi_observer  add@/devices/platform/hiusb-ehci.0/usb1/1-2/net/uap0
08-29 11:28:23.483 I/AOService( 1460): hdmi_observer  add@/devices/platform/hiusb-ehci.0/usb1/1-2/net/uap0/queues/rx-0
08-29 11:28:23.483 I/AOService( 1460): hdmi_observer  add@/devices/platform/hiusb-ehci.0/usb1/1-2/net/uap0/queues/tx-0
08-29 11:28:23.483 D/EthernetDataTracker( 1984): checkInterfaceName is false
08-29 11:28:23.484 I/G3StateTracker( 1984): interfaceAdded(uap0)
08-29 11:28:23.486 D/EthernetDataTracker( 1984): Interface uap0 link down
08-29 11:28:23.486 D/G3StateTracker( 1984): 3g interfaceLinkStateChanged uap0 link down
08-29 11:28:23.590 I/k       ( 2411): b:-1: tms:get name=lan_mask
08-29 11:28:23.590 I/Tms     ( 2411): getParameterFormNative:-1: tms:get lan_mask
08-29 11:28:23.591 D/Tms     ( 2411): getParameterFormNative:-1: tms:get pname = defaultnetmode
08-29 11:28:23.591 D/k       ( 2411): b:-1: tms:get defaultnetmode
08-29 11:28:23.594 D/EthernetDataTracker( 1984): Interface wlan0 link up
08-29 11:28:23.594 D/G3StateTracker( 1984): 3g interfaceLinkStateChanged wlan0 link up
08-29 11:28:23.595 D/EthernetDataTracker( 1984): Interface wlan0 link up
08-29 11:28:23.595 D/NetUtils( 1984): the ethernet interface eth0 is Running
08-29 11:28:23.595 D/G3StateTracker( 1984): 3g interfaceLinkStateChanged wlan0 link up
08-29 11:28:23.596 D/SWStatusbar( 2503): checkNetStatus:432: =====linkUp==true
08-29 11:28:23.596 D/EthernetDataTracker( 1984): Interface wlan0 link up
08-29 11:28:23.596 D/G3StateTracker( 1984): 3g interfaceLinkStateChanged wlan0 link up
08-29 11:28:23.596 D/Tethering( 1984): sendTetherStateChangedBroadcast 1, 0, 0
08-29 11:28:23.596 I/SWAndroidNetworkAddressFactory(30395): discoverNetworkInterfaces:101: Analyzing network interface: lo
08-29 11:28:23.597 D/NtpTrustedTime( 1984): auto_time is false
08-29 11:28:23.600 W/SWAndroidNetworkAddressFactory(30395): isUsableNetworkInterface:155: Skipping network interface (named '*virtual*'): lo
08-29 11:28:23.600 D/j       ( 2411): c:-1: connect is cut,but still can
08-29 11:28:23.601 I/wpa_supplicant(30396): nl80211: send_and_recv->nl_recvmsgs failed: -67
08-29 11:28:23.602 I/wpa_supplicant(30396): nl80211: send_and_recv->nl_recvmsgs failed: -67
08-29 11:28:23.602 I/wpa_supplicant(30396): nl80211: send_and_recv->nl_recvmsgs failed: -67
08-29 11:28:23.603 I/SWAndroidNetworkAddressFactory(30395): discoverNetworkInterfaces:110: Ignoring non-usable network interface: lo
08-29 11:28:23.603 D/j       ( 2411): a:-1: tms:isEthnetConnect=true
08-29 11:28:23.603 I/wpa_supplicant(30396): nl80211: send_and_recv->nl_recvmsgs failed: -67
08-29 11:28:23.604 I/wpa_supplicant(30396): nl80211: send_and_recv->nl_recvmsgs failed: -67
08-29 11:28:23.604 I/wpa_supplicant(30396): nl80211: send_and_recv->nl_recvmsgs failed: -67
08-29 11:28:23.606 I/SWAndroidNetworkAddressFactory(30395): discoverNetworkInterfaces:101: Analyzing network interface: eth0
08-29 11:28:23.613 D/SWAndroidNetworkAddressFactory(30395): isUsableNetworkInterface:175: FilterNetWork:false
08-29 11:28:23.615 D/j       ( 2411): c:-1: connect is cut,but still can
08-29 11:28:23.615 I/SWAndroidNetworkAddressFactory(30395): discoverNetworkInterfaces:104: Discovered usable network interface: eth0
08-29 11:28:23.618 D/SWStatusbar( 2503): isAccesaIntent:255: ==================eth0============
08-29 11:28:23.618 D/j       ( 2411): a:-1: tms:Ethernet mode is:static
08-29 11:28:23.619 I/k       ( 2411): b:-1: tms:get name=defaultnetmode
08-29 11:28:23.619 I/Tms     ( 2411): getParameterFormNative:-1: tms:get defaultnetmode
08-29 11:28:23.619 D/Tms     ( 2411): getParameterFormNative:-1: tms:get pname = lan_ip
08-29 11:28:23.619 I/SWAndroidNetworkAddressFactory(30395): discoverNetworkInterfaces:101: Analyzing network interface: wlan0
08-29 11:28:23.619 D/k       ( 2411): b:-1: tms:get lan_ip
08-29 11:28:23.620 I/k       ( 2411): b:-1: tms:get name=lan_ip
08-29 11:28:23.620 I/Tms     ( 2411): getParameterFormNative:-1: tms:get lan_ip
08-29 11:28:23.621 D/Tms     ( 2411): getParameterFormNative:-1: tms:get pname = acs_url
08-29 11:28:23.621 D/k       ( 2411): b:-1: tms:get acs_url
08-29 11:28:23.622 D/SWStatusbar( 2503): checkNetStatus:434: ==========isAccess_internet============true
08-29 11:28:23.623 D/SWStatusbar( 2503): checkNetStatus:437: ======checkNetStatus====IP exists=
08-29 11:28:23.627 I/Choreographer( 2503): Skipped 137 frames!  The application may be doing too much work on its main thread.
08-29 11:28:23.633 W/SWAndroidNetworkAddressFactory(30395): isUsableNetworkInterface:130: Skipping network interface without bound IP addresses: wlan0
08-29 11:28:23.636 I/SWAndroidNetworkAddressFactory(30395): discoverNetworkInterfaces:110: Ignoring non-usable network interface: wlan0
08-29 11:28:23.637 I/SWAndroidNetworkAddressFactory(30395): discoverNetworkInterfaces:101: Analyzing network interface: teql0
08-29 11:28:23.638 D/dalvikvm( 2786): GC_CONCURRENT freed 887K, 22% free 3281K/4196K, paused 7ms+4ms, total 45ms
08-29 11:28:23.639 W/SWAndroidNetworkAddressFactory(30395): isUsableNetworkInterface:124: Skipping network interface (down): teql0
08-29 11:28:23.641 I/SWAndroidNetworkAddressFactory(30395): discoverNetworkInterfaces:110: Ignoring non-usable network interface: teql0
08-29 11:28:23.645 D/SWStatusbar( 2503): onStartCommand:376: ======isShow==1
08-29 11:28:23.645 I/k       ( 2411): b:-1: tms:get name=acs_url
08-29 11:28:23.646 I/Tms     ( 2411): getParameterFormNative:-1: tms:get acs_url
08-29 11:28:23.646 D/NetUtils( 1984): the ethernet interface eth0 is Running
08-29 11:28:23.646 D/Tms     ( 2411): getParameterFormNative:-1: tms:get pname = defaultnetmode
08-29 11:28:23.646 D/k       ( 2411): b:-1: tms:get defaultnetmode
08-29 11:28:23.647 D/NtpTrustedTime( 1984): auto_time is false
08-29 11:28:23.647 D/SWStatusbar( 2503): checkNetStatus:432: =====linkUp==true
08-29 11:28:23.649 D/SWStatusbar( 2503): isAccesaIntent:255: ==================eth0============
08-29 11:28:23.651 I/wpa_supplicant(30396): rfkill: Cannot open RFKILL control device
08-29 11:28:23.652 D/SWStatusbar( 2503): checkNetStatus:434: ==========isAccess_internet============true
08-29 11:28:23.652 D/SWStatusbar( 2503): checkNetStatus:437: ======checkNetStatus====IP exists=
08-29 11:28:23.652 I/MulticastReceiver(30395): Creating wildcard socket (for receiving multicast datagrams) on port: 1900
08-29 11:28:23.652 D/j       ( 2411): c:-1: connect is cut,but still can
08-29 11:28:23.652 I/MulticastReceiver(30395): Joining multicast group: /239.255.255.250:1900 on network interface: eth0
08-29 11:28:23.660 D/j       ( 2411): a:-1: tms:isEthnetConnect=true
08-29 11:28:23.661 D/SWStatusbar( 2503): addNotification:496: ... addNotification ...
08-29 11:28:23.661 D/SWStatusbar( 2503): addNotification:503: notification text = The Wired network connected
0 kind=[null])
08-29 11:28:23.664 D/j       ( 2411): c:-1: connect is cut,but still can
08-29 11:28:23.666 D/j       ( 2411): a:-1: tms:Ethernet mode is:static
08-29 11:28:23.666 I/k       ( 2411): b:-1: tms:get name=defaultnetmode
08-29 11:28:23.666 I/Tms     ( 2411): getParameterFormNative:-1: tms:get defaultnetmode
08-29 11:28:23.667 D/Tms     ( 2411): getParameterFormNative:-1: tms:get pname = lan_ip
08-29 11:28:23.667 D/k       ( 2411): b:-1: tms:get lan_ip
08-29 11:28:23.667 I/k       ( 2411): b:-1: tms:get name=lan_ip
08-29 11:28:23.667 I/Tms     ( 2411): getParameterFormNative:-1: tms:get lan_ip
08-29 11:28:23.670 D/EthernetDataTracker( 1984): Interface p2p0 link up
08-29 11:28:23.670 D/G3StateTracker( 1984): 3g interfaceLinkStateChanged p2p0 link up
08-29 11:28:23.670 D/EthernetDataTracker( 1984): Interface p2p0 link up
08-29 11:28:23.670 D/G3StateTracker( 1984): 3g interfaceLinkStateChanged p2p0 link up
08-29 11:28:23.672 D/Tms     ( 2411): getParameterFormNative:-1: tms:get pname = app_version
08-29 11:28:23.672 D/k       ( 2411): b:-1: tms:get app_version
08-29 11:28:23.672 I/k       ( 2411): b:-1: tms:get name=app_version
08-29 11:28:23.673 I/Tms     ( 2411): getParameterFormNative:-1: tms:get app_version
08-29 11:28:23.673 D/Tms     ( 2411): getParameterFormNative:-1: tms:get pname = hardware_version
08-29 11:28:23.673 D/k       ( 2411): b:-1: tms:get hardware_version
08-29 11:28:23.673 I/wpa_supplicant(30396): nl80211: send_and_recv->nl_recvmsgs failed: -67
08-29 11:28:23.673 I/wpa_supplicant(30396): nl80211: send_and_recv->nl_recvmsgs failed: -67
08-29 11:28:23.673 I/k       ( 2411): b:-1: tms:get name=hardware_version
08-29 11:28:23.673 I/wpa_supplicant(30396): nl80211: send_and_recv->nl_recvmsgs failed: -67
08-29 11:28:23.673 I/wpa_supplicant(30396): nl80211: send_and_recv->nl_recvmsgs failed: -67
08-29 11:28:23.673 I/Tms     ( 2411): getParameterFormNative:-1: tms:get hardware_version
08-29 11:28:23.674 I/wpa_supplicant(30396): nl80211: send_and_recv->nl_recvmsgs failed: -67
08-29 11:28:23.674 I/wpa_supplicant(30396): nl80211: send_and_recv->nl_recvmsgs failed: -67
08-29 11:28:23.674 D/Tms     ( 2411): getParameterFormNative:-1: tms:get pname = hardware_version
08-29 11:28:23.674 D/k       ( 2411): b:-1: tms:get hardware_version
08-29 11:28:23.674 I/k       ( 2411): b:-1: tms:get name=hardware_version
08-29 11:28:23.674 I/Tms     ( 2411): getParameterFormNative:-1: tms:get hardware_version
08-29 11:28:23.675 D/Tms     ( 2411): getParameterFormNative:-1: tms:get pname = hardware_version
08-29 11:28:23.675 D/k       ( 2411): b:-1: tms:get hardware_version
08-29 11:28:23.675 I/k       ( 2411): b:-1: tms:get name=hardware_version
08-29 11:28:23.675 I/Tms     ( 2411): getParameterFormNative:-1: tms:get hardware_version
08-29 11:28:23.676 D/Tms     ( 2411): getParameterFormNative:-1: tms:get pname = defaultnetmode
08-29 11:28:23.676 D/k       ( 2411): b:-1: tms:get defaultnetmode
08-29 11:28:23.681 D/j       ( 2411): c:-1: connect is cut,but still can
08-29 11:28:23.682 D/j       ( 2411): a:-1: tms:isEthnetConnect=true
08-29 11:28:23.686 D/j       ( 2411): c:-1: connect is cut,but still can
08-29 11:28:23.687 D/j       ( 2411): a:-1: tms:Ethernet mode is:static
08-29 11:28:23.688 I/k       ( 2411): b:-1: tms:get name=defaultnetmode
08-29 11:28:23.688 I/Tms     ( 2411): getParameterFormNative:-1: tms:get defaultnetmode
08-29 11:28:23.688 D/Tms     ( 2411): getParameterFormNative:-1: tms:get pname = lan_gateway
08-29 11:28:23.688 D/k       ( 2411): b:-1: tms:get lan_gateway
08-29 11:28:23.688 D/j       ( 2411): b:-1: stbmonitor: ifname: eth0
08-29 11:28:23.689 I/k       ( 2411): b:-1: tms:get name=lan_gateway
08-29 11:28:23.689 I/Tms     ( 2411): getParameterFormNative:-1: tms:get lan_gateway
08-29 11:28:23.689 D/Tms     ( 2411): getParameterFormNative:-1: tms:get pname = defaultnetmode
08-29 11:28:23.690 D/k       ( 2411): b:-1: tms:get defaultnetmode
08-29 11:28:23.693 D/j       ( 2411): c:-1: connect is cut,but still can
08-29 11:28:23.694 D/j       ( 2411): a:-1: tms:isEthnetConnect=true
08-29 11:28:23.702 W/System.err(30395): log4j:WARN No appenders could be found for logger (org.eclipse.jetty.util.log).
08-29 11:28:23.702 W/System.err(30395): log4j:WARN Please initialize the log4j system properly.
08-29 11:28:23.703 W/System.err(30395): log4j:WARN See http://logging.apache.org/log4j/1.2/faq.html#noconfig for more info.
08-29 11:28:23.705 D/j       ( 2411): c:-1: connect is cut,but still can
08-29 11:28:23.709 D/j       ( 2411): a:-1: tms:Ethernet mode is:static
08-29 11:28:23.709 I/k       ( 2411): b:-1: tms:get name=defaultnetmode
08-29 11:28:23.710 D/HiRMService( 2399): mNetReceiver onReceive --android.net.wifi.WIFI_STATE_CHANGED
08-29 11:28:23.710 D/a       ( 3056): onReceive:-1: action==android.net.wifi.WIFI_STATE_CHANGED
08-29 11:28:23.711 I/WifiReceiver(30296): wifi action === android.net.wifi.WIFI_STATE_CHANGED
08-29 11:28:23.711 D/WifiConfigStore( 1984): Loading config and enabling all networks
08-29 11:28:23.713 I/Tms     ( 2411): getParameterFormNative:-1: tms:get defaultnetmode
08-29 11:28:23.713 D/Tms     ( 2411): getParameterFormNative:-1: tms:get pname = lan_dns
08-29 11:28:23.713 D/k       ( 2411): b:-1: tms:get lan_dns
08-29 11:28:23.714 D/LAUNCHER(30296): msg.what  = 102  msg.arg1 = 0
